Archive member included to satisfy reference by file (symbol)

../swag_bsp/\libhal_bsp.a(alt_getchar.o)
                              obj/default/hello_world_small.o (alt_getchar)
../swag_bsp/\libhal_bsp.a(alt_load.o)
                              ../swag_bsp//obj/HAL/src/crt0.o (alt_load)
../swag_bsp/\libhal_bsp.a(alt_main.o)
                              ../swag_bsp//obj/HAL/src/crt0.o (alt_main)
../swag_bsp/\libhal_bsp.a(alt_printf.o)
                              obj/default/hello_world_small.o (alt_printf)
../swag_bsp/\libhal_bsp.a(alt_putchar.o)
                              ../swag_bsp/\libhal_bsp.a(alt_printf.o) (alt_putchar)
../swag_bsp/\libhal_bsp.a(alt_putstr.o)
                              obj/default/hello_world_small.o (alt_putstr)
../swag_bsp/\libhal_bsp.a(alt_sys_init.o)
                              ../swag_bsp/\libhal_bsp.a(alt_main.o) (alt_irq_init)
../swag_bsp/\libhal_bsp.a(altera_avalon_jtag_uart_read.o)
                              ../swag_bsp/\libhal_bsp.a(alt_getchar.o) (altera_avalon_jtag_uart_read)
../swag_bsp/\libhal_bsp.a(altera_avalon_jtag_uart_write.o)
                              ../swag_bsp/\libhal_bsp.a(alt_putchar.o) (altera_avalon_jtag_uart_write)
../swag_bsp/\libhal_bsp.a(alt_dcache_flush_all.o)
                              ../swag_bsp/\libhal_bsp.a(alt_load.o) (alt_dcache_flush_all)
../swag_bsp/\libhal_bsp.a(alt_dev.o)
                              ../swag_bsp/\libhal_bsp.a(alt_getchar.o) (alt_fd_list)
../swag_bsp/\libhal_bsp.a(alt_icache_flush_all.o)
                              ../swag_bsp/\libhal_bsp.a(alt_load.o) (alt_icache_flush_all)
../swag_bsp/\libhal_bsp.a(altera_nios2_qsys_irq.o)
                              ../swag_bsp/\libhal_bsp.a(alt_sys_init.o) (altera_nios2_qsys_irq_init)
c:/altera/16.0/nios2eds/bin/gnu/h-x86_64-mingw32/bin/../lib/gcc/nios2-elf/5.2.0/../../../../../H-x86_64-mingw32/nios2-elf/lib/mno-hw-mul\libsmallc.a(lib_a-strlen.o)
                              ../swag_bsp/\libhal_bsp.a(alt_putstr.o) (strlen)

Memory Configuration

Name             Origin             Length             Attributes
reset            0x0000000000000000 0x0000000000000020
onchip_memory    0x0000000000000020 0x0000000000007fe0
*default*        0x0000000000000000 0xffffffffffffffff

Linker script and memory map

LOAD ../swag_bsp//obj/HAL/src/crt0.o
LOAD obj/default/hello_world_small.o
LOAD c:/altera/16.0/nios2eds/bin/gnu/h-x86_64-mingw32/bin/../lib/gcc/nios2-elf/5.2.0/../../../../../H-x86_64-mingw32/nios2-elf/lib/mno-hw-mul\libstdc++.a
LOAD c:/altera/16.0/nios2eds/bin/gnu/h-x86_64-mingw32/bin/../lib/gcc/nios2-elf/5.2.0/../../../../../H-x86_64-mingw32/nios2-elf/lib/mno-hw-mul\libm.a
LOAD c:/altera/16.0/nios2eds/bin/gnu/h-x86_64-mingw32/bin/../lib/gcc/nios2-elf/5.2.0/mno-hw-mul\libgcc.a
START GROUP
LOAD c:/altera/16.0/nios2eds/bin/gnu/h-x86_64-mingw32/bin/../lib/gcc/nios2-elf/5.2.0/../../../../../H-x86_64-mingw32/nios2-elf/lib/mno-hw-mul\libsmallc.a
LOAD c:/altera/16.0/nios2eds/bin/gnu/h-x86_64-mingw32/bin/../lib/gcc/nios2-elf/5.2.0/mno-hw-mul\libgcc.a
LOAD ../swag_bsp/\libhal_bsp.a
LOAD c:/altera/16.0/nios2eds/bin/gnu/h-x86_64-mingw32/bin/../lib/gcc/nios2-elf/5.2.0/../../../../../H-x86_64-mingw32/nios2-elf/lib/mno-hw-mul\libm.a
END GROUP
LOAD c:/altera/16.0/nios2eds/bin/gnu/h-x86_64-mingw32/bin/../lib/gcc/nios2-elf/5.2.0/mno-hw-mul\libgcc.a
                0x0000000000000000                __alt_mem_onchip_memory = 0x0

.entry          0x0000000000000000       0x20
 *(.entry)
 .entry         0x0000000000000000       0x20 ../swag_bsp//obj/HAL/src/crt0.o
                0x0000000000000000                __reset
                0x000000000000000c                _exit

.exceptions     0x0000000000000020        0x0
                0x0000000000000020                PROVIDE (__ram_exceptions_start, ABSOLUTE (.))
                0x0000000000000020                . = ALIGN (0x20)
 *(.irq)
 *(.exceptions.entry.label)
 *(.exceptions.entry.user)
 *(.exceptions.entry.ecc_fatal)
 *(.exceptions.entry)
 *(.exceptions.irqtest.user)
 *(.exceptions.irqtest)
 *(.exceptions.irqhandler.user)
 *(.exceptions.irqhandler)
 *(.exceptions.irqreturn.user)
 *(.exceptions.irqreturn)
 *(.exceptions.notirq.label)
 *(.exceptions.notirq.user)
 *(.exceptions.notirq)
 *(.exceptions.soft.user)
 *(.exceptions.soft)
 *(.exceptions.unknown.user)
 *(.exceptions.unknown)
 *(.exceptions.exit.label)
 *(.exceptions.exit.user)
 *(.exceptions.exit)
 *(.exceptions)
                0x0000000000000020                PROVIDE (__ram_exceptions_end, ABSOLUTE (.))
                0x0000000000000020                PROVIDE (__flash_exceptions_start, LOADADDR (.exceptions))

.text           0x0000000000000020      0x700
                [!provide]                        PROVIDE (stext, ABSOLUTE (.))
 *(.interp)
 *(.hash)
 *(.dynsym)
 *(.dynstr)
 *(.gnu.version)
 *(.gnu.version_d)
 *(.gnu.version_r)
 *(.rel.init)
 *(.rela.init)
 *(.rel.text .rel.text.* .rel.gnu.linkonce.t.*)
 *(.rela.text .rela.text.* .rela.gnu.linkonce.t.*)
 *(.rel.fini)
 *(.rela.fini)
 *(.rel.rodata .rel.rodata.* .rel.gnu.linkonce.r.*)
 *(.rela.rodata .rela.rodata.* .rela.gnu.linkonce.r.*)
 *(.rel.data .rel.data.* .rel.gnu.linkonce.d.*)
 *(.rela.data .rela.data.* .rela.gnu.linkonce.d.*)
 *(.rel.tdata .rel.tdata.* .rel.gnu.linkonce.td.*)
 *(.rela.tdata .rela.tdata.* .rela.gnu.linkonce.td.*)
 *(.rel.tbss .rel.tbss.* .rel.gnu.linkonce.tb.*)
 *(.rela.tbss .rela.tbss.* .rela.gnu.linkonce.tb.*)
 *(.rel.ctors)
 *(.rela.ctors)
 *(.rel.dtors)
 *(.rela.dtors)
 *(.rel.got)
 *(.rela.got)
 *(.rel.sdata .rel.sdata.* .rel.gnu.linkonce.s.*)
 *(.rela.sdata .rela.sdata.* .rela.gnu.linkonce.s.*)
 *(.rel.sbss .rel.sbss.* .rel.gnu.linkonce.sb.*)
 *(.rela.sbss .rela.sbss.* .rela.gnu.linkonce.sb.*)
 *(.rel.sdata2 .rel.sdata2.* .rel.gnu.linkonce.s2.*)
 *(.rela.sdata2 .rela.sdata2.* .rela.gnu.linkonce.s2.*)
 *(.rel.sbss2 .rel.sbss2.* .rel.gnu.linkonce.sb2.*)
 *(.rela.sbss2 .rela.sbss2.* .rela.gnu.linkonce.sb2.*)
 *(.rel.bss .rel.bss.* .rel.gnu.linkonce.b.*)
 *(.rela.bss .rela.bss.* .rela.gnu.linkonce.b.*)
 *(.rel.plt)
 *(.rela.plt)
 *(.rel.dyn)
 *(.init)
 *(.plt)
 *(.text .stub .text.* .gnu.linkonce.t.*)
 .text          0x0000000000000020       0x3c ../swag_bsp//obj/HAL/src/crt0.o
                0x0000000000000020                _start
 .text          0x000000000000005c        0x0 obj/default/hello_world_small.o
 .text.startup  0x000000000000005c      0x29c obj/default/hello_world_small.o
                0x000000000000005c                main
 .text          0x00000000000002f8       0x44 ../swag_bsp/\libhal_bsp.a(alt_getchar.o)
                0x00000000000002f8                alt_getchar
 .text          0x000000000000033c       0xe0 ../swag_bsp/\libhal_bsp.a(alt_load.o)
                0x000000000000033c                alt_load
 .text          0x000000000000041c       0x2c ../swag_bsp/\libhal_bsp.a(alt_main.o)
                0x000000000000041c                alt_main
 .text          0x0000000000000448      0x170 ../swag_bsp/\libhal_bsp.a(alt_printf.o)
                0x0000000000000448                alt_printf
 .text          0x00000000000005b8       0x48 ../swag_bsp/\libhal_bsp.a(alt_putchar.o)
                0x00000000000005b8                alt_putchar
 .text          0x0000000000000600       0x38 ../swag_bsp/\libhal_bsp.a(alt_putstr.o)
                0x0000000000000600                alt_putstr
 .text          0x0000000000000638       0x24 ../swag_bsp/\libhal_bsp.a(alt_sys_init.o)
                0x0000000000000638                alt_irq_init
                0x0000000000000658                alt_sys_init
 .text          0x000000000000065c       0x5c ../swag_bsp/\libhal_bsp.a(altera_avalon_jtag_uart_read.o)
                0x000000000000065c                altera_avalon_jtag_uart_read
 .text          0x00000000000006b8       0x34 ../swag_bsp/\libhal_bsp.a(altera_avalon_jtag_uart_write.o)
                0x00000000000006b8                altera_avalon_jtag_uart_write
 .text          0x00000000000006ec        0x4 ../swag_bsp/\libhal_bsp.a(alt_dcache_flush_all.o)
                0x00000000000006ec                alt_dcache_flush_all
 .text          0x00000000000006f0        0x8 ../swag_bsp/\libhal_bsp.a(alt_dev.o)
 .text          0x00000000000006f8        0x4 ../swag_bsp/\libhal_bsp.a(alt_icache_flush_all.o)
                0x00000000000006f8                alt_icache_flush_all
 .text          0x00000000000006fc        0x8 ../swag_bsp/\libhal_bsp.a(altera_nios2_qsys_irq.o)
                0x00000000000006fc                altera_nios2_qsys_irq_init
 .text          0x0000000000000704        0x0 c:/altera/16.0/nios2eds/bin/gnu/h-x86_64-mingw32/bin/../lib/gcc/nios2-elf/5.2.0/../../../../../H-x86_64-mingw32/nios2-elf/lib/mno-hw-mul\libsmallc.a(lib_a-strlen.o)
 .text.strlen   0x0000000000000704       0x1c c:/altera/16.0/nios2eds/bin/gnu/h-x86_64-mingw32/bin/../lib/gcc/nios2-elf/5.2.0/../../../../../H-x86_64-mingw32/nios2-elf/lib/mno-hw-mul\libsmallc.a(lib_a-strlen.o)
                0x0000000000000704                strlen
 *(.gnu.warning.*)
 *(.fini)
                [!provide]                        PROVIDE (__etext, ABSOLUTE (.))
                [!provide]                        PROVIDE (_etext, ABSOLUTE (.))
                [!provide]                        PROVIDE (etext, ABSOLUTE (.))
 *(.eh_frame_hdr)
                0x0000000000000720                . = ALIGN (0x4)
                [!provide]                        PROVIDE (__preinit_array_start, ABSOLUTE (.))
 *(.preinit_array)
                [!provide]                        PROVIDE (__preinit_array_end, ABSOLUTE (.))
                [!provide]                        PROVIDE (__init_array_start, ABSOLUTE (.))
 *(.init_array)
                [!provide]                        PROVIDE (__init_array_end, ABSOLUTE (.))
                [!provide]                        PROVIDE (__fini_array_start, ABSOLUTE (.))
 *(.fini_array)
                [!provide]                        PROVIDE (__fini_array_end, ABSOLUTE (.))
 *(.eh_frame)
 *(.gcc_except_table .gcc_except_table.*)
 *(.dynamic)
                [!provide]                        PROVIDE (__CTOR_LIST__, ABSOLUTE (.))
 *(.ctors)
 *(SORT(.ctors.*))
                [!provide]                        PROVIDE (__CTOR_END__, ABSOLUTE (.))
                [!provide]                        PROVIDE (__DTOR_LIST__, ABSOLUTE (.))
 *(.dtors)
 *(SORT(.dtors.*))
                [!provide]                        PROVIDE (__DTOR_END__, ABSOLUTE (.))
 *(.jcr)
                0x0000000000000720                . = ALIGN (0x4)

.rodata         0x0000000000000720      0x1e0
                0x0000000000000720                PROVIDE (__ram_rodata_start, ABSOLUTE (.))
                0x0000000000000720                . = ALIGN (0x4)
 *(.rodata .rodata.* .gnu.linkonce.r.*)
 .rodata.str1.4
                0x0000000000000720      0x1d3 obj/default/hello_world_small.o
 *fill*         0x00000000000008f3        0x1 
 .rodata.str1.4
                0x00000000000008f4        0xc ../swag_bsp/\libhal_bsp.a(alt_dev.o)
                                          0xa (size before relaxing)
 *(.rodata1)
                0x0000000000000900                . = ALIGN (0x4)
                0x0000000000000900                PROVIDE (__ram_rodata_end, ABSOLUTE (.))
                0x0000000000000720                PROVIDE (__flash_rodata_start, LOADADDR (.rodata))

.rwdata         0x0000000000000900       0x70 load address 0x0000000000000970
                0x0000000000000900                PROVIDE (__ram_rwdata_start, ABSOLUTE (.))
                0x0000000000000900                . = ALIGN (0x4)
 *(.got.plt)
 *(.got)
 *(.data1)
 *(.data .data.* .gnu.linkonce.d.*)
 .data          0x0000000000000900        0x0 ../swag_bsp//obj/HAL/src/crt0.o
 .data          0x0000000000000900        0x0 obj/default/hello_world_small.o
 .data          0x0000000000000900        0x0 ../swag_bsp/\libhal_bsp.a(alt_getchar.o)
 .data          0x0000000000000900        0x0 ../swag_bsp/\libhal_bsp.a(alt_load.o)
 .data          0x0000000000000900        0x0 ../swag_bsp/\libhal_bsp.a(alt_main.o)
 .data          0x0000000000000900        0x0 ../swag_bsp/\libhal_bsp.a(alt_printf.o)
 .data          0x0000000000000900        0x0 ../swag_bsp/\libhal_bsp.a(alt_putchar.o)
 .data          0x0000000000000900        0x0 ../swag_bsp/\libhal_bsp.a(alt_putstr.o)
 .data          0x0000000000000900        0x0 ../swag_bsp/\libhal_bsp.a(alt_sys_init.o)
 .data          0x0000000000000900        0x0 ../swag_bsp/\libhal_bsp.a(altera_avalon_jtag_uart_read.o)
 .data          0x0000000000000900        0x0 ../swag_bsp/\libhal_bsp.a(altera_avalon_jtag_uart_write.o)
 .data          0x0000000000000900        0x0 ../swag_bsp/\libhal_bsp.a(alt_dcache_flush_all.o)
 .data          0x0000000000000900       0x58 ../swag_bsp/\libhal_bsp.a(alt_dev.o)
                0x0000000000000900                alt_fd_list
                0x0000000000000930                alt_dev_null
 .data          0x0000000000000958        0x0 ../swag_bsp/\libhal_bsp.a(alt_icache_flush_all.o)
 .data          0x0000000000000958        0x0 ../swag_bsp/\libhal_bsp.a(altera_nios2_qsys_irq.o)
 .data          0x0000000000000958        0x0 c:/altera/16.0/nios2eds/bin/gnu/h-x86_64-mingw32/bin/../lib/gcc/nios2-elf/5.2.0/../../../../../H-x86_64-mingw32/nios2-elf/lib/mno-hw-mul\libsmallc.a(lib_a-strlen.o)
                0x0000000000008958                _gp = ABSOLUTE ((. + 0x8000))
                [!provide]                        PROVIDE (gp, _gp)
 *(.rwdata .rwdata.*)
 *(.sdata .sdata.* .gnu.linkonce.s.*)
 .sdata         0x0000000000000958        0x4 ../swag_bsp/\libhal_bsp.a(alt_sys_init.o)
                0x0000000000000958                jtag_uart
 .sdata         0x000000000000095c       0x14 ../swag_bsp/\libhal_bsp.a(alt_dev.o)
                0x000000000000095c                alt_max_fd
                0x0000000000000960                alt_dev_list
                0x0000000000000968                alt_fs_list
 *(.sdata2 .sdata2.* .gnu.linkonce.s2.*)
                0x0000000000000970                . = ALIGN (0x4)
                0x0000000000000970                _edata = ABSOLUTE (.)
                [!provide]                        PROVIDE (edata, ABSOLUTE (.))
                0x0000000000000970                PROVIDE (__ram_rwdata_end, ABSOLUTE (.))
                0x0000000000000970                PROVIDE (__flash_rwdata_start, LOADADDR (.rwdata))

.bss            0x00000000000009e0        0xc
                0x00000000000009e0                __bss_start = ABSOLUTE (.)
                [!provide]                        PROVIDE (__sbss_start, ABSOLUTE (.))
                [!provide]                        PROVIDE (___sbss_start, ABSOLUTE (.))
 *(.dynsbss)
 *(.sbss .sbss.* .gnu.linkonce.sb.*)
 .sbss          0x00000000000009e0        0xc ../swag_bsp/\libhal_bsp.a(alt_main.o)
                0x00000000000009e0                alt_envp
                0x00000000000009e4                alt_argv
                0x00000000000009e8                alt_argc
 *(.sbss2 .sbss2.* .gnu.linkonce.sb2.*)
 *(.scommon)
                [!provide]                        PROVIDE (__sbss_end, ABSOLUTE (.))
                [!provide]                        PROVIDE (___sbss_end, ABSOLUTE (.))
 *(.dynbss)
 *(.bss .bss.* .gnu.linkonce.b.*)
 .bss           0x00000000000009ec        0x0 ../swag_bsp//obj/HAL/src/crt0.o
 .bss           0x00000000000009ec        0x0 obj/default/hello_world_small.o
 .bss           0x00000000000009ec        0x0 ../swag_bsp/\libhal_bsp.a(alt_getchar.o)
 .bss           0x00000000000009ec        0x0 ../swag_bsp/\libhal_bsp.a(alt_load.o)
 .bss           0x00000000000009ec        0x0 ../swag_bsp/\libhal_bsp.a(alt_main.o)
 .bss           0x00000000000009ec        0x0 ../swag_bsp/\libhal_bsp.a(alt_printf.o)
 .bss           0x00000000000009ec        0x0 ../swag_bsp/\libhal_bsp.a(alt_putchar.o)
 .bss           0x00000000000009ec        0x0 ../swag_bsp/\libhal_bsp.a(alt_putstr.o)
 .bss           0x00000000000009ec        0x0 ../swag_bsp/\libhal_bsp.a(alt_sys_init.o)
 .bss           0x00000000000009ec        0x0 ../swag_bsp/\libhal_bsp.a(altera_avalon_jtag_uart_read.o)
 .bss           0x00000000000009ec        0x0 ../swag_bsp/\libhal_bsp.a(altera_avalon_jtag_uart_write.o)
 .bss           0x00000000000009ec        0x0 ../swag_bsp/\libhal_bsp.a(alt_dcache_flush_all.o)
 .bss           0x00000000000009ec        0x0 ../swag_bsp/\libhal_bsp.a(alt_dev.o)
 .bss           0x00000000000009ec        0x0 ../swag_bsp/\libhal_bsp.a(alt_icache_flush_all.o)
 .bss           0x00000000000009ec        0x0 ../swag_bsp/\libhal_bsp.a(altera_nios2_qsys_irq.o)
 .bss           0x00000000000009ec        0x0 c:/altera/16.0/nios2eds/bin/gnu/h-x86_64-mingw32/bin/../lib/gcc/nios2-elf/5.2.0/../../../../../H-x86_64-mingw32/nios2-elf/lib/mno-hw-mul\libsmallc.a(lib_a-strlen.o)
 *(COMMON)
                0x00000000000009ec                . = ALIGN (0x4)
                0x00000000000009ec                __bss_end = ABSOLUTE (.)

.onchip_memory  0x00000000000009ec        0x0
                [!provide]                        PROVIDE (_alt_partition_onchip_memory_start, ABSOLUTE (.))
 *(.onchip_memory .onchip_memory. onchip_memory.*)
                0x00000000000009ec                . = ALIGN (0x4)
                [!provide]                        PROVIDE (_alt_partition_onchip_memory_end, ABSOLUTE (.))
                0x00000000000009ec                _end = ABSOLUTE (.)
                0x00000000000009ec                end = ABSOLUTE (.)
                0x00000000000009ec                __alt_stack_base = ABSOLUTE (.)
                [!provide]                        PROVIDE (_alt_partition_onchip_memory_load_addr, LOADADDR (.onchip_memory))

.stab
 *(.stab)

.stabstr
 *(.stabstr)

.stab.excl
 *(.stab.excl)

.stab.exclstr
 *(.stab.exclstr)

.stab.index
 *(.stab.index)

.stab.indexstr
 *(.stab.indexstr)

.comment        0x0000000000000000       0x23
 *(.comment)
 .comment       0x0000000000000000       0x23 obj/default/hello_world_small.o
                                         0x24 (size before relaxing)
 .comment       0x0000000000000023       0x24 ../swag_bsp/\libhal_bsp.a(alt_getchar.o)
 .comment       0x0000000000000023       0x24 ../swag_bsp/\libhal_bsp.a(alt_load.o)
 .comment       0x0000000000000023       0x24 ../swag_bsp/\libhal_bsp.a(alt_main.o)
 .comment       0x0000000000000023       0x24 ../swag_bsp/\libhal_bsp.a(alt_printf.o)
 .comment       0x0000000000000023       0x24 ../swag_bsp/\libhal_bsp.a(alt_putchar.o)
 .comment       0x0000000000000023       0x24 ../swag_bsp/\libhal_bsp.a(alt_putstr.o)
 .comment       0x0000000000000023       0x24 ../swag_bsp/\libhal_bsp.a(alt_sys_init.o)
 .comment       0x0000000000000023       0x24 ../swag_bsp/\libhal_bsp.a(altera_avalon_jtag_uart_read.o)
 .comment       0x0000000000000023       0x24 ../swag_bsp/\libhal_bsp.a(altera_avalon_jtag_uart_write.o)
 .comment       0x0000000000000023       0x24 ../swag_bsp/\libhal_bsp.a(alt_dcache_flush_all.o)
 .comment       0x0000000000000023       0x24 ../swag_bsp/\libhal_bsp.a(alt_dev.o)
 .comment       0x0000000000000023       0x24 ../swag_bsp/\libhal_bsp.a(alt_icache_flush_all.o)
 .comment       0x0000000000000023       0x24 ../swag_bsp/\libhal_bsp.a(altera_nios2_qsys_irq.o)
 .comment       0x0000000000000023       0x24 c:/altera/16.0/nios2eds/bin/gnu/h-x86_64-mingw32/bin/../lib/gcc/nios2-elf/5.2.0/../../../../../H-x86_64-mingw32/nios2-elf/lib/mno-hw-mul\libsmallc.a(lib_a-strlen.o)

.debug
 *(.debug)

.line
 *(.line)

.debug_srcinfo
 *(.debug_srcinfo)

.debug_sfnames
 *(.debug_sfnames)

.debug_aranges  0x0000000000000000      0x208
 *(.debug_aranges)
 .debug_aranges
                0x0000000000000000       0x28 ../swag_bsp//obj/HAL/src/crt0.o
 .debug_aranges
                0x0000000000000028       0x20 obj/default/hello_world_small.o
 .debug_aranges
                0x0000000000000048       0x20 ../swag_bsp/\libhal_bsp.a(alt_getchar.o)
 .debug_aranges
                0x0000000000000068       0x20 ../swag_bsp/\libhal_bsp.a(alt_load.o)
 .debug_aranges
                0x0000000000000088       0x20 ../swag_bsp/\libhal_bsp.a(alt_main.o)
 .debug_aranges
                0x00000000000000a8       0x20 ../swag_bsp/\libhal_bsp.a(alt_printf.o)
 .debug_aranges
                0x00000000000000c8       0x20 ../swag_bsp/\libhal_bsp.a(alt_putchar.o)
 .debug_aranges
                0x00000000000000e8       0x20 ../swag_bsp/\libhal_bsp.a(alt_putstr.o)
 .debug_aranges
                0x0000000000000108       0x20 ../swag_bsp/\libhal_bsp.a(alt_sys_init.o)
 .debug_aranges
                0x0000000000000128       0x20 ../swag_bsp/\libhal_bsp.a(altera_avalon_jtag_uart_read.o)
 .debug_aranges
                0x0000000000000148       0x20 ../swag_bsp/\libhal_bsp.a(altera_avalon_jtag_uart_write.o)
 .debug_aranges
                0x0000000000000168       0x20 ../swag_bsp/\libhal_bsp.a(alt_dcache_flush_all.o)
 .debug_aranges
                0x0000000000000188       0x20 ../swag_bsp/\libhal_bsp.a(alt_dev.o)
 .debug_aranges
                0x00000000000001a8       0x20 ../swag_bsp/\libhal_bsp.a(alt_icache_flush_all.o)
 .debug_aranges
                0x00000000000001c8       0x20 ../swag_bsp/\libhal_bsp.a(altera_nios2_qsys_irq.o)
 .debug_aranges
                0x00000000000001e8       0x20 c:/altera/16.0/nios2eds/bin/gnu/h-x86_64-mingw32/bin/../lib/gcc/nios2-elf/5.2.0/../../../../../H-x86_64-mingw32/nios2-elf/lib/mno-hw-mul\libsmallc.a(lib_a-strlen.o)

.debug_pubnames
 *(.debug_pubnames)

.debug_info     0x0000000000000000     0x18de
 *(.debug_info .gnu.linkonce.wi.*)
 .debug_info    0x0000000000000000       0x6b ../swag_bsp//obj/HAL/src/crt0.o
 .debug_info    0x000000000000006b      0x27b obj/default/hello_world_small.o
 .debug_info    0x00000000000002e6      0x32d ../swag_bsp/\libhal_bsp.a(alt_getchar.o)
 .debug_info    0x0000000000000613      0x1c9 ../swag_bsp/\libhal_bsp.a(alt_load.o)
 .debug_info    0x00000000000007dc      0x169 ../swag_bsp/\libhal_bsp.a(alt_main.o)
 .debug_info    0x0000000000000945      0x14d ../swag_bsp/\libhal_bsp.a(alt_printf.o)
 .debug_info    0x0000000000000a92      0x12a ../swag_bsp/\libhal_bsp.a(alt_putchar.o)
 .debug_info    0x0000000000000bbc      0x13a ../swag_bsp/\libhal_bsp.a(alt_putstr.o)
 .debug_info    0x0000000000000cf6      0x185 ../swag_bsp/\libhal_bsp.a(alt_sys_init.o)
 .debug_info    0x0000000000000e7b      0x1b4 ../swag_bsp/\libhal_bsp.a(altera_avalon_jtag_uart_read.o)
 .debug_info    0x000000000000102f      0x197 ../swag_bsp/\libhal_bsp.a(altera_avalon_jtag_uart_write.o)
 .debug_info    0x00000000000011c6       0x92 ../swag_bsp/\libhal_bsp.a(alt_dcache_flush_all.o)
 .debug_info    0x0000000000001258      0x499 ../swag_bsp/\libhal_bsp.a(alt_dev.o)
 .debug_info    0x00000000000016f1       0x92 ../swag_bsp/\libhal_bsp.a(alt_icache_flush_all.o)
 .debug_info    0x0000000000001783       0x92 ../swag_bsp/\libhal_bsp.a(altera_nios2_qsys_irq.o)
 .debug_info    0x0000000000001815       0xc9 c:/altera/16.0/nios2eds/bin/gnu/h-x86_64-mingw32/bin/../lib/gcc/nios2-elf/5.2.0/../../../../../H-x86_64-mingw32/nios2-elf/lib/mno-hw-mul\libsmallc.a(lib_a-strlen.o)

.debug_abbrev   0x0000000000000000      0xb3e
 *(.debug_abbrev)
 .debug_abbrev  0x0000000000000000       0x12 ../swag_bsp//obj/HAL/src/crt0.o
 .debug_abbrev  0x0000000000000012       0xd3 obj/default/hello_world_small.o
 .debug_abbrev  0x00000000000000e5      0x11d ../swag_bsp/\libhal_bsp.a(alt_getchar.o)
 .debug_abbrev  0x0000000000000202       0xd8 ../swag_bsp/\libhal_bsp.a(alt_load.o)
 .debug_abbrev  0x00000000000002da       0xee ../swag_bsp/\libhal_bsp.a(alt_main.o)
 .debug_abbrev  0x00000000000003c8       0xd5 ../swag_bsp/\libhal_bsp.a(alt_printf.o)
 .debug_abbrev  0x000000000000049d       0xd2 ../swag_bsp/\libhal_bsp.a(alt_putchar.o)
 .debug_abbrev  0x000000000000056f       0xd3 ../swag_bsp/\libhal_bsp.a(alt_putstr.o)
 .debug_abbrev  0x0000000000000642      0x107 ../swag_bsp/\libhal_bsp.a(alt_sys_init.o)
 .debug_abbrev  0x0000000000000749      0x102 ../swag_bsp/\libhal_bsp.a(altera_avalon_jtag_uart_read.o)
 .debug_abbrev  0x000000000000084b       0xd5 ../swag_bsp/\libhal_bsp.a(altera_avalon_jtag_uart_write.o)
 .debug_abbrev  0x0000000000000920       0x42 ../swag_bsp/\libhal_bsp.a(alt_dcache_flush_all.o)
 .debug_abbrev  0x0000000000000962       0xd9 ../swag_bsp/\libhal_bsp.a(alt_dev.o)
 .debug_abbrev  0x0000000000000a3b       0x42 ../swag_bsp/\libhal_bsp.a(alt_icache_flush_all.o)
 .debug_abbrev  0x0000000000000a7d       0x42 ../swag_bsp/\libhal_bsp.a(altera_nios2_qsys_irq.o)
 .debug_abbrev  0x0000000000000abf       0x7f c:/altera/16.0/nios2eds/bin/gnu/h-x86_64-mingw32/bin/../lib/gcc/nios2-elf/5.2.0/../../../../../H-x86_64-mingw32/nios2-elf/lib/mno-hw-mul\libsmallc.a(lib_a-strlen.o)

.debug_line     0x0000000000000000      0xb86
 *(.debug_line)
 .debug_line    0x0000000000000000       0x66 ../swag_bsp//obj/HAL/src/crt0.o
 .debug_line    0x0000000000000066       0xee obj/default/hello_world_small.o
 .debug_line    0x0000000000000154       0xb7 ../swag_bsp/\libhal_bsp.a(alt_getchar.o)
 .debug_line    0x000000000000020b       0xa5 ../swag_bsp/\libhal_bsp.a(alt_load.o)
 .debug_line    0x00000000000002b0       0xbd ../swag_bsp/\libhal_bsp.a(alt_main.o)
 .debug_line    0x000000000000036d      0x10a ../swag_bsp/\libhal_bsp.a(alt_printf.o)
 .debug_line    0x0000000000000477       0x55 ../swag_bsp/\libhal_bsp.a(alt_putchar.o)
 .debug_line    0x00000000000004cc       0x98 ../swag_bsp/\libhal_bsp.a(alt_putstr.o)
 .debug_line    0x0000000000000564      0x101 ../swag_bsp/\libhal_bsp.a(alt_sys_init.o)
 .debug_line    0x0000000000000665       0xfb ../swag_bsp/\libhal_bsp.a(altera_avalon_jtag_uart_read.o)
 .debug_line    0x0000000000000760       0xf0 ../swag_bsp/\libhal_bsp.a(altera_avalon_jtag_uart_write.o)
 .debug_line    0x0000000000000850       0x4e ../swag_bsp/\libhal_bsp.a(alt_dcache_flush_all.o)
 .debug_line    0x000000000000089e       0xee ../swag_bsp/\libhal_bsp.a(alt_dev.o)
 .debug_line    0x000000000000098c       0x4e ../swag_bsp/\libhal_bsp.a(alt_icache_flush_all.o)
 .debug_line    0x00000000000009da       0x50 ../swag_bsp/\libhal_bsp.a(altera_nios2_qsys_irq.o)
 .debug_line    0x0000000000000a2a      0x15c c:/altera/16.0/nios2eds/bin/gnu/h-x86_64-mingw32/bin/../lib/gcc/nios2-elf/5.2.0/../../../../../H-x86_64-mingw32/nios2-elf/lib/mno-hw-mul\libsmallc.a(lib_a-strlen.o)

.debug_frame    0x0000000000000000      0x294
 *(.debug_frame)
 .debug_frame   0x0000000000000000       0x3c obj/default/hello_world_small.o
 .debug_frame   0x000000000000003c       0x2c ../swag_bsp/\libhal_bsp.a(alt_getchar.o)
 .debug_frame   0x0000000000000068       0x30 ../swag_bsp/\libhal_bsp.a(alt_load.o)
 .debug_frame   0x0000000000000098       0x2c ../swag_bsp/\libhal_bsp.a(alt_main.o)
 .debug_frame   0x00000000000000c4       0x54 ../swag_bsp/\libhal_bsp.a(alt_printf.o)
 .debug_frame   0x0000000000000118       0x30 ../swag_bsp/\libhal_bsp.a(alt_putchar.o)
 .debug_frame   0x0000000000000148       0x30 ../swag_bsp/\libhal_bsp.a(alt_putstr.o)
 .debug_frame   0x0000000000000178       0x3c ../swag_bsp/\libhal_bsp.a(alt_sys_init.o)
 .debug_frame   0x00000000000001b4       0x20 ../swag_bsp/\libhal_bsp.a(altera_avalon_jtag_uart_read.o)
 .debug_frame   0x00000000000001d4       0x20 ../swag_bsp/\libhal_bsp.a(altera_avalon_jtag_uart_write.o)
 .debug_frame   0x00000000000001f4       0x20 ../swag_bsp/\libhal_bsp.a(alt_dcache_flush_all.o)
 .debug_frame   0x0000000000000214       0x20 ../swag_bsp/\libhal_bsp.a(alt_dev.o)
 .debug_frame   0x0000000000000234       0x20 ../swag_bsp/\libhal_bsp.a(alt_icache_flush_all.o)
 .debug_frame   0x0000000000000254       0x20 ../swag_bsp/\libhal_bsp.a(altera_nios2_qsys_irq.o)
 .debug_frame   0x0000000000000274       0x20 c:/altera/16.0/nios2eds/bin/gnu/h-x86_64-mingw32/bin/../lib/gcc/nios2-elf/5.2.0/../../../../../H-x86_64-mingw32/nios2-elf/lib/mno-hw-mul\libsmallc.a(lib_a-strlen.o)

.debug_str      0x0000000000000000      0x896
 *(.debug_str)
 .debug_str     0x0000000000000000       0xbd obj/default/hello_world_small.o
                                         0xc7 (size before relaxing)
 .debug_str     0x00000000000000bd      0x1d7 ../swag_bsp/\libhal_bsp.a(alt_getchar.o)
                                        0x232 (size before relaxing)
 .debug_str     0x0000000000000294      0x14e ../swag_bsp/\libhal_bsp.a(alt_load.o)
                                        0x234 (size before relaxing)
 .debug_str     0x00000000000003e2       0x5e ../swag_bsp/\libhal_bsp.a(alt_main.o)
                                        0x1b1 (size before relaxing)
 .debug_str     0x0000000000000440       0x59 ../swag_bsp/\libhal_bsp.a(alt_printf.o)
                                         0xfe (size before relaxing)
 .debug_str     0x0000000000000499       0x34 ../swag_bsp/\libhal_bsp.a(alt_putchar.o)
                                        0x187 (size before relaxing)
 .debug_str     0x00000000000004cd       0x1c ../swag_bsp/\libhal_bsp.a(alt_putstr.o)
                                        0x18c (size before relaxing)
 .debug_str     0x00000000000004e9       0x86 ../swag_bsp/\libhal_bsp.a(alt_sys_init.o)
                                        0x220 (size before relaxing)
 .debug_str     0x000000000000056f       0x3d ../swag_bsp/\libhal_bsp.a(altera_avalon_jtag_uart_read.o)
                                        0x21b (size before relaxing)
 .debug_str     0x00000000000005ac       0x32 ../swag_bsp/\libhal_bsp.a(altera_avalon_jtag_uart_write.o)
                                        0x211 (size before relaxing)
 .debug_str     0x00000000000005de       0x1f ../swag_bsp/\libhal_bsp.a(alt_dcache_flush_all.o)
                                        0x151 (size before relaxing)
 .debug_str     0x00000000000005fd      0x120 ../swag_bsp/\libhal_bsp.a(alt_dev.o)
                                        0x301 (size before relaxing)
 .debug_str     0x000000000000071d       0x1f ../swag_bsp/\libhal_bsp.a(alt_icache_flush_all.o)
                                        0x151 (size before relaxing)
 .debug_str     0x000000000000073c       0x20 ../swag_bsp/\libhal_bsp.a(altera_nios2_qsys_irq.o)
                                        0x158 (size before relaxing)
 .debug_str     0x000000000000075c      0x13a c:/altera/16.0/nios2eds/bin/gnu/h-x86_64-mingw32/bin/../lib/gcc/nios2-elf/5.2.0/../../../../../H-x86_64-mingw32/nios2-elf/lib/mno-hw-mul\libsmallc.a(lib_a-strlen.o)
                                        0x1e5 (size before relaxing)

.debug_loc      0x0000000000000000      0x43d
 *(.debug_loc)
 .debug_loc     0x0000000000000000       0x65 obj/default/hello_world_small.o
 .debug_loc     0x0000000000000065      0x1de ../swag_bsp/\libhal_bsp.a(alt_printf.o)
 .debug_loc     0x0000000000000243       0x2c ../swag_bsp/\libhal_bsp.a(alt_putchar.o)
 .debug_loc     0x000000000000026f       0x37 ../swag_bsp/\libhal_bsp.a(alt_putstr.o)
 .debug_loc     0x00000000000002a6       0x21 ../swag_bsp/\libhal_bsp.a(alt_sys_init.o)
 .debug_loc     0x00000000000002c7       0xcd ../swag_bsp/\libhal_bsp.a(altera_avalon_jtag_uart_read.o)
 .debug_loc     0x0000000000000394       0x8b ../swag_bsp/\libhal_bsp.a(altera_avalon_jtag_uart_write.o)
 .debug_loc     0x000000000000041f       0x1e c:/altera/16.0/nios2eds/bin/gnu/h-x86_64-mingw32/bin/../lib/gcc/nios2-elf/5.2.0/../../../../../H-x86_64-mingw32/nios2-elf/lib/mno-hw-mul\libsmallc.a(lib_a-strlen.o)

.debug_macinfo
 *(.debug_macinfo)

.debug_weaknames
 *(.debug_weaknames)

.debug_funcnames
 *(.debug_funcnames)

.debug_typenames
 *(.debug_typenames)

.debug_varnames
 *(.debug_varnames)

.debug_alt_sim_info
                0x0000000000000000       0x10
 *(.debug_alt_sim_info)
 .debug_alt_sim_info
                0x0000000000000000       0x10 ../swag_bsp//obj/HAL/src/crt0.o
                0x0000000000008000                __alt_data_end = 0x8000
                0x0000000000008000                PROVIDE (__alt_stack_pointer, __alt_data_end)
                [!provide]                        PROVIDE (__alt_stack_limit, __alt_stack_base)
                [!provide]                        PROVIDE (__alt_heap_start, end)
                [!provide]                        PROVIDE (__alt_heap_limit, 0x8000)
OUTPUT(swag.elf elf32-littlenios2)

.debug_ranges   0x0000000000000000       0xd8
 .debug_ranges  0x0000000000000000       0x20 ../swag_bsp//obj/HAL/src/crt0.o
 .debug_ranges  0x0000000000000020       0x28 obj/default/hello_world_small.o
 .debug_ranges  0x0000000000000048       0x48 ../swag_bsp/\libhal_bsp.a(alt_load.o)
 .debug_ranges  0x0000000000000090       0x18 ../swag_bsp/\libhal_bsp.a(alt_printf.o)
 .debug_ranges  0x00000000000000a8       0x20 ../swag_bsp/\libhal_bsp.a(altera_avalon_jtag_uart_read.o)
 .debug_ranges  0x00000000000000c8       0x10 c:/altera/16.0/nios2eds/bin/gnu/h-x86_64-mingw32/bin/../lib/gcc/nios2-elf/5.2.0/../../../../../H-x86_64-mingw32/nios2-elf/lib/mno-hw-mul\libsmallc.a(lib_a-strlen.o)
