Archive member included to satisfy reference by file (symbol)

../hello_world_modified_bsp/\libhal_bsp.a(alt_getchar.o)
                              obj/default/hello_world_small.o (alt_getchar)
../hello_world_modified_bsp/\libhal_bsp.a(alt_load.o)
                              ../hello_world_modified_bsp//obj/HAL/src/crt0.o (alt_load)
../hello_world_modified_bsp/\libhal_bsp.a(alt_main.o)
                              ../hello_world_modified_bsp//obj/HAL/src/crt0.o (alt_main)
../hello_world_modified_bsp/\libhal_bsp.a(alt_putstr.o)
                              obj/default/hello_world_small.o (alt_putstr)
../hello_world_modified_bsp/\libhal_bsp.a(alt_sys_init.o)
                              ../hello_world_modified_bsp/\libhal_bsp.a(alt_main.o) (alt_irq_init)
../hello_world_modified_bsp/\libhal_bsp.a(altera_avalon_jtag_uart_read.o)
                              ../hello_world_modified_bsp/\libhal_bsp.a(alt_getchar.o) (altera_avalon_jtag_uart_read)
../hello_world_modified_bsp/\libhal_bsp.a(altera_avalon_jtag_uart_write.o)
                              ../hello_world_modified_bsp/\libhal_bsp.a(alt_putstr.o) (altera_avalon_jtag_uart_write)
../hello_world_modified_bsp/\libhal_bsp.a(alt_dcache_flush_all.o)
                              ../hello_world_modified_bsp/\libhal_bsp.a(alt_load.o) (alt_dcache_flush_all)
../hello_world_modified_bsp/\libhal_bsp.a(alt_dev.o)
                              ../hello_world_modified_bsp/\libhal_bsp.a(alt_getchar.o) (alt_fd_list)
../hello_world_modified_bsp/\libhal_bsp.a(alt_icache_flush_all.o)
                              ../hello_world_modified_bsp/\libhal_bsp.a(alt_load.o) (alt_icache_flush_all)
../hello_world_modified_bsp/\libhal_bsp.a(altera_nios2_qsys_irq.o)
                              ../hello_world_modified_bsp/\libhal_bsp.a(alt_sys_init.o) (altera_nios2_qsys_irq_init)
c:/altera/16.0/nios2eds/bin/gnu/h-x86_64-mingw32/bin/../lib/gcc/nios2-elf/5.2.0/../../../../../H-x86_64-mingw32/nios2-elf/lib/mno-hw-mul\libc.a(lib_a-strlen.o)
                              ../hello_world_modified_bsp/\libhal_bsp.a(alt_putstr.o) (strlen)

Memory Configuration

Name             Origin             Length             Attributes
reset            0x0000000000000000 0x0000000000000020
onchip_memory    0x0000000000000020 0x0000000000007fe0
*default*        0x0000000000000000 0xffffffffffffffff

Linker script and memory map

LOAD ../hello_world_modified_bsp//obj/HAL/src/crt0.o
LOAD obj/default/hello_world_small.o
LOAD c:/altera/16.0/nios2eds/bin/gnu/h-x86_64-mingw32/bin/../lib/gcc/nios2-elf/5.2.0/../../../../../H-x86_64-mingw32/nios2-elf/lib/mno-hw-mul\libstdc++.a
LOAD c:/altera/16.0/nios2eds/bin/gnu/h-x86_64-mingw32/bin/../lib/gcc/nios2-elf/5.2.0/../../../../../H-x86_64-mingw32/nios2-elf/lib/mno-hw-mul\libm.a
LOAD c:/altera/16.0/nios2eds/bin/gnu/h-x86_64-mingw32/bin/../lib/gcc/nios2-elf/5.2.0/mno-hw-mul\libgcc.a
START GROUP
LOAD c:/altera/16.0/nios2eds/bin/gnu/h-x86_64-mingw32/bin/../lib/gcc/nios2-elf/5.2.0/../../../../../H-x86_64-mingw32/nios2-elf/lib/mno-hw-mul\libc.a
LOAD c:/altera/16.0/nios2eds/bin/gnu/h-x86_64-mingw32/bin/../lib/gcc/nios2-elf/5.2.0/mno-hw-mul\libgcc.a
LOAD ../hello_world_modified_bsp/\libhal_bsp.a
LOAD c:/altera/16.0/nios2eds/bin/gnu/h-x86_64-mingw32/bin/../lib/gcc/nios2-elf/5.2.0/../../../../../H-x86_64-mingw32/nios2-elf/lib/mno-hw-mul\libm.a
END GROUP
LOAD c:/altera/16.0/nios2eds/bin/gnu/h-x86_64-mingw32/bin/../lib/gcc/nios2-elf/5.2.0/mno-hw-mul\libgcc.a
                0x0000000000000000                __alt_mem_onchip_memory = 0x0

.entry          0x0000000000000000       0x20
 *(.entry)
 .entry         0x0000000000000000       0x20 ../hello_world_modified_bsp//obj/HAL/src/crt0.o
                0x0000000000000000                __reset
                0x000000000000000c                _exit

.exceptions     0x0000000000000020        0x0
                0x0000000000000020                PROVIDE (__ram_exceptions_start, ABSOLUTE (.))
                0x0000000000000020                . = ALIGN (0x20)
 *(.irq)
 *(.exceptions.entry.label)
 *(.exceptions.entry.user)
 *(.exceptions.entry.ecc_fatal)
 *(.exceptions.entry)
 *(.exceptions.irqtest.user)
 *(.exceptions.irqtest)
 *(.exceptions.irqhandler.user)
 *(.exceptions.irqhandler)
 *(.exceptions.irqreturn.user)
 *(.exceptions.irqreturn)
 *(.exceptions.notirq.label)
 *(.exceptions.notirq.user)
 *(.exceptions.notirq)
 *(.exceptions.soft.user)
 *(.exceptions.soft)
 *(.exceptions.unknown.user)
 *(.exceptions.unknown)
 *(.exceptions.exit.label)
 *(.exceptions.exit.user)
 *(.exceptions.exit)
 *(.exceptions)
                0x0000000000000020                PROVIDE (__ram_exceptions_end, ABSOLUTE (.))
                0x0000000000000020                PROVIDE (__flash_exceptions_start, LOADADDR (.exceptions))

.text           0x0000000000000020      0x370
                [!provide]                        PROVIDE (stext, ABSOLUTE (.))
 *(.interp)
 *(.hash)
 *(.dynsym)
 *(.dynstr)
 *(.gnu.version)
 *(.gnu.version_d)
 *(.gnu.version_r)
 *(.rel.init)
 *(.rela.init)
 *(.rel.text .rel.text.* .rel.gnu.linkonce.t.*)
 *(.rela.text .rela.text.* .rela.gnu.linkonce.t.*)
 *(.rel.fini)
 *(.rela.fini)
 *(.rel.rodata .rel.rodata.* .rel.gnu.linkonce.r.*)
 *(.rela.rodata .rela.rodata.* .rela.gnu.linkonce.r.*)
 *(.rel.data .rel.data.* .rel.gnu.linkonce.d.*)
 *(.rela.data .rela.data.* .rela.gnu.linkonce.d.*)
 *(.rel.tdata .rel.tdata.* .rel.gnu.linkonce.td.*)
 *(.rela.tdata .rela.tdata.* .rela.gnu.linkonce.td.*)
 *(.rel.tbss .rel.tbss.* .rel.gnu.linkonce.tb.*)
 *(.rela.tbss .rela.tbss.* .rela.gnu.linkonce.tb.*)
 *(.rel.ctors)
 *(.rela.ctors)
 *(.rel.dtors)
 *(.rela.dtors)
 *(.rel.got)
 *(.rela.got)
 *(.rel.sdata .rel.sdata.* .rel.gnu.linkonce.s.*)
 *(.rela.sdata .rela.sdata.* .rela.gnu.linkonce.s.*)
 *(.rel.sbss .rel.sbss.* .rel.gnu.linkonce.sb.*)
 *(.rela.sbss .rela.sbss.* .rela.gnu.linkonce.sb.*)
 *(.rel.sdata2 .rel.sdata2.* .rel.gnu.linkonce.s2.*)
 *(.rela.sdata2 .rela.sdata2.* .rela.gnu.linkonce.s2.*)
 *(.rel.sbss2 .rel.sbss2.* .rel.gnu.linkonce.sb2.*)
 *(.rela.sbss2 .rela.sbss2.* .rela.gnu.linkonce.sb2.*)
 *(.rel.bss .rel.bss.* .rel.gnu.linkonce.b.*)
 *(.rela.bss .rela.bss.* .rela.gnu.linkonce.b.*)
 *(.rel.plt)
 *(.rela.plt)
 *(.rel.dyn)
 *(.init)
 *(.plt)
 *(.text .stub .text.* .gnu.linkonce.t.*)
 .text          0x0000000000000020       0x3c ../hello_world_modified_bsp//obj/HAL/src/crt0.o
                0x0000000000000020                _start
 .text          0x000000000000005c        0x0 obj/default/hello_world_small.o
 .text.startup  0x000000000000005c       0x48 obj/default/hello_world_small.o
                0x000000000000005c                main
 .text          0x00000000000000a4       0x44 ../hello_world_modified_bsp/\libhal_bsp.a(alt_getchar.o)
                0x00000000000000a4                alt_getchar
 .text          0x00000000000000e8       0xe0 ../hello_world_modified_bsp/\libhal_bsp.a(alt_load.o)
                0x00000000000000e8                alt_load
 .text          0x00000000000001c8       0x2c ../hello_world_modified_bsp/\libhal_bsp.a(alt_main.o)
                0x00000000000001c8                alt_main
 .text          0x00000000000001f4       0x38 ../hello_world_modified_bsp/\libhal_bsp.a(alt_putstr.o)
                0x00000000000001f4                alt_putstr
 .text          0x000000000000022c       0x24 ../hello_world_modified_bsp/\libhal_bsp.a(alt_sys_init.o)
                0x000000000000022c                alt_irq_init
                0x000000000000024c                alt_sys_init
 .text          0x0000000000000250       0x5c ../hello_world_modified_bsp/\libhal_bsp.a(altera_avalon_jtag_uart_read.o)
                0x0000000000000250                altera_avalon_jtag_uart_read
 .text          0x00000000000002ac       0x34 ../hello_world_modified_bsp/\libhal_bsp.a(altera_avalon_jtag_uart_write.o)
                0x00000000000002ac                altera_avalon_jtag_uart_write
 .text          0x00000000000002e0        0x4 ../hello_world_modified_bsp/\libhal_bsp.a(alt_dcache_flush_all.o)
                0x00000000000002e0                alt_dcache_flush_all
 .text          0x00000000000002e4        0x8 ../hello_world_modified_bsp/\libhal_bsp.a(alt_dev.o)
 .text          0x00000000000002ec        0x4 ../hello_world_modified_bsp/\libhal_bsp.a(alt_icache_flush_all.o)
                0x00000000000002ec                alt_icache_flush_all
 .text          0x00000000000002f0        0x8 ../hello_world_modified_bsp/\libhal_bsp.a(altera_nios2_qsys_irq.o)
                0x00000000000002f0                altera_nios2_qsys_irq_init
 .text          0x00000000000002f8        0x0 c:/altera/16.0/nios2eds/bin/gnu/h-x86_64-mingw32/bin/../lib/gcc/nios2-elf/5.2.0/../../../../../H-x86_64-mingw32/nios2-elf/lib/mno-hw-mul\libc.a(lib_a-strlen.o)
 .text.strlen   0x00000000000002f8       0x98 c:/altera/16.0/nios2eds/bin/gnu/h-x86_64-mingw32/bin/../lib/gcc/nios2-elf/5.2.0/../../../../../H-x86_64-mingw32/nios2-elf/lib/mno-hw-mul\libc.a(lib_a-strlen.o)
                0x00000000000002f8                strlen
 *(.gnu.warning.*)
 *(.fini)
                [!provide]                        PROVIDE (__etext, ABSOLUTE (.))
                [!provide]                        PROVIDE (_etext, ABSOLUTE (.))
                [!provide]                        PROVIDE (etext, ABSOLUTE (.))
 *(.eh_frame_hdr)
                0x0000000000000390                . = ALIGN (0x4)
                [!provide]                        PROVIDE (__preinit_array_start, ABSOLUTE (.))
 *(.preinit_array)
                [!provide]                        PROVIDE (__preinit_array_end, ABSOLUTE (.))
                [!provide]                        PROVIDE (__init_array_start, ABSOLUTE (.))
 *(.init_array)
                [!provide]                        PROVIDE (__init_array_end, ABSOLUTE (.))
                [!provide]                        PROVIDE (__fini_array_start, ABSOLUTE (.))
 *(.fini_array)
                [!provide]                        PROVIDE (__fini_array_end, ABSOLUTE (.))
 *(.eh_frame)
 *(.gcc_except_table .gcc_except_table.*)
 *(.dynamic)
                [!provide]                        PROVIDE (__CTOR_LIST__, ABSOLUTE (.))
 *(.ctors)
 *(SORT(.ctors.*))
                [!provide]                        PROVIDE (__CTOR_END__, ABSOLUTE (.))
                [!provide]                        PROVIDE (__DTOR_LIST__, ABSOLUTE (.))
 *(.dtors)
 *(SORT(.dtors.*))
                [!provide]                        PROVIDE (__DTOR_END__, ABSOLUTE (.))
 *(.jcr)
                0x0000000000000390                . = ALIGN (0x4)

.rodata         0x0000000000000390       0x48
                0x0000000000000390                PROVIDE (__ram_rodata_start, ABSOLUTE (.))
                0x0000000000000390                . = ALIGN (0x4)
 *(.rodata .rodata.* .gnu.linkonce.r.*)
 .rodata.str1.4
                0x0000000000000390       0x3c obj/default/hello_world_small.o
 .rodata.str1.4
                0x00000000000003cc        0xc ../hello_world_modified_bsp/\libhal_bsp.a(alt_dev.o)
                                          0xa (size before relaxing)
 *(.rodata1)
                0x00000000000003d8                . = ALIGN (0x4)
                0x00000000000003d8                PROVIDE (__ram_rodata_end, ABSOLUTE (.))
                0x0000000000000390                PROVIDE (__flash_rodata_start, LOADADDR (.rodata))

.rwdata         0x00000000000003d8       0x70 load address 0x0000000000000448
                0x00000000000003d8                PROVIDE (__ram_rwdata_start, ABSOLUTE (.))
                0x00000000000003d8                . = ALIGN (0x4)
 *(.got.plt)
 *(.got)
 *(.data1)
 *(.data .data.* .gnu.linkonce.d.*)
 .data          0x00000000000003d8        0x0 ../hello_world_modified_bsp//obj/HAL/src/crt0.o
 .data          0x00000000000003d8        0x0 obj/default/hello_world_small.o
 .data          0x00000000000003d8        0x0 ../hello_world_modified_bsp/\libhal_bsp.a(alt_getchar.o)
 .data          0x00000000000003d8        0x0 ../hello_world_modified_bsp/\libhal_bsp.a(alt_load.o)
 .data          0x00000000000003d8        0x0 ../hello_world_modified_bsp/\libhal_bsp.a(alt_main.o)
 .data          0x00000000000003d8        0x0 ../hello_world_modified_bsp/\libhal_bsp.a(alt_putstr.o)
 .data          0x00000000000003d8        0x0 ../hello_world_modified_bsp/\libhal_bsp.a(alt_sys_init.o)
 .data          0x00000000000003d8        0x0 ../hello_world_modified_bsp/\libhal_bsp.a(altera_avalon_jtag_uart_read.o)
 .data          0x00000000000003d8        0x0 ../hello_world_modified_bsp/\libhal_bsp.a(altera_avalon_jtag_uart_write.o)
 .data          0x00000000000003d8        0x0 ../hello_world_modified_bsp/\libhal_bsp.a(alt_dcache_flush_all.o)
 .data          0x00000000000003d8       0x58 ../hello_world_modified_bsp/\libhal_bsp.a(alt_dev.o)
                0x00000000000003d8                alt_fd_list
                0x0000000000000408                alt_dev_null
 .data          0x0000000000000430        0x0 ../hello_world_modified_bsp/\libhal_bsp.a(alt_icache_flush_all.o)
 .data          0x0000000000000430        0x0 ../hello_world_modified_bsp/\libhal_bsp.a(altera_nios2_qsys_irq.o)
 .data          0x0000000000000430        0x0 c:/altera/16.0/nios2eds/bin/gnu/h-x86_64-mingw32/bin/../lib/gcc/nios2-elf/5.2.0/../../../../../H-x86_64-mingw32/nios2-elf/lib/mno-hw-mul\libc.a(lib_a-strlen.o)
                0x0000000000008430                _gp = ABSOLUTE ((. + 0x8000))
                [!provide]                        PROVIDE (gp, _gp)
 *(.rwdata .rwdata.*)
 *(.sdata .sdata.* .gnu.linkonce.s.*)
 .sdata         0x0000000000000430        0x4 ../hello_world_modified_bsp/\libhal_bsp.a(alt_sys_init.o)
                0x0000000000000430                jtag_uart
 .sdata         0x0000000000000434       0x14 ../hello_world_modified_bsp/\libhal_bsp.a(alt_dev.o)
                0x0000000000000434                alt_max_fd
                0x0000000000000438                alt_dev_list
                0x0000000000000440                alt_fs_list
 *(.sdata2 .sdata2.* .gnu.linkonce.s2.*)
                0x0000000000000448                . = ALIGN (0x4)
                0x0000000000000448                _edata = ABSOLUTE (.)
                [!provide]                        PROVIDE (edata, ABSOLUTE (.))
                0x0000000000000448                PROVIDE (__ram_rwdata_end, ABSOLUTE (.))
                0x0000000000000448                PROVIDE (__flash_rwdata_start, LOADADDR (.rwdata))

.bss            0x00000000000004b8        0xc
                0x00000000000004b8                __bss_start = ABSOLUTE (.)
                [!provide]                        PROVIDE (__sbss_start, ABSOLUTE (.))
                [!provide]                        PROVIDE (___sbss_start, ABSOLUTE (.))
 *(.dynsbss)
 *(.sbss .sbss.* .gnu.linkonce.sb.*)
 .sbss          0x00000000000004b8        0xc ../hello_world_modified_bsp/\libhal_bsp.a(alt_main.o)
                0x00000000000004b8                alt_envp
                0x00000000000004bc                alt_argv
                0x00000000000004c0                alt_argc
 *(.sbss2 .sbss2.* .gnu.linkonce.sb2.*)
 *(.scommon)
                [!provide]                        PROVIDE (__sbss_end, ABSOLUTE (.))
                [!provide]                        PROVIDE (___sbss_end, ABSOLUTE (.))
 *(.dynbss)
 *(.bss .bss.* .gnu.linkonce.b.*)
 .bss           0x00000000000004c4        0x0 ../hello_world_modified_bsp//obj/HAL/src/crt0.o
 .bss           0x00000000000004c4        0x0 obj/default/hello_world_small.o
 .bss           0x00000000000004c4        0x0 ../hello_world_modified_bsp/\libhal_bsp.a(alt_getchar.o)
 .bss           0x00000000000004c4        0x0 ../hello_world_modified_bsp/\libhal_bsp.a(alt_load.o)
 .bss           0x00000000000004c4        0x0 ../hello_world_modified_bsp/\libhal_bsp.a(alt_main.o)
 .bss           0x00000000000004c4        0x0 ../hello_world_modified_bsp/\libhal_bsp.a(alt_putstr.o)
 .bss           0x00000000000004c4        0x0 ../hello_world_modified_bsp/\libhal_bsp.a(alt_sys_init.o)
 .bss           0x00000000000004c4        0x0 ../hello_world_modified_bsp/\libhal_bsp.a(altera_avalon_jtag_uart_read.o)
 .bss           0x00000000000004c4        0x0 ../hello_world_modified_bsp/\libhal_bsp.a(altera_avalon_jtag_uart_write.o)
 .bss           0x00000000000004c4        0x0 ../hello_world_modified_bsp/\libhal_bsp.a(alt_dcache_flush_all.o)
 .bss           0x00000000000004c4        0x0 ../hello_world_modified_bsp/\libhal_bsp.a(alt_dev.o)
 .bss           0x00000000000004c4        0x0 ../hello_world_modified_bsp/\libhal_bsp.a(alt_icache_flush_all.o)
 .bss           0x00000000000004c4        0x0 ../hello_world_modified_bsp/\libhal_bsp.a(altera_nios2_qsys_irq.o)
 .bss           0x00000000000004c4        0x0 c:/altera/16.0/nios2eds/bin/gnu/h-x86_64-mingw32/bin/../lib/gcc/nios2-elf/5.2.0/../../../../../H-x86_64-mingw32/nios2-elf/lib/mno-hw-mul\libc.a(lib_a-strlen.o)
 *(COMMON)
                0x00000000000004c4                . = ALIGN (0x4)
                0x00000000000004c4                __bss_end = ABSOLUTE (.)

.onchip_memory  0x00000000000004c4        0x0
                [!provide]                        PROVIDE (_alt_partition_onchip_memory_start, ABSOLUTE (.))
 *(.onchip_memory .onchip_memory. onchip_memory.*)
                0x00000000000004c4                . = ALIGN (0x4)
                [!provide]                        PROVIDE (_alt_partition_onchip_memory_end, ABSOLUTE (.))
                0x00000000000004c4                _end = ABSOLUTE (.)
                0x00000000000004c4                end = ABSOLUTE (.)
                0x00000000000004c4                __alt_stack_base = ABSOLUTE (.)
                [!provide]                        PROVIDE (_alt_partition_onchip_memory_load_addr, LOADADDR (.onchip_memory))

.stab
 *(.stab)

.stabstr
 *(.stabstr)

.stab.excl
 *(.stab.excl)

.stab.exclstr
 *(.stab.exclstr)

.stab.index
 *(.stab.index)

.stab.indexstr
 *(.stab.indexstr)

.comment        0x0000000000000000       0x23
 *(.comment)
 .comment       0x0000000000000000       0x23 obj/default/hello_world_small.o
                                         0x24 (size before relaxing)
 .comment       0x0000000000000023       0x24 ../hello_world_modified_bsp/\libhal_bsp.a(alt_getchar.o)
 .comment       0x0000000000000023       0x24 ../hello_world_modified_bsp/\libhal_bsp.a(alt_load.o)
 .comment       0x0000000000000023       0x24 ../hello_world_modified_bsp/\libhal_bsp.a(alt_main.o)
 .comment       0x0000000000000023       0x24 ../hello_world_modified_bsp/\libhal_bsp.a(alt_putstr.o)
 .comment       0x0000000000000023       0x24 ../hello_world_modified_bsp/\libhal_bsp.a(alt_sys_init.o)
 .comment       0x0000000000000023       0x24 ../hello_world_modified_bsp/\libhal_bsp.a(altera_avalon_jtag_uart_read.o)
 .comment       0x0000000000000023       0x24 ../hello_world_modified_bsp/\libhal_bsp.a(altera_avalon_jtag_uart_write.o)
 .comment       0x0000000000000023       0x24 ../hello_world_modified_bsp/\libhal_bsp.a(alt_dcache_flush_all.o)
 .comment       0x0000000000000023       0x24 ../hello_world_modified_bsp/\libhal_bsp.a(alt_dev.o)
 .comment       0x0000000000000023       0x24 ../hello_world_modified_bsp/\libhal_bsp.a(alt_icache_flush_all.o)
 .comment       0x0000000000000023       0x24 ../hello_world_modified_bsp/\libhal_bsp.a(altera_nios2_qsys_irq.o)
 .comment       0x0000000000000023       0x24 c:/altera/16.0/nios2eds/bin/gnu/h-x86_64-mingw32/bin/../lib/gcc/nios2-elf/5.2.0/../../../../../H-x86_64-mingw32/nios2-elf/lib/mno-hw-mul\libc.a(lib_a-strlen.o)

.debug
 *(.debug)

.line
 *(.line)

.debug_srcinfo
 *(.debug_srcinfo)

.debug_sfnames
 *(.debug_sfnames)

.debug_aranges  0x0000000000000000      0x1c8
 *(.debug_aranges)
 .debug_aranges
                0x0000000000000000       0x28 ../hello_world_modified_bsp//obj/HAL/src/crt0.o
 .debug_aranges
                0x0000000000000028       0x20 obj/default/hello_world_small.o
 .debug_aranges
                0x0000000000000048       0x20 ../hello_world_modified_bsp/\libhal_bsp.a(alt_getchar.o)
 .debug_aranges
                0x0000000000000068       0x20 ../hello_world_modified_bsp/\libhal_bsp.a(alt_load.o)
 .debug_aranges
                0x0000000000000088       0x20 ../hello_world_modified_bsp/\libhal_bsp.a(alt_main.o)
 .debug_aranges
                0x00000000000000a8       0x20 ../hello_world_modified_bsp/\libhal_bsp.a(alt_putstr.o)
 .debug_aranges
                0x00000000000000c8       0x20 ../hello_world_modified_bsp/\libhal_bsp.a(alt_sys_init.o)
 .debug_aranges
                0x00000000000000e8       0x20 ../hello_world_modified_bsp/\libhal_bsp.a(altera_avalon_jtag_uart_read.o)
 .debug_aranges
                0x0000000000000108       0x20 ../hello_world_modified_bsp/\libhal_bsp.a(altera_avalon_jtag_uart_write.o)
 .debug_aranges
                0x0000000000000128       0x20 ../hello_world_modified_bsp/\libhal_bsp.a(alt_dcache_flush_all.o)
 .debug_aranges
                0x0000000000000148       0x20 ../hello_world_modified_bsp/\libhal_bsp.a(alt_dev.o)
 .debug_aranges
                0x0000000000000168       0x20 ../hello_world_modified_bsp/\libhal_bsp.a(alt_icache_flush_all.o)
 .debug_aranges
                0x0000000000000188       0x20 ../hello_world_modified_bsp/\libhal_bsp.a(altera_nios2_qsys_irq.o)
 .debug_aranges
                0x00000000000001a8       0x20 c:/altera/16.0/nios2eds/bin/gnu/h-x86_64-mingw32/bin/../lib/gcc/nios2-elf/5.2.0/../../../../../H-x86_64-mingw32/nios2-elf/lib/mno-hw-mul\libc.a(lib_a-strlen.o)

.debug_pubnames
 *(.debug_pubnames)

.debug_info     0x0000000000000000     0x14be
 *(.debug_info .gnu.linkonce.wi.*)
 .debug_info    0x0000000000000000       0x7b ../hello_world_modified_bsp//obj/HAL/src/crt0.o
 .debug_info    0x000000000000007b       0xa9 obj/default/hello_world_small.o
 .debug_info    0x0000000000000124      0x32d ../hello_world_modified_bsp/\libhal_bsp.a(alt_getchar.o)
 .debug_info    0x0000000000000451      0x1c9 ../hello_world_modified_bsp/\libhal_bsp.a(alt_load.o)
 .debug_info    0x000000000000061a      0x169 ../hello_world_modified_bsp/\libhal_bsp.a(alt_main.o)
 .debug_info    0x0000000000000783      0x13a ../hello_world_modified_bsp/\libhal_bsp.a(alt_putstr.o)
 .debug_info    0x00000000000008bd      0x185 ../hello_world_modified_bsp/\libhal_bsp.a(alt_sys_init.o)
 .debug_info    0x0000000000000a42      0x1b4 ../hello_world_modified_bsp/\libhal_bsp.a(altera_avalon_jtag_uart_read.o)
 .debug_info    0x0000000000000bf6      0x197 ../hello_world_modified_bsp/\libhal_bsp.a(altera_avalon_jtag_uart_write.o)
 .debug_info    0x0000000000000d8d       0x92 ../hello_world_modified_bsp/\libhal_bsp.a(alt_dcache_flush_all.o)
 .debug_info    0x0000000000000e1f      0x499 ../hello_world_modified_bsp/\libhal_bsp.a(alt_dev.o)
 .debug_info    0x00000000000012b8       0x92 ../hello_world_modified_bsp/\libhal_bsp.a(alt_icache_flush_all.o)
 .debug_info    0x000000000000134a       0x92 ../hello_world_modified_bsp/\libhal_bsp.a(altera_nios2_qsys_irq.o)
 .debug_info    0x00000000000013dc       0xe2 c:/altera/16.0/nios2eds/bin/gnu/h-x86_64-mingw32/bin/../lib/gcc/nios2-elf/5.2.0/../../../../../H-x86_64-mingw32/nios2-elf/lib/mno-hw-mul\libc.a(lib_a-strlen.o)

.debug_abbrev   0x0000000000000000      0x960
 *(.debug_abbrev)
 .debug_abbrev  0x0000000000000000       0x12 ../hello_world_modified_bsp//obj/HAL/src/crt0.o
 .debug_abbrev  0x0000000000000012       0x8b obj/default/hello_world_small.o
 .debug_abbrev  0x000000000000009d      0x11d ../hello_world_modified_bsp/\libhal_bsp.a(alt_getchar.o)
 .debug_abbrev  0x00000000000001ba       0xd8 ../hello_world_modified_bsp/\libhal_bsp.a(alt_load.o)
 .debug_abbrev  0x0000000000000292       0xee ../hello_world_modified_bsp/\libhal_bsp.a(alt_main.o)
 .debug_abbrev  0x0000000000000380       0xd3 ../hello_world_modified_bsp/\libhal_bsp.a(alt_putstr.o)
 .debug_abbrev  0x0000000000000453      0x107 ../hello_world_modified_bsp/\libhal_bsp.a(alt_sys_init.o)
 .debug_abbrev  0x000000000000055a      0x102 ../hello_world_modified_bsp/\libhal_bsp.a(altera_avalon_jtag_uart_read.o)
 .debug_abbrev  0x000000000000065c       0xd5 ../hello_world_modified_bsp/\libhal_bsp.a(altera_avalon_jtag_uart_write.o)
 .debug_abbrev  0x0000000000000731       0x42 ../hello_world_modified_bsp/\libhal_bsp.a(alt_dcache_flush_all.o)
 .debug_abbrev  0x0000000000000773       0xd9 ../hello_world_modified_bsp/\libhal_bsp.a(alt_dev.o)
 .debug_abbrev  0x000000000000084c       0x42 ../hello_world_modified_bsp/\libhal_bsp.a(alt_icache_flush_all.o)
 .debug_abbrev  0x000000000000088e       0x42 ../hello_world_modified_bsp/\libhal_bsp.a(altera_nios2_qsys_irq.o)
 .debug_abbrev  0x00000000000008d0       0x90 c:/altera/16.0/nios2eds/bin/gnu/h-x86_64-mingw32/bin/../lib/gcc/nios2-elf/5.2.0/../../../../../H-x86_64-mingw32/nios2-elf/lib/mno-hw-mul\libc.a(lib_a-strlen.o)

.debug_line     0x0000000000000000      0x9d6
 *(.debug_line)
 .debug_line    0x0000000000000000       0x66 ../hello_world_modified_bsp//obj/HAL/src/crt0.o
 .debug_line    0x0000000000000066       0x8a obj/default/hello_world_small.o
 .debug_line    0x00000000000000f0       0xb7 ../hello_world_modified_bsp/\libhal_bsp.a(alt_getchar.o)
 .debug_line    0x00000000000001a7       0xa5 ../hello_world_modified_bsp/\libhal_bsp.a(alt_load.o)
 .debug_line    0x000000000000024c       0xbd ../hello_world_modified_bsp/\libhal_bsp.a(alt_main.o)
 .debug_line    0x0000000000000309       0x98 ../hello_world_modified_bsp/\libhal_bsp.a(alt_putstr.o)
 .debug_line    0x00000000000003a1      0x101 ../hello_world_modified_bsp/\libhal_bsp.a(alt_sys_init.o)
 .debug_line    0x00000000000004a2       0xfb ../hello_world_modified_bsp/\libhal_bsp.a(altera_avalon_jtag_uart_read.o)
 .debug_line    0x000000000000059d       0xf0 ../hello_world_modified_bsp/\libhal_bsp.a(altera_avalon_jtag_uart_write.o)
 .debug_line    0x000000000000068d       0x4e ../hello_world_modified_bsp/\libhal_bsp.a(alt_dcache_flush_all.o)
 .debug_line    0x00000000000006db       0xee ../hello_world_modified_bsp/\libhal_bsp.a(alt_dev.o)
 .debug_line    0x00000000000007c9       0x4e ../hello_world_modified_bsp/\libhal_bsp.a(alt_icache_flush_all.o)
 .debug_line    0x0000000000000817       0x50 ../hello_world_modified_bsp/\libhal_bsp.a(altera_nios2_qsys_irq.o)
 .debug_line    0x0000000000000867      0x16f c:/altera/16.0/nios2eds/bin/gnu/h-x86_64-mingw32/bin/../lib/gcc/nios2-elf/5.2.0/../../../../../H-x86_64-mingw32/nios2-elf/lib/mno-hw-mul\libc.a(lib_a-strlen.o)

.debug_frame    0x0000000000000000      0x1fc
 *(.debug_frame)
 .debug_frame   0x0000000000000000       0x28 obj/default/hello_world_small.o
 .debug_frame   0x0000000000000028       0x2c ../hello_world_modified_bsp/\libhal_bsp.a(alt_getchar.o)
 .debug_frame   0x0000000000000054       0x30 ../hello_world_modified_bsp/\libhal_bsp.a(alt_load.o)
 .debug_frame   0x0000000000000084       0x2c ../hello_world_modified_bsp/\libhal_bsp.a(alt_main.o)
 .debug_frame   0x00000000000000b0       0x30 ../hello_world_modified_bsp/\libhal_bsp.a(alt_putstr.o)
 .debug_frame   0x00000000000000e0       0x3c ../hello_world_modified_bsp/\libhal_bsp.a(alt_sys_init.o)
 .debug_frame   0x000000000000011c       0x20 ../hello_world_modified_bsp/\libhal_bsp.a(altera_avalon_jtag_uart_read.o)
 .debug_frame   0x000000000000013c       0x20 ../hello_world_modified_bsp/\libhal_bsp.a(altera_avalon_jtag_uart_write.o)
 .debug_frame   0x000000000000015c       0x20 ../hello_world_modified_bsp/\libhal_bsp.a(alt_dcache_flush_all.o)
 .debug_frame   0x000000000000017c       0x20 ../hello_world_modified_bsp/\libhal_bsp.a(alt_dev.o)
 .debug_frame   0x000000000000019c       0x20 ../hello_world_modified_bsp/\libhal_bsp.a(alt_icache_flush_all.o)
 .debug_frame   0x00000000000001bc       0x20 ../hello_world_modified_bsp/\libhal_bsp.a(altera_nios2_qsys_irq.o)
 .debug_frame   0x00000000000001dc       0x20 c:/altera/16.0/nios2eds/bin/gnu/h-x86_64-mingw32/bin/../lib/gcc/nios2-elf/5.2.0/../../../../../H-x86_64-mingw32/nios2-elf/lib/mno-hw-mul\libc.a(lib_a-strlen.o)

.debug_str      0x0000000000000000      0x844
 *(.debug_str)
 .debug_str     0x0000000000000000       0xa8 obj/default/hello_world_small.o
                                         0xb2 (size before relaxing)
 .debug_str     0x00000000000000a8      0x1e7 ../hello_world_modified_bsp/\libhal_bsp.a(alt_getchar.o)
                                        0x242 (size before relaxing)
 .debug_str     0x000000000000028f      0x15e ../hello_world_modified_bsp/\libhal_bsp.a(alt_load.o)
                                        0x244 (size before relaxing)
 .debug_str     0x00000000000003ed       0x5e ../hello_world_modified_bsp/\libhal_bsp.a(alt_main.o)
                                        0x1c1 (size before relaxing)
 .debug_str     0x000000000000044b       0x3a ../hello_world_modified_bsp/\libhal_bsp.a(alt_putstr.o)
                                        0x19c (size before relaxing)
 .debug_str     0x0000000000000485       0x86 ../hello_world_modified_bsp/\libhal_bsp.a(alt_sys_init.o)
                                        0x230 (size before relaxing)
 .debug_str     0x000000000000050b       0x3d ../hello_world_modified_bsp/\libhal_bsp.a(altera_avalon_jtag_uart_read.o)
                                        0x22b (size before relaxing)
 .debug_str     0x0000000000000548       0x32 ../hello_world_modified_bsp/\libhal_bsp.a(altera_avalon_jtag_uart_write.o)
                                        0x221 (size before relaxing)
 .debug_str     0x000000000000057a       0x1f ../hello_world_modified_bsp/\libhal_bsp.a(alt_dcache_flush_all.o)
                                        0x161 (size before relaxing)
 .debug_str     0x0000000000000599      0x120 ../hello_world_modified_bsp/\libhal_bsp.a(alt_dev.o)
                                        0x311 (size before relaxing)
 .debug_str     0x00000000000006b9       0x1f ../hello_world_modified_bsp/\libhal_bsp.a(alt_icache_flush_all.o)
                                        0x161 (size before relaxing)
 .debug_str     0x00000000000006d8       0x20 ../hello_world_modified_bsp/\libhal_bsp.a(altera_nios2_qsys_irq.o)
                                        0x168 (size before relaxing)
 .debug_str     0x00000000000006f8      0x14c c:/altera/16.0/nios2eds/bin/gnu/h-x86_64-mingw32/bin/../lib/gcc/nios2-elf/5.2.0/../../../../../H-x86_64-mingw32/nios2-elf/lib/mno-hw-mul\libc.a(lib_a-strlen.o)
                                        0x1f7 (size before relaxing)

.debug_loc      0x0000000000000000      0x217
 *(.debug_loc)
 .debug_loc     0x0000000000000000       0x20 obj/default/hello_world_small.o
 .debug_loc     0x0000000000000020       0x37 ../hello_world_modified_bsp/\libhal_bsp.a(alt_putstr.o)
 .debug_loc     0x0000000000000057       0x21 ../hello_world_modified_bsp/\libhal_bsp.a(alt_sys_init.o)
 .debug_loc     0x0000000000000078       0xcd ../hello_world_modified_bsp/\libhal_bsp.a(altera_avalon_jtag_uart_read.o)
 .debug_loc     0x0000000000000145       0x8b ../hello_world_modified_bsp/\libhal_bsp.a(altera_avalon_jtag_uart_write.o)
 .debug_loc     0x00000000000001d0       0x47 c:/altera/16.0/nios2eds/bin/gnu/h-x86_64-mingw32/bin/../lib/gcc/nios2-elf/5.2.0/../../../../../H-x86_64-mingw32/nios2-elf/lib/mno-hw-mul\libc.a(lib_a-strlen.o)

.debug_macinfo
 *(.debug_macinfo)

.debug_weaknames
 *(.debug_weaknames)

.debug_funcnames
 *(.debug_funcnames)

.debug_typenames
 *(.debug_typenames)

.debug_varnames
 *(.debug_varnames)

.debug_alt_sim_info
                0x0000000000000000       0x10
 *(.debug_alt_sim_info)
 .debug_alt_sim_info
                0x0000000000000000       0x10 ../hello_world_modified_bsp//obj/HAL/src/crt0.o
                0x0000000000008000                __alt_data_end = 0x8000
                0x0000000000008000                PROVIDE (__alt_stack_pointer, __alt_data_end)
                [!provide]                        PROVIDE (__alt_stack_limit, __alt_stack_base)
                [!provide]                        PROVIDE (__alt_heap_start, end)
                [!provide]                        PROVIDE (__alt_heap_limit, 0x8000)
OUTPUT(hello_world_modified.elf elf32-littlenios2)

.debug_ranges   0x0000000000000000       0xa8
 .debug_ranges  0x0000000000000000       0x20 ../hello_world_modified_bsp//obj/HAL/src/crt0.o
 .debug_ranges  0x0000000000000020       0x10 obj/default/hello_world_small.o
 .debug_ranges  0x0000000000000030       0x48 ../hello_world_modified_bsp/\libhal_bsp.a(alt_load.o)
 .debug_ranges  0x0000000000000078       0x20 ../hello_world_modified_bsp/\libhal_bsp.a(altera_avalon_jtag_uart_read.o)
 .debug_ranges  0x0000000000000098       0x10 c:/altera/16.0/nios2eds/bin/gnu/h-x86_64-mingw32/bin/../lib/gcc/nios2-elf/5.2.0/../../../../../H-x86_64-mingw32/nios2-elf/lib/mno-hw-mul\libc.a(lib_a-strlen.o)
