------------------------------------------------------------
TimeQuest Timing Analyzer Summary
------------------------------------------------------------

Type  : Slow 1100mV 85C Model Setup 'clk'
Slack : -8.462
TNS   : -502.020

Type  : Slow 1100mV 85C Model Hold 'clk'
Slack : 0.257
TNS   : 0.000

Type  : Slow 1100mV 85C Model Minimum Pulse Width 'clk'
Slack : -0.394
TNS   : -44.664

Type  : Slow 1100mV 0C Model Setup 'clk'
Slack : -8.542
TNS   : -499.862

Type  : Slow 1100mV 0C Model Hold 'clk'
Slack : 0.245
TNS   : 0.000

Type  : Slow 1100mV 0C Model Minimum Pulse Width 'clk'
Slack : -0.394
TNS   : -47.990

Type  : Fast 1100mV 85C Model Setup 'clk'
Slack : -4.258
TNS   : -249.191

Type  : Fast 1100mV 85C Model Hold 'clk'
Slack : 0.151
TNS   : 0.000

Type  : Fast 1100mV 85C Model Minimum Pulse Width 'clk'
Slack : -0.093
TNS   : -7.615

Type  : Fast 1100mV 0C Model Setup 'clk'
Slack : -3.893
TNS   : -224.532

Type  : Fast 1100mV 0C Model Hold 'clk'
Slack : 0.138
TNS   : 0.000

Type  : Fast 1100mV 0C Model Minimum Pulse Width 'clk'
Slack : -0.089
TNS   : -7.395

------------------------------------------------------------
