Archive member included to satisfy reference by file (symbol)

../sender_bsp/\libhal_bsp.a(alt_load.o)
                              ../sender_bsp//obj/HAL/src/crt0.o (alt_load)
../sender_bsp/\libhal_bsp.a(alt_main.o)
                              ../sender_bsp//obj/HAL/src/crt0.o (alt_main)
../sender_bsp/\libhal_bsp.a(alt_sys_init.o)
                              ../sender_bsp/\libhal_bsp.a(alt_main.o) (alt_irq_init)
../sender_bsp/\libhal_bsp.a(alt_dcache_flush_all.o)
                              ../sender_bsp/\libhal_bsp.a(alt_load.o) (alt_dcache_flush_all)
../sender_bsp/\libhal_bsp.a(alt_icache_flush_all.o)
                              ../sender_bsp/\libhal_bsp.a(alt_load.o) (alt_icache_flush_all)
../sender_bsp/\libhal_bsp.a(altera_nios2_qsys_irq.o)
                              ../sender_bsp/\libhal_bsp.a(alt_sys_init.o) (altera_nios2_qsys_irq_init)

Memory Configuration

Name             Origin             Length             Attributes
reset            0x0000000000000000 0x0000000000000020
onchip_memory    0x0000000000000020 0x0000000000007fe0
*default*        0x0000000000000000 0xffffffffffffffff

Linker script and memory map

LOAD ../sender_bsp//obj/HAL/src/crt0.o
LOAD obj/default/hello_world_small.o
LOAD c:/altera/16.0/nios2eds/bin/gnu/h-x86_64-mingw32/bin/../lib/gcc/nios2-elf/5.2.0/../../../../../H-x86_64-mingw32/nios2-elf/lib/mno-hw-mul\libstdc++.a
LOAD c:/altera/16.0/nios2eds/bin/gnu/h-x86_64-mingw32/bin/../lib/gcc/nios2-elf/5.2.0/../../../../../H-x86_64-mingw32/nios2-elf/lib/mno-hw-mul\libm.a
LOAD c:/altera/16.0/nios2eds/bin/gnu/h-x86_64-mingw32/bin/../lib/gcc/nios2-elf/5.2.0/mno-hw-mul\libgcc.a
START GROUP
LOAD c:/altera/16.0/nios2eds/bin/gnu/h-x86_64-mingw32/bin/../lib/gcc/nios2-elf/5.2.0/../../../../../H-x86_64-mingw32/nios2-elf/lib/mno-hw-mul\libsmallc.a
LOAD c:/altera/16.0/nios2eds/bin/gnu/h-x86_64-mingw32/bin/../lib/gcc/nios2-elf/5.2.0/mno-hw-mul\libgcc.a
LOAD ../sender_bsp/\libhal_bsp.a
LOAD c:/altera/16.0/nios2eds/bin/gnu/h-x86_64-mingw32/bin/../lib/gcc/nios2-elf/5.2.0/../../../../../H-x86_64-mingw32/nios2-elf/lib/mno-hw-mul\libm.a
END GROUP
LOAD c:/altera/16.0/nios2eds/bin/gnu/h-x86_64-mingw32/bin/../lib/gcc/nios2-elf/5.2.0/mno-hw-mul\libgcc.a
                0x0000000000000000                __alt_mem_onchip_memory = 0x0

.entry          0x0000000000000000       0x20
 *(.entry)
 .entry         0x0000000000000000       0x20 ../sender_bsp//obj/HAL/src/crt0.o
                0x0000000000000000                __reset
                0x000000000000000c                _exit

.exceptions     0x0000000000000020        0x0
                0x0000000000000020                PROVIDE (__ram_exceptions_start, ABSOLUTE (.))
                0x0000000000000020                . = ALIGN (0x20)
 *(.irq)
 *(.exceptions.entry.label)
 *(.exceptions.entry.user)
 *(.exceptions.entry.ecc_fatal)
 *(.exceptions.entry)
 *(.exceptions.irqtest.user)
 *(.exceptions.irqtest)
 *(.exceptions.irqhandler.user)
 *(.exceptions.irqhandler)
 *(.exceptions.irqreturn.user)
 *(.exceptions.irqreturn)
 *(.exceptions.notirq.label)
 *(.exceptions.notirq.user)
 *(.exceptions.notirq)
 *(.exceptions.soft.user)
 *(.exceptions.soft)
 *(.exceptions.unknown.user)
 *(.exceptions.unknown)
 *(.exceptions.exit.label)
 *(.exceptions.exit.user)
 *(.exceptions.exit)
 *(.exceptions)
                0x0000000000000020                PROVIDE (__ram_exceptions_end, ABSOLUTE (.))
                0x0000000000000020                PROVIDE (__flash_exceptions_start, LOADADDR (.exceptions))

.text           0x0000000000000020      0x194
                [!provide]                        PROVIDE (stext, ABSOLUTE (.))
 *(.interp)
 *(.hash)
 *(.dynsym)
 *(.dynstr)
 *(.gnu.version)
 *(.gnu.version_d)
 *(.gnu.version_r)
 *(.rel.init)
 *(.rela.init)
 *(.rel.text .rel.text.* .rel.gnu.linkonce.t.*)
 *(.rela.text .rela.text.* .rela.gnu.linkonce.t.*)
 *(.rel.fini)
 *(.rela.fini)
 *(.rel.rodata .rel.rodata.* .rel.gnu.linkonce.r.*)
 *(.rela.rodata .rela.rodata.* .rela.gnu.linkonce.r.*)
 *(.rel.data .rel.data.* .rel.gnu.linkonce.d.*)
 *(.rela.data .rela.data.* .rela.gnu.linkonce.d.*)
 *(.rel.tdata .rel.tdata.* .rel.gnu.linkonce.td.*)
 *(.rela.tdata .rela.tdata.* .rela.gnu.linkonce.td.*)
 *(.rel.tbss .rel.tbss.* .rel.gnu.linkonce.tb.*)
 *(.rela.tbss .rela.tbss.* .rela.gnu.linkonce.tb.*)
 *(.rel.ctors)
 *(.rela.ctors)
 *(.rel.dtors)
 *(.rela.dtors)
 *(.rel.got)
 *(.rela.got)
 *(.rel.sdata .rel.sdata.* .rel.gnu.linkonce.s.*)
 *(.rela.sdata .rela.sdata.* .rela.gnu.linkonce.s.*)
 *(.rel.sbss .rel.sbss.* .rel.gnu.linkonce.sb.*)
 *(.rela.sbss .rela.sbss.* .rela.gnu.linkonce.sb.*)
 *(.rel.sdata2 .rel.sdata2.* .rel.gnu.linkonce.s2.*)
 *(.rela.sdata2 .rela.sdata2.* .rela.gnu.linkonce.s2.*)
 *(.rel.sbss2 .rel.sbss2.* .rel.gnu.linkonce.sb2.*)
 *(.rela.sbss2 .rela.sbss2.* .rela.gnu.linkonce.sb2.*)
 *(.rel.bss .rel.bss.* .rel.gnu.linkonce.b.*)
 *(.rela.bss .rela.bss.* .rela.gnu.linkonce.b.*)
 *(.rel.plt)
 *(.rela.plt)
 *(.rel.dyn)
 *(.init)
 *(.plt)
 *(.text .stub .text.* .gnu.linkonce.t.*)
 .text          0x0000000000000020       0x3c ../sender_bsp//obj/HAL/src/crt0.o
                0x0000000000000020                _start
 .text          0x000000000000005c        0x0 obj/default/hello_world_small.o
 .text.startup  0x000000000000005c       0x18 obj/default/hello_world_small.o
                0x000000000000005c                main
 .text          0x0000000000000074       0xe0 ../sender_bsp/\libhal_bsp.a(alt_load.o)
                0x0000000000000074                alt_load
 .text          0x0000000000000154       0x2c ../sender_bsp/\libhal_bsp.a(alt_main.o)
                0x0000000000000154                alt_main
 .text          0x0000000000000180       0x24 ../sender_bsp/\libhal_bsp.a(alt_sys_init.o)
                0x0000000000000180                alt_irq_init
                0x00000000000001a0                alt_sys_init
 .text          0x00000000000001a4        0x4 ../sender_bsp/\libhal_bsp.a(alt_dcache_flush_all.o)
                0x00000000000001a4                alt_dcache_flush_all
 .text          0x00000000000001a8        0x4 ../sender_bsp/\libhal_bsp.a(alt_icache_flush_all.o)
                0x00000000000001a8                alt_icache_flush_all
 .text          0x00000000000001ac        0x8 ../sender_bsp/\libhal_bsp.a(altera_nios2_qsys_irq.o)
                0x00000000000001ac                altera_nios2_qsys_irq_init
 *(.gnu.warning.*)
 *(.fini)
                [!provide]                        PROVIDE (__etext, ABSOLUTE (.))
                [!provide]                        PROVIDE (_etext, ABSOLUTE (.))
                [!provide]                        PROVIDE (etext, ABSOLUTE (.))
 *(.eh_frame_hdr)
                0x00000000000001b4                . = ALIGN (0x4)
                [!provide]                        PROVIDE (__preinit_array_start, ABSOLUTE (.))
 *(.preinit_array)
                [!provide]                        PROVIDE (__preinit_array_end, ABSOLUTE (.))
                [!provide]                        PROVIDE (__init_array_start, ABSOLUTE (.))
 *(.init_array)
                [!provide]                        PROVIDE (__init_array_end, ABSOLUTE (.))
                [!provide]                        PROVIDE (__fini_array_start, ABSOLUTE (.))
 *(.fini_array)
                [!provide]                        PROVIDE (__fini_array_end, ABSOLUTE (.))
 *(.eh_frame)
 *(.gcc_except_table .gcc_except_table.*)
 *(.dynamic)
                [!provide]                        PROVIDE (__CTOR_LIST__, ABSOLUTE (.))
 *(.ctors)
 *(SORT(.ctors.*))
                [!provide]                        PROVIDE (__CTOR_END__, ABSOLUTE (.))
                [!provide]                        PROVIDE (__DTOR_LIST__, ABSOLUTE (.))
 *(.dtors)
 *(SORT(.dtors.*))
                [!provide]                        PROVIDE (__DTOR_END__, ABSOLUTE (.))
 *(.jcr)
                0x00000000000001b4                . = ALIGN (0x4)

.rodata         0x00000000000001b4        0x0
                0x00000000000001b4                PROVIDE (__ram_rodata_start, ABSOLUTE (.))
                0x00000000000001b4                . = ALIGN (0x4)
 *(.rodata .rodata.* .gnu.linkonce.r.*)
 *(.rodata1)
                0x00000000000001b4                . = ALIGN (0x4)
                0x00000000000001b4                PROVIDE (__ram_rodata_end, ABSOLUTE (.))
                0x00000000000001b4                PROVIDE (__flash_rodata_start, LOADADDR (.rodata))

.rwdata         0x00000000000001b4        0x4 load address 0x00000000000001b8
                0x00000000000001b4                PROVIDE (__ram_rwdata_start, ABSOLUTE (.))
                0x00000000000001b4                . = ALIGN (0x4)
 *(.got.plt)
 *(.got)
 *(.data1)
 *(.data .data.* .gnu.linkonce.d.*)
 .data          0x00000000000001b4        0x0 ../sender_bsp//obj/HAL/src/crt0.o
 .data          0x00000000000001b4        0x0 obj/default/hello_world_small.o
 .data          0x00000000000001b4        0x0 ../sender_bsp/\libhal_bsp.a(alt_load.o)
 .data          0x00000000000001b4        0x0 ../sender_bsp/\libhal_bsp.a(alt_main.o)
 .data          0x00000000000001b4        0x0 ../sender_bsp/\libhal_bsp.a(alt_sys_init.o)
 .data          0x00000000000001b4        0x0 ../sender_bsp/\libhal_bsp.a(alt_dcache_flush_all.o)
 .data          0x00000000000001b4        0x0 ../sender_bsp/\libhal_bsp.a(alt_icache_flush_all.o)
 .data          0x00000000000001b4        0x0 ../sender_bsp/\libhal_bsp.a(altera_nios2_qsys_irq.o)
                0x00000000000081b4                _gp = ABSOLUTE ((. + 0x8000))
                [!provide]                        PROVIDE (gp, _gp)
 *(.rwdata .rwdata.*)
 *(.sdata .sdata.* .gnu.linkonce.s.*)
 .sdata         0x00000000000001b4        0x4 ../sender_bsp/\libhal_bsp.a(alt_sys_init.o)
                0x00000000000001b4                jtag_uart
 *(.sdata2 .sdata2.* .gnu.linkonce.s2.*)
                0x00000000000001b8                . = ALIGN (0x4)
                0x00000000000001b8                _edata = ABSOLUTE (.)
                [!provide]                        PROVIDE (edata, ABSOLUTE (.))
                0x00000000000001b8                PROVIDE (__ram_rwdata_end, ABSOLUTE (.))
                0x00000000000001b8                PROVIDE (__flash_rwdata_start, LOADADDR (.rwdata))

.bss            0x00000000000001bc        0xc
                0x00000000000001bc                __bss_start = ABSOLUTE (.)
                [!provide]                        PROVIDE (__sbss_start, ABSOLUTE (.))
                [!provide]                        PROVIDE (___sbss_start, ABSOLUTE (.))
 *(.dynsbss)
 *(.sbss .sbss.* .gnu.linkonce.sb.*)
 .sbss          0x00000000000001bc        0xc ../sender_bsp/\libhal_bsp.a(alt_main.o)
                0x00000000000001bc                alt_envp
                0x00000000000001c0                alt_argv
                0x00000000000001c4                alt_argc
 *(.sbss2 .sbss2.* .gnu.linkonce.sb2.*)
 *(.scommon)
                [!provide]                        PROVIDE (__sbss_end, ABSOLUTE (.))
                [!provide]                        PROVIDE (___sbss_end, ABSOLUTE (.))
 *(.dynbss)
 *(.bss .bss.* .gnu.linkonce.b.*)
 .bss           0x00000000000001c8        0x0 ../sender_bsp//obj/HAL/src/crt0.o
 .bss           0x00000000000001c8        0x0 obj/default/hello_world_small.o
 .bss           0x00000000000001c8        0x0 ../sender_bsp/\libhal_bsp.a(alt_load.o)
 .bss           0x00000000000001c8        0x0 ../sender_bsp/\libhal_bsp.a(alt_main.o)
 .bss           0x00000000000001c8        0x0 ../sender_bsp/\libhal_bsp.a(alt_sys_init.o)
 .bss           0x00000000000001c8        0x0 ../sender_bsp/\libhal_bsp.a(alt_dcache_flush_all.o)
 .bss           0x00000000000001c8        0x0 ../sender_bsp/\libhal_bsp.a(alt_icache_flush_all.o)
 .bss           0x00000000000001c8        0x0 ../sender_bsp/\libhal_bsp.a(altera_nios2_qsys_irq.o)
 *(COMMON)
                0x00000000000001c8                . = ALIGN (0x4)
                0x00000000000001c8                __bss_end = ABSOLUTE (.)

.onchip_memory  0x00000000000001c8        0x0
                [!provide]                        PROVIDE (_alt_partition_onchip_memory_start, ABSOLUTE (.))
 *(.onchip_memory .onchip_memory. onchip_memory.*)
                0x00000000000001c8                . = ALIGN (0x4)
                [!provide]                        PROVIDE (_alt_partition_onchip_memory_end, ABSOLUTE (.))
                0x00000000000001c8                _end = ABSOLUTE (.)
                0x00000000000001c8                end = ABSOLUTE (.)
                0x00000000000001c8                __alt_stack_base = ABSOLUTE (.)
                [!provide]                        PROVIDE (_alt_partition_onchip_memory_load_addr, LOADADDR (.onchip_memory))

.stab
 *(.stab)

.stabstr
 *(.stabstr)

.stab.excl
 *(.stab.excl)

.stab.exclstr
 *(.stab.exclstr)

.stab.index
 *(.stab.index)

.stab.indexstr
 *(.stab.indexstr)

.comment        0x0000000000000000       0x23
 *(.comment)
 .comment       0x0000000000000000       0x23 obj/default/hello_world_small.o
                                         0x24 (size before relaxing)
 .comment       0x0000000000000023       0x24 ../sender_bsp/\libhal_bsp.a(alt_load.o)
 .comment       0x0000000000000023       0x24 ../sender_bsp/\libhal_bsp.a(alt_main.o)
 .comment       0x0000000000000023       0x24 ../sender_bsp/\libhal_bsp.a(alt_sys_init.o)
 .comment       0x0000000000000023       0x24 ../sender_bsp/\libhal_bsp.a(alt_dcache_flush_all.o)
 .comment       0x0000000000000023       0x24 ../sender_bsp/\libhal_bsp.a(alt_icache_flush_all.o)
 .comment       0x0000000000000023       0x24 ../sender_bsp/\libhal_bsp.a(altera_nios2_qsys_irq.o)

.debug
 *(.debug)

.line
 *(.line)

.debug_srcinfo
 *(.debug_srcinfo)

.debug_sfnames
 *(.debug_sfnames)

.debug_aranges  0x0000000000000000      0x108
 *(.debug_aranges)
 .debug_aranges
                0x0000000000000000       0x28 ../sender_bsp//obj/HAL/src/crt0.o
 .debug_aranges
                0x0000000000000028       0x20 obj/default/hello_world_small.o
 .debug_aranges
                0x0000000000000048       0x20 ../sender_bsp/\libhal_bsp.a(alt_load.o)
 .debug_aranges
                0x0000000000000068       0x20 ../sender_bsp/\libhal_bsp.a(alt_main.o)
 .debug_aranges
                0x0000000000000088       0x20 ../sender_bsp/\libhal_bsp.a(alt_sys_init.o)
 .debug_aranges
                0x00000000000000a8       0x20 ../sender_bsp/\libhal_bsp.a(alt_dcache_flush_all.o)
 .debug_aranges
                0x00000000000000c8       0x20 ../sender_bsp/\libhal_bsp.a(alt_icache_flush_all.o)
 .debug_aranges
                0x00000000000000e8       0x20 ../sender_bsp/\libhal_bsp.a(altera_nios2_qsys_irq.o)

.debug_pubnames
 *(.debug_pubnames)

.debug_info     0x0000000000000000      0x778
 *(.debug_info .gnu.linkonce.wi.*)
 .debug_info    0x0000000000000000       0x71 ../sender_bsp//obj/HAL/src/crt0.o
 .debug_info    0x0000000000000071       0x9a obj/default/hello_world_small.o
 .debug_info    0x000000000000010b      0x1c9 ../sender_bsp/\libhal_bsp.a(alt_load.o)
 .debug_info    0x00000000000002d4      0x169 ../sender_bsp/\libhal_bsp.a(alt_main.o)
 .debug_info    0x000000000000043d      0x185 ../sender_bsp/\libhal_bsp.a(alt_sys_init.o)
 .debug_info    0x00000000000005c2       0x92 ../sender_bsp/\libhal_bsp.a(alt_dcache_flush_all.o)
 .debug_info    0x0000000000000654       0x92 ../sender_bsp/\libhal_bsp.a(alt_icache_flush_all.o)
 .debug_info    0x00000000000006e6       0x92 ../sender_bsp/\libhal_bsp.a(altera_nios2_qsys_irq.o)

.debug_abbrev   0x0000000000000000      0x408
 *(.debug_abbrev)
 .debug_abbrev  0x0000000000000000       0x12 ../sender_bsp//obj/HAL/src/crt0.o
 .debug_abbrev  0x0000000000000012       0x63 obj/default/hello_world_small.o
 .debug_abbrev  0x0000000000000075       0xd8 ../sender_bsp/\libhal_bsp.a(alt_load.o)
 .debug_abbrev  0x000000000000014d       0xee ../sender_bsp/\libhal_bsp.a(alt_main.o)
 .debug_abbrev  0x000000000000023b      0x107 ../sender_bsp/\libhal_bsp.a(alt_sys_init.o)
 .debug_abbrev  0x0000000000000342       0x42 ../sender_bsp/\libhal_bsp.a(alt_dcache_flush_all.o)
 .debug_abbrev  0x0000000000000384       0x42 ../sender_bsp/\libhal_bsp.a(alt_icache_flush_all.o)
 .debug_abbrev  0x00000000000003c6       0x42 ../sender_bsp/\libhal_bsp.a(altera_nios2_qsys_irq.o)

.debug_line     0x0000000000000000      0x3fb
 *(.debug_line)
 .debug_line    0x0000000000000000       0x66 ../sender_bsp//obj/HAL/src/crt0.o
 .debug_line    0x0000000000000066       0x46 obj/default/hello_world_small.o
 .debug_line    0x00000000000000ac       0xa5 ../sender_bsp/\libhal_bsp.a(alt_load.o)
 .debug_line    0x0000000000000151       0xbd ../sender_bsp/\libhal_bsp.a(alt_main.o)
 .debug_line    0x000000000000020e      0x101 ../sender_bsp/\libhal_bsp.a(alt_sys_init.o)
 .debug_line    0x000000000000030f       0x4e ../sender_bsp/\libhal_bsp.a(alt_dcache_flush_all.o)
 .debug_line    0x000000000000035d       0x4e ../sender_bsp/\libhal_bsp.a(alt_icache_flush_all.o)
 .debug_line    0x00000000000003ab       0x50 ../sender_bsp/\libhal_bsp.a(altera_nios2_qsys_irq.o)

.debug_frame    0x0000000000000000      0x118
 *(.debug_frame)
 .debug_frame   0x0000000000000000       0x20 obj/default/hello_world_small.o
 .debug_frame   0x0000000000000020       0x30 ../sender_bsp/\libhal_bsp.a(alt_load.o)
 .debug_frame   0x0000000000000050       0x2c ../sender_bsp/\libhal_bsp.a(alt_main.o)
 .debug_frame   0x000000000000007c       0x3c ../sender_bsp/\libhal_bsp.a(alt_sys_init.o)
 .debug_frame   0x00000000000000b8       0x20 ../sender_bsp/\libhal_bsp.a(alt_dcache_flush_all.o)
 .debug_frame   0x00000000000000d8       0x20 ../sender_bsp/\libhal_bsp.a(alt_icache_flush_all.o)
 .debug_frame   0x00000000000000f8       0x20 ../sender_bsp/\libhal_bsp.a(altera_nios2_qsys_irq.o)

.debug_str      0x0000000000000000      0x429
 *(.debug_str)
 .debug_str     0x0000000000000000       0xd7 obj/default/hello_world_small.o
                                        0x108 (size before relaxing)
 .debug_str     0x00000000000000d7      0x1b5 ../sender_bsp/\libhal_bsp.a(alt_load.o)
                                        0x23e (size before relaxing)
 .debug_str     0x000000000000028c       0x8f ../sender_bsp/\libhal_bsp.a(alt_main.o)
                                        0x1b7 (size before relaxing)
 .debug_str     0x000000000000031b       0xb0 ../sender_bsp/\libhal_bsp.a(alt_sys_init.o)
                                        0x226 (size before relaxing)
 .debug_str     0x00000000000003cb       0x1f ../sender_bsp/\libhal_bsp.a(alt_dcache_flush_all.o)
                                        0x157 (size before relaxing)
 .debug_str     0x00000000000003ea       0x1f ../sender_bsp/\libhal_bsp.a(alt_icache_flush_all.o)
                                        0x157 (size before relaxing)
 .debug_str     0x0000000000000409       0x20 ../sender_bsp/\libhal_bsp.a(altera_nios2_qsys_irq.o)
                                        0x15e (size before relaxing)

.debug_loc      0x0000000000000000       0x21
 *(.debug_loc)
 .debug_loc     0x0000000000000000       0x21 ../sender_bsp/\libhal_bsp.a(alt_sys_init.o)

.debug_macinfo
 *(.debug_macinfo)

.debug_weaknames
 *(.debug_weaknames)

.debug_funcnames
 *(.debug_funcnames)

.debug_typenames
 *(.debug_typenames)

.debug_varnames
 *(.debug_varnames)

.debug_alt_sim_info
                0x0000000000000000       0x10
 *(.debug_alt_sim_info)
 .debug_alt_sim_info
                0x0000000000000000       0x10 ../sender_bsp//obj/HAL/src/crt0.o
                0x0000000000008000                __alt_data_end = 0x8000
                0x0000000000008000                PROVIDE (__alt_stack_pointer, __alt_data_end)
                [!provide]                        PROVIDE (__alt_stack_limit, __alt_stack_base)
                [!provide]                        PROVIDE (__alt_heap_start, end)
                [!provide]                        PROVIDE (__alt_heap_limit, 0x8000)
OUTPUT(sender.elf elf32-littlenios2)

.debug_ranges   0x0000000000000000       0x78
 .debug_ranges  0x0000000000000000       0x20 ../sender_bsp//obj/HAL/src/crt0.o
 .debug_ranges  0x0000000000000020       0x10 obj/default/hello_world_small.o
 .debug_ranges  0x0000000000000030       0x48 ../sender_bsp/\libhal_bsp.a(alt_load.o)
