Archive member included to satisfy reference by file (symbol)

../sender_bsp/\libhal_bsp.a(alt_getchar.o)
                              obj/default/hello_world_small.o (alt_getchar)
../sender_bsp/\libhal_bsp.a(alt_load.o)
                              ../sender_bsp//obj/HAL/src/crt0.o (alt_load)
../sender_bsp/\libhal_bsp.a(alt_main.o)
                              ../sender_bsp//obj/HAL/src/crt0.o (alt_main)
../sender_bsp/\libhal_bsp.a(alt_putstr.o)
                              obj/default/hello_world_small.o (alt_putstr)
../sender_bsp/\libhal_bsp.a(alt_sys_init.o)
                              ../sender_bsp/\libhal_bsp.a(alt_main.o) (alt_irq_init)
../sender_bsp/\libhal_bsp.a(altera_avalon_jtag_uart_read.o)
                              ../sender_bsp/\libhal_bsp.a(alt_getchar.o) (altera_avalon_jtag_uart_read)
../sender_bsp/\libhal_bsp.a(altera_avalon_jtag_uart_write.o)
                              ../sender_bsp/\libhal_bsp.a(alt_putstr.o) (altera_avalon_jtag_uart_write)
../sender_bsp/\libhal_bsp.a(alt_dcache_flush_all.o)
                              ../sender_bsp/\libhal_bsp.a(alt_load.o) (alt_dcache_flush_all)
../sender_bsp/\libhal_bsp.a(alt_dev.o)
                              ../sender_bsp/\libhal_bsp.a(alt_getchar.o) (alt_fd_list)
../sender_bsp/\libhal_bsp.a(alt_icache_flush_all.o)
                              ../sender_bsp/\libhal_bsp.a(alt_load.o) (alt_icache_flush_all)
../sender_bsp/\libhal_bsp.a(altera_nios2_qsys_irq.o)
                              ../sender_bsp/\libhal_bsp.a(alt_sys_init.o) (altera_nios2_qsys_irq_init)
c:/altera/16.0/nios2eds/bin/gnu/h-x86_64-mingw32/bin/../lib/gcc/nios2-elf/5.2.0/../../../../../H-x86_64-mingw32/nios2-elf/lib/mno-hw-mul\libsmallc.a(lib_a-strlen.o)
                              ../sender_bsp/\libhal_bsp.a(alt_putstr.o) (strlen)

Memory Configuration

Name             Origin             Length             Attributes
reset            0x0000000000000000 0x0000000000000020
onchip_memory    0x0000000000000020 0x0000000000007fe0
*default*        0x0000000000000000 0xffffffffffffffff

Linker script and memory map

LOAD ../sender_bsp//obj/HAL/src/crt0.o
LOAD obj/default/hello_world_small.o
LOAD c:/altera/16.0/nios2eds/bin/gnu/h-x86_64-mingw32/bin/../lib/gcc/nios2-elf/5.2.0/../../../../../H-x86_64-mingw32/nios2-elf/lib/mno-hw-mul\libstdc++.a
LOAD c:/altera/16.0/nios2eds/bin/gnu/h-x86_64-mingw32/bin/../lib/gcc/nios2-elf/5.2.0/../../../../../H-x86_64-mingw32/nios2-elf/lib/mno-hw-mul\libm.a
LOAD c:/altera/16.0/nios2eds/bin/gnu/h-x86_64-mingw32/bin/../lib/gcc/nios2-elf/5.2.0/mno-hw-mul\libgcc.a
START GROUP
LOAD c:/altera/16.0/nios2eds/bin/gnu/h-x86_64-mingw32/bin/../lib/gcc/nios2-elf/5.2.0/../../../../../H-x86_64-mingw32/nios2-elf/lib/mno-hw-mul\libsmallc.a
LOAD c:/altera/16.0/nios2eds/bin/gnu/h-x86_64-mingw32/bin/../lib/gcc/nios2-elf/5.2.0/mno-hw-mul\libgcc.a
LOAD ../sender_bsp/\libhal_bsp.a
LOAD c:/altera/16.0/nios2eds/bin/gnu/h-x86_64-mingw32/bin/../lib/gcc/nios2-elf/5.2.0/../../../../../H-x86_64-mingw32/nios2-elf/lib/mno-hw-mul\libm.a
END GROUP
LOAD c:/altera/16.0/nios2eds/bin/gnu/h-x86_64-mingw32/bin/../lib/gcc/nios2-elf/5.2.0/mno-hw-mul\libgcc.a
                0x0000000000000000                __alt_mem_onchip_memory = 0x0

.entry          0x0000000000000000       0x20
 *(.entry)
 .entry         0x0000000000000000       0x20 ../sender_bsp//obj/HAL/src/crt0.o
                0x0000000000000000                __reset
                0x000000000000000c                _exit

.exceptions     0x0000000000000020        0x0
                0x0000000000000020                PROVIDE (__ram_exceptions_start, ABSOLUTE (.))
                0x0000000000000020                . = ALIGN (0x20)
 *(.irq)
 *(.exceptions.entry.label)
 *(.exceptions.entry.user)
 *(.exceptions.entry.ecc_fatal)
 *(.exceptions.entry)
 *(.exceptions.irqtest.user)
 *(.exceptions.irqtest)
 *(.exceptions.irqhandler.user)
 *(.exceptions.irqhandler)
 *(.exceptions.irqreturn.user)
 *(.exceptions.irqreturn)
 *(.exceptions.notirq.label)
 *(.exceptions.notirq.user)
 *(.exceptions.notirq)
 *(.exceptions.soft.user)
 *(.exceptions.soft)
 *(.exceptions.unknown.user)
 *(.exceptions.unknown)
 *(.exceptions.exit.label)
 *(.exceptions.exit.user)
 *(.exceptions.exit)
 *(.exceptions)
                0x0000000000000020                PROVIDE (__ram_exceptions_end, ABSOLUTE (.))
                0x0000000000000020                PROVIDE (__flash_exceptions_start, LOADADDR (.exceptions))

.text           0x0000000000000020      0x308
                [!provide]                        PROVIDE (stext, ABSOLUTE (.))
 *(.interp)
 *(.hash)
 *(.dynsym)
 *(.dynstr)
 *(.gnu.version)
 *(.gnu.version_d)
 *(.gnu.version_r)
 *(.rel.init)
 *(.rela.init)
 *(.rel.text .rel.text.* .rel.gnu.linkonce.t.*)
 *(.rela.text .rela.text.* .rela.gnu.linkonce.t.*)
 *(.rel.fini)
 *(.rela.fini)
 *(.rel.rodata .rel.rodata.* .rel.gnu.linkonce.r.*)
 *(.rela.rodata .rela.rodata.* .rela.gnu.linkonce.r.*)
 *(.rel.data .rel.data.* .rel.gnu.linkonce.d.*)
 *(.rela.data .rela.data.* .rela.gnu.linkonce.d.*)
 *(.rel.tdata .rel.tdata.* .rel.gnu.linkonce.td.*)
 *(.rela.tdata .rela.tdata.* .rela.gnu.linkonce.td.*)
 *(.rel.tbss .rel.tbss.* .rel.gnu.linkonce.tb.*)
 *(.rela.tbss .rela.tbss.* .rela.gnu.linkonce.tb.*)
 *(.rel.ctors)
 *(.rela.ctors)
 *(.rel.dtors)
 *(.rela.dtors)
 *(.rel.got)
 *(.rela.got)
 *(.rel.sdata .rel.sdata.* .rel.gnu.linkonce.s.*)
 *(.rela.sdata .rela.sdata.* .rela.gnu.linkonce.s.*)
 *(.rel.sbss .rel.sbss.* .rel.gnu.linkonce.sb.*)
 *(.rela.sbss .rela.sbss.* .rela.gnu.linkonce.sb.*)
 *(.rel.sdata2 .rel.sdata2.* .rel.gnu.linkonce.s2.*)
 *(.rela.sdata2 .rela.sdata2.* .rela.gnu.linkonce.s2.*)
 *(.rel.sbss2 .rel.sbss2.* .rel.gnu.linkonce.sb2.*)
 *(.rela.sbss2 .rela.sbss2.* .rela.gnu.linkonce.sb2.*)
 *(.rel.bss .rel.bss.* .rel.gnu.linkonce.b.*)
 *(.rela.bss .rela.bss.* .rela.gnu.linkonce.b.*)
 *(.rel.plt)
 *(.rela.plt)
 *(.rel.dyn)
 *(.init)
 *(.plt)
 *(.text .stub .text.* .gnu.linkonce.t.*)
 .text          0x0000000000000020       0x3c ../sender_bsp//obj/HAL/src/crt0.o
                0x0000000000000020                _start
 .text          0x000000000000005c        0x0 obj/default/hello_world_small.o
 .text.startup  0x000000000000005c       0x5c obj/default/hello_world_small.o
                0x000000000000005c                main
 .text          0x00000000000000b8       0x44 ../sender_bsp/\libhal_bsp.a(alt_getchar.o)
                0x00000000000000b8                alt_getchar
 .text          0x00000000000000fc       0xe0 ../sender_bsp/\libhal_bsp.a(alt_load.o)
                0x00000000000000fc                alt_load
 .text          0x00000000000001dc       0x2c ../sender_bsp/\libhal_bsp.a(alt_main.o)
                0x00000000000001dc                alt_main
 .text          0x0000000000000208       0x38 ../sender_bsp/\libhal_bsp.a(alt_putstr.o)
                0x0000000000000208                alt_putstr
 .text          0x0000000000000240       0x24 ../sender_bsp/\libhal_bsp.a(alt_sys_init.o)
                0x0000000000000240                alt_irq_init
                0x0000000000000260                alt_sys_init
 .text          0x0000000000000264       0x5c ../sender_bsp/\libhal_bsp.a(altera_avalon_jtag_uart_read.o)
                0x0000000000000264                altera_avalon_jtag_uart_read
 .text          0x00000000000002c0       0x34 ../sender_bsp/\libhal_bsp.a(altera_avalon_jtag_uart_write.o)
                0x00000000000002c0                altera_avalon_jtag_uart_write
 .text          0x00000000000002f4        0x4 ../sender_bsp/\libhal_bsp.a(alt_dcache_flush_all.o)
                0x00000000000002f4                alt_dcache_flush_all
 .text          0x00000000000002f8        0x8 ../sender_bsp/\libhal_bsp.a(alt_dev.o)
 .text          0x0000000000000300        0x4 ../sender_bsp/\libhal_bsp.a(alt_icache_flush_all.o)
                0x0000000000000300                alt_icache_flush_all
 .text          0x0000000000000304        0x8 ../sender_bsp/\libhal_bsp.a(altera_nios2_qsys_irq.o)
                0x0000000000000304                altera_nios2_qsys_irq_init
 .text          0x000000000000030c        0x0 c:/altera/16.0/nios2eds/bin/gnu/h-x86_64-mingw32/bin/../lib/gcc/nios2-elf/5.2.0/../../../../../H-x86_64-mingw32/nios2-elf/lib/mno-hw-mul\libsmallc.a(lib_a-strlen.o)
 .text.strlen   0x000000000000030c       0x1c c:/altera/16.0/nios2eds/bin/gnu/h-x86_64-mingw32/bin/../lib/gcc/nios2-elf/5.2.0/../../../../../H-x86_64-mingw32/nios2-elf/lib/mno-hw-mul\libsmallc.a(lib_a-strlen.o)
                0x000000000000030c                strlen
 *(.gnu.warning.*)
 *(.fini)
                [!provide]                        PROVIDE (__etext, ABSOLUTE (.))
                [!provide]                        PROVIDE (_etext, ABSOLUTE (.))
                [!provide]                        PROVIDE (etext, ABSOLUTE (.))
 *(.eh_frame_hdr)
                0x0000000000000328                . = ALIGN (0x4)
                [!provide]                        PROVIDE (__preinit_array_start, ABSOLUTE (.))
 *(.preinit_array)
                [!provide]                        PROVIDE (__preinit_array_end, ABSOLUTE (.))
                [!provide]                        PROVIDE (__init_array_start, ABSOLUTE (.))
 *(.init_array)
                [!provide]                        PROVIDE (__init_array_end, ABSOLUTE (.))
                [!provide]                        PROVIDE (__fini_array_start, ABSOLUTE (.))
 *(.fini_array)
                [!provide]                        PROVIDE (__fini_array_end, ABSOLUTE (.))
 *(.eh_frame)
 *(.gcc_except_table .gcc_except_table.*)
 *(.dynamic)
                [!provide]                        PROVIDE (__CTOR_LIST__, ABSOLUTE (.))
 *(.ctors)
 *(SORT(.ctors.*))
                [!provide]                        PROVIDE (__CTOR_END__, ABSOLUTE (.))
                [!provide]                        PROVIDE (__DTOR_LIST__, ABSOLUTE (.))
 *(.dtors)
 *(SORT(.dtors.*))
                [!provide]                        PROVIDE (__DTOR_END__, ABSOLUTE (.))
 *(.jcr)
                0x0000000000000328                . = ALIGN (0x4)

.rodata         0x0000000000000328       0x48
                0x0000000000000328                PROVIDE (__ram_rodata_start, ABSOLUTE (.))
                0x0000000000000328                . = ALIGN (0x4)
 *(.rodata .rodata.* .gnu.linkonce.r.*)
 .rodata.str1.4
                0x0000000000000328       0x39 obj/default/hello_world_small.o
 *fill*         0x0000000000000361        0x3 
 .rodata.str1.4
                0x0000000000000364        0xc ../sender_bsp/\libhal_bsp.a(alt_dev.o)
                                          0xa (size before relaxing)
 *(.rodata1)
                0x0000000000000370                . = ALIGN (0x4)
                0x0000000000000370                PROVIDE (__ram_rodata_end, ABSOLUTE (.))
                0x0000000000000328                PROVIDE (__flash_rodata_start, LOADADDR (.rodata))

.rwdata         0x0000000000000370       0x70 load address 0x00000000000003e0
                0x0000000000000370                PROVIDE (__ram_rwdata_start, ABSOLUTE (.))
                0x0000000000000370                . = ALIGN (0x4)
 *(.got.plt)
 *(.got)
 *(.data1)
 *(.data .data.* .gnu.linkonce.d.*)
 .data          0x0000000000000370        0x0 ../sender_bsp//obj/HAL/src/crt0.o
 .data          0x0000000000000370        0x0 obj/default/hello_world_small.o
 .data          0x0000000000000370        0x0 ../sender_bsp/\libhal_bsp.a(alt_getchar.o)
 .data          0x0000000000000370        0x0 ../sender_bsp/\libhal_bsp.a(alt_load.o)
 .data          0x0000000000000370        0x0 ../sender_bsp/\libhal_bsp.a(alt_main.o)
 .data          0x0000000000000370        0x0 ../sender_bsp/\libhal_bsp.a(alt_putstr.o)
 .data          0x0000000000000370        0x0 ../sender_bsp/\libhal_bsp.a(alt_sys_init.o)
 .data          0x0000000000000370        0x0 ../sender_bsp/\libhal_bsp.a(altera_avalon_jtag_uart_read.o)
 .data          0x0000000000000370        0x0 ../sender_bsp/\libhal_bsp.a(altera_avalon_jtag_uart_write.o)
 .data          0x0000000000000370        0x0 ../sender_bsp/\libhal_bsp.a(alt_dcache_flush_all.o)
 .data          0x0000000000000370       0x58 ../sender_bsp/\libhal_bsp.a(alt_dev.o)
                0x0000000000000370                alt_fd_list
                0x00000000000003a0                alt_dev_null
 .data          0x00000000000003c8        0x0 ../sender_bsp/\libhal_bsp.a(alt_icache_flush_all.o)
 .data          0x00000000000003c8        0x0 ../sender_bsp/\libhal_bsp.a(altera_nios2_qsys_irq.o)
 .data          0x00000000000003c8        0x0 c:/altera/16.0/nios2eds/bin/gnu/h-x86_64-mingw32/bin/../lib/gcc/nios2-elf/5.2.0/../../../../../H-x86_64-mingw32/nios2-elf/lib/mno-hw-mul\libsmallc.a(lib_a-strlen.o)
                0x00000000000083c8                _gp = ABSOLUTE ((. + 0x8000))
                [!provide]                        PROVIDE (gp, _gp)
 *(.rwdata .rwdata.*)
 *(.sdata .sdata.* .gnu.linkonce.s.*)
 .sdata         0x00000000000003c8        0x4 ../sender_bsp/\libhal_bsp.a(alt_sys_init.o)
                0x00000000000003c8                jtag_uart
 .sdata         0x00000000000003cc       0x14 ../sender_bsp/\libhal_bsp.a(alt_dev.o)
                0x00000000000003cc                alt_max_fd
                0x00000000000003d0                alt_dev_list
                0x00000000000003d8                alt_fs_list
 *(.sdata2 .sdata2.* .gnu.linkonce.s2.*)
                0x00000000000003e0                . = ALIGN (0x4)
                0x00000000000003e0                _edata = ABSOLUTE (.)
                [!provide]                        PROVIDE (edata, ABSOLUTE (.))
                0x00000000000003e0                PROVIDE (__ram_rwdata_end, ABSOLUTE (.))
                0x00000000000003e0                PROVIDE (__flash_rwdata_start, LOADADDR (.rwdata))

.bss            0x0000000000000450        0xc
                0x0000000000000450                __bss_start = ABSOLUTE (.)
                [!provide]                        PROVIDE (__sbss_start, ABSOLUTE (.))
                [!provide]                        PROVIDE (___sbss_start, ABSOLUTE (.))
 *(.dynsbss)
 *(.sbss .sbss.* .gnu.linkonce.sb.*)
 .sbss          0x0000000000000450        0xc ../sender_bsp/\libhal_bsp.a(alt_main.o)
                0x0000000000000450                alt_envp
                0x0000000000000454                alt_argv
                0x0000000000000458                alt_argc
 *(.sbss2 .sbss2.* .gnu.linkonce.sb2.*)
 *(.scommon)
                [!provide]                        PROVIDE (__sbss_end, ABSOLUTE (.))
                [!provide]                        PROVIDE (___sbss_end, ABSOLUTE (.))
 *(.dynbss)
 *(.bss .bss.* .gnu.linkonce.b.*)
 .bss           0x000000000000045c        0x0 ../sender_bsp//obj/HAL/src/crt0.o
 .bss           0x000000000000045c        0x0 obj/default/hello_world_small.o
 .bss           0x000000000000045c        0x0 ../sender_bsp/\libhal_bsp.a(alt_getchar.o)
 .bss           0x000000000000045c        0x0 ../sender_bsp/\libhal_bsp.a(alt_load.o)
 .bss           0x000000000000045c        0x0 ../sender_bsp/\libhal_bsp.a(alt_main.o)
 .bss           0x000000000000045c        0x0 ../sender_bsp/\libhal_bsp.a(alt_putstr.o)
 .bss           0x000000000000045c        0x0 ../sender_bsp/\libhal_bsp.a(alt_sys_init.o)
 .bss           0x000000000000045c        0x0 ../sender_bsp/\libhal_bsp.a(altera_avalon_jtag_uart_read.o)
 .bss           0x000000000000045c        0x0 ../sender_bsp/\libhal_bsp.a(altera_avalon_jtag_uart_write.o)
 .bss           0x000000000000045c        0x0 ../sender_bsp/\libhal_bsp.a(alt_dcache_flush_all.o)
 .bss           0x000000000000045c        0x0 ../sender_bsp/\libhal_bsp.a(alt_dev.o)
 .bss           0x000000000000045c        0x0 ../sender_bsp/\libhal_bsp.a(alt_icache_flush_all.o)
 .bss           0x000000000000045c        0x0 ../sender_bsp/\libhal_bsp.a(altera_nios2_qsys_irq.o)
 .bss           0x000000000000045c        0x0 c:/altera/16.0/nios2eds/bin/gnu/h-x86_64-mingw32/bin/../lib/gcc/nios2-elf/5.2.0/../../../../../H-x86_64-mingw32/nios2-elf/lib/mno-hw-mul\libsmallc.a(lib_a-strlen.o)
 *(COMMON)
                0x000000000000045c                . = ALIGN (0x4)
                0x000000000000045c                __bss_end = ABSOLUTE (.)

.onchip_memory  0x000000000000045c        0x0
                [!provide]                        PROVIDE (_alt_partition_onchip_memory_start, ABSOLUTE (.))
 *(.onchip_memory .onchip_memory. onchip_memory.*)
                0x000000000000045c                . = ALIGN (0x4)
                [!provide]                        PROVIDE (_alt_partition_onchip_memory_end, ABSOLUTE (.))
                0x000000000000045c                _end = ABSOLUTE (.)
                0x000000000000045c                end = ABSOLUTE (.)
                0x000000000000045c                __alt_stack_base = ABSOLUTE (.)
                [!provide]                        PROVIDE (_alt_partition_onchip_memory_load_addr, LOADADDR (.onchip_memory))

.stab
 *(.stab)

.stabstr
 *(.stabstr)

.stab.excl
 *(.stab.excl)

.stab.exclstr
 *(.stab.exclstr)

.stab.index
 *(.stab.index)

.stab.indexstr
 *(.stab.indexstr)

.comment        0x0000000000000000       0x23
 *(.comment)
 .comment       0x0000000000000000       0x23 obj/default/hello_world_small.o
                                         0x24 (size before relaxing)
 .comment       0x0000000000000023       0x24 ../sender_bsp/\libhal_bsp.a(alt_getchar.o)
 .comment       0x0000000000000023       0x24 ../sender_bsp/\libhal_bsp.a(alt_load.o)
 .comment       0x0000000000000023       0x24 ../sender_bsp/\libhal_bsp.a(alt_main.o)
 .comment       0x0000000000000023       0x24 ../sender_bsp/\libhal_bsp.a(alt_putstr.o)
 .comment       0x0000000000000023       0x24 ../sender_bsp/\libhal_bsp.a(alt_sys_init.o)
 .comment       0x0000000000000023       0x24 ../sender_bsp/\libhal_bsp.a(altera_avalon_jtag_uart_read.o)
 .comment       0x0000000000000023       0x24 ../sender_bsp/\libhal_bsp.a(altera_avalon_jtag_uart_write.o)
 .comment       0x0000000000000023       0x24 ../sender_bsp/\libhal_bsp.a(alt_dcache_flush_all.o)
 .comment       0x0000000000000023       0x24 ../sender_bsp/\libhal_bsp.a(alt_dev.o)
 .comment       0x0000000000000023       0x24 ../sender_bsp/\libhal_bsp.a(alt_icache_flush_all.o)
 .comment       0x0000000000000023       0x24 ../sender_bsp/\libhal_bsp.a(altera_nios2_qsys_irq.o)
 .comment       0x0000000000000023       0x24 c:/altera/16.0/nios2eds/bin/gnu/h-x86_64-mingw32/bin/../lib/gcc/nios2-elf/5.2.0/../../../../../H-x86_64-mingw32/nios2-elf/lib/mno-hw-mul\libsmallc.a(lib_a-strlen.o)

.debug
 *(.debug)

.line
 *(.line)

.debug_srcinfo
 *(.debug_srcinfo)

.debug_sfnames
 *(.debug_sfnames)

.debug_aranges  0x0000000000000000      0x1c8
 *(.debug_aranges)
 .debug_aranges
                0x0000000000000000       0x28 ../sender_bsp//obj/HAL/src/crt0.o
 .debug_aranges
                0x0000000000000028       0x20 obj/default/hello_world_small.o
 .debug_aranges
                0x0000000000000048       0x20 ../sender_bsp/\libhal_bsp.a(alt_getchar.o)
 .debug_aranges
                0x0000000000000068       0x20 ../sender_bsp/\libhal_bsp.a(alt_load.o)
 .debug_aranges
                0x0000000000000088       0x20 ../sender_bsp/\libhal_bsp.a(alt_main.o)
 .debug_aranges
                0x00000000000000a8       0x20 ../sender_bsp/\libhal_bsp.a(alt_putstr.o)
 .debug_aranges
                0x00000000000000c8       0x20 ../sender_bsp/\libhal_bsp.a(alt_sys_init.o)
 .debug_aranges
                0x00000000000000e8       0x20 ../sender_bsp/\libhal_bsp.a(altera_avalon_jtag_uart_read.o)
 .debug_aranges
                0x0000000000000108       0x20 ../sender_bsp/\libhal_bsp.a(altera_avalon_jtag_uart_write.o)
 .debug_aranges
                0x0000000000000128       0x20 ../sender_bsp/\libhal_bsp.a(alt_dcache_flush_all.o)
 .debug_aranges
                0x0000000000000148       0x20 ../sender_bsp/\libhal_bsp.a(alt_dev.o)
 .debug_aranges
                0x0000000000000168       0x20 ../sender_bsp/\libhal_bsp.a(alt_icache_flush_all.o)
 .debug_aranges
                0x0000000000000188       0x20 ../sender_bsp/\libhal_bsp.a(altera_nios2_qsys_irq.o)
 .debug_aranges
                0x00000000000001a8       0x20 c:/altera/16.0/nios2eds/bin/gnu/h-x86_64-mingw32/bin/../lib/gcc/nios2-elf/5.2.0/../../../../../H-x86_64-mingw32/nios2-elf/lib/mno-hw-mul\libsmallc.a(lib_a-strlen.o)

.debug_pubnames
 *(.debug_pubnames)

.debug_info     0x0000000000000000     0x1497
 *(.debug_info .gnu.linkonce.wi.*)
 .debug_info    0x0000000000000000       0x71 ../sender_bsp//obj/HAL/src/crt0.o
 .debug_info    0x0000000000000071       0xa5 obj/default/hello_world_small.o
 .debug_info    0x0000000000000116      0x32d ../sender_bsp/\libhal_bsp.a(alt_getchar.o)
 .debug_info    0x0000000000000443      0x1c9 ../sender_bsp/\libhal_bsp.a(alt_load.o)
 .debug_info    0x000000000000060c      0x169 ../sender_bsp/\libhal_bsp.a(alt_main.o)
 .debug_info    0x0000000000000775      0x13a ../sender_bsp/\libhal_bsp.a(alt_putstr.o)
 .debug_info    0x00000000000008af      0x185 ../sender_bsp/\libhal_bsp.a(alt_sys_init.o)
 .debug_info    0x0000000000000a34      0x1b4 ../sender_bsp/\libhal_bsp.a(altera_avalon_jtag_uart_read.o)
 .debug_info    0x0000000000000be8      0x197 ../sender_bsp/\libhal_bsp.a(altera_avalon_jtag_uart_write.o)
 .debug_info    0x0000000000000d7f       0x92 ../sender_bsp/\libhal_bsp.a(alt_dcache_flush_all.o)
 .debug_info    0x0000000000000e11      0x499 ../sender_bsp/\libhal_bsp.a(alt_dev.o)
 .debug_info    0x00000000000012aa       0x92 ../sender_bsp/\libhal_bsp.a(alt_icache_flush_all.o)
 .debug_info    0x000000000000133c       0x92 ../sender_bsp/\libhal_bsp.a(altera_nios2_qsys_irq.o)
 .debug_info    0x00000000000013ce       0xc9 c:/altera/16.0/nios2eds/bin/gnu/h-x86_64-mingw32/bin/../lib/gcc/nios2-elf/5.2.0/../../../../../H-x86_64-mingw32/nios2-elf/lib/mno-hw-mul\libsmallc.a(lib_a-strlen.o)

.debug_abbrev   0x0000000000000000      0x95a
 *(.debug_abbrev)
 .debug_abbrev  0x0000000000000000       0x12 ../sender_bsp//obj/HAL/src/crt0.o
 .debug_abbrev  0x0000000000000012       0x96 obj/default/hello_world_small.o
 .debug_abbrev  0x00000000000000a8      0x11d ../sender_bsp/\libhal_bsp.a(alt_getchar.o)
 .debug_abbrev  0x00000000000001c5       0xd8 ../sender_bsp/\libhal_bsp.a(alt_load.o)
 .debug_abbrev  0x000000000000029d       0xee ../sender_bsp/\libhal_bsp.a(alt_main.o)
 .debug_abbrev  0x000000000000038b       0xd3 ../sender_bsp/\libhal_bsp.a(alt_putstr.o)
 .debug_abbrev  0x000000000000045e      0x107 ../sender_bsp/\libhal_bsp.a(alt_sys_init.o)
 .debug_abbrev  0x0000000000000565      0x102 ../sender_bsp/\libhal_bsp.a(altera_avalon_jtag_uart_read.o)
 .debug_abbrev  0x0000000000000667       0xd5 ../sender_bsp/\libhal_bsp.a(altera_avalon_jtag_uart_write.o)
 .debug_abbrev  0x000000000000073c       0x42 ../sender_bsp/\libhal_bsp.a(alt_dcache_flush_all.o)
 .debug_abbrev  0x000000000000077e       0xd9 ../sender_bsp/\libhal_bsp.a(alt_dev.o)
 .debug_abbrev  0x0000000000000857       0x42 ../sender_bsp/\libhal_bsp.a(alt_icache_flush_all.o)
 .debug_abbrev  0x0000000000000899       0x42 ../sender_bsp/\libhal_bsp.a(altera_nios2_qsys_irq.o)
 .debug_abbrev  0x00000000000008db       0x7f c:/altera/16.0/nios2eds/bin/gnu/h-x86_64-mingw32/bin/../lib/gcc/nios2-elf/5.2.0/../../../../../H-x86_64-mingw32/nios2-elf/lib/mno-hw-mul\libsmallc.a(lib_a-strlen.o)

.debug_line     0x0000000000000000      0x9b9
 *(.debug_line)
 .debug_line    0x0000000000000000       0x66 ../sender_bsp//obj/HAL/src/crt0.o
 .debug_line    0x0000000000000066       0x80 obj/default/hello_world_small.o
 .debug_line    0x00000000000000e6       0xb7 ../sender_bsp/\libhal_bsp.a(alt_getchar.o)
 .debug_line    0x000000000000019d       0xa5 ../sender_bsp/\libhal_bsp.a(alt_load.o)
 .debug_line    0x0000000000000242       0xbd ../sender_bsp/\libhal_bsp.a(alt_main.o)
 .debug_line    0x00000000000002ff       0x98 ../sender_bsp/\libhal_bsp.a(alt_putstr.o)
 .debug_line    0x0000000000000397      0x101 ../sender_bsp/\libhal_bsp.a(alt_sys_init.o)
 .debug_line    0x0000000000000498       0xfb ../sender_bsp/\libhal_bsp.a(altera_avalon_jtag_uart_read.o)
 .debug_line    0x0000000000000593       0xf0 ../sender_bsp/\libhal_bsp.a(altera_avalon_jtag_uart_write.o)
 .debug_line    0x0000000000000683       0x4e ../sender_bsp/\libhal_bsp.a(alt_dcache_flush_all.o)
 .debug_line    0x00000000000006d1       0xee ../sender_bsp/\libhal_bsp.a(alt_dev.o)
 .debug_line    0x00000000000007bf       0x4e ../sender_bsp/\libhal_bsp.a(alt_icache_flush_all.o)
 .debug_line    0x000000000000080d       0x50 ../sender_bsp/\libhal_bsp.a(altera_nios2_qsys_irq.o)
 .debug_line    0x000000000000085d      0x15c c:/altera/16.0/nios2eds/bin/gnu/h-x86_64-mingw32/bin/../lib/gcc/nios2-elf/5.2.0/../../../../../H-x86_64-mingw32/nios2-elf/lib/mno-hw-mul\libsmallc.a(lib_a-strlen.o)

.debug_frame    0x0000000000000000      0x200
 *(.debug_frame)
 .debug_frame   0x0000000000000000       0x2c obj/default/hello_world_small.o
 .debug_frame   0x000000000000002c       0x2c ../sender_bsp/\libhal_bsp.a(alt_getchar.o)
 .debug_frame   0x0000000000000058       0x30 ../sender_bsp/\libhal_bsp.a(alt_load.o)
 .debug_frame   0x0000000000000088       0x2c ../sender_bsp/\libhal_bsp.a(alt_main.o)
 .debug_frame   0x00000000000000b4       0x30 ../sender_bsp/\libhal_bsp.a(alt_putstr.o)
 .debug_frame   0x00000000000000e4       0x3c ../sender_bsp/\libhal_bsp.a(alt_sys_init.o)
 .debug_frame   0x0000000000000120       0x20 ../sender_bsp/\libhal_bsp.a(altera_avalon_jtag_uart_read.o)
 .debug_frame   0x0000000000000140       0x20 ../sender_bsp/\libhal_bsp.a(altera_avalon_jtag_uart_write.o)
 .debug_frame   0x0000000000000160       0x20 ../sender_bsp/\libhal_bsp.a(alt_dcache_flush_all.o)
 .debug_frame   0x0000000000000180       0x20 ../sender_bsp/\libhal_bsp.a(alt_dev.o)
 .debug_frame   0x00000000000001a0       0x20 ../sender_bsp/\libhal_bsp.a(alt_icache_flush_all.o)
 .debug_frame   0x00000000000001c0       0x20 ../sender_bsp/\libhal_bsp.a(altera_nios2_qsys_irq.o)
 .debug_frame   0x00000000000001e0       0x20 c:/altera/16.0/nios2eds/bin/gnu/h-x86_64-mingw32/bin/../lib/gcc/nios2-elf/5.2.0/../../../../../H-x86_64-mingw32/nios2-elf/lib/mno-hw-mul\libsmallc.a(lib_a-strlen.o)

.debug_str      0x0000000000000000      0x7db
 *(.debug_str)
 .debug_str     0x0000000000000000       0x9e obj/default/hello_world_small.o
                                         0xa8 (size before relaxing)
 .debug_str     0x000000000000009e      0x1dd ../sender_bsp/\libhal_bsp.a(alt_getchar.o)
                                        0x238 (size before relaxing)
 .debug_str     0x000000000000027b      0x11b ../sender_bsp/\libhal_bsp.a(alt_load.o)
                                        0x23e (size before relaxing)
 .debug_str     0x0000000000000396       0x5e ../sender_bsp/\libhal_bsp.a(alt_main.o)
                                        0x1b7 (size before relaxing)
 .debug_str     0x00000000000003f4       0x3a ../sender_bsp/\libhal_bsp.a(alt_putstr.o)
                                        0x192 (size before relaxing)
 .debug_str     0x000000000000042e       0x86 ../sender_bsp/\libhal_bsp.a(alt_sys_init.o)
                                        0x226 (size before relaxing)
 .debug_str     0x00000000000004b4       0x3d ../sender_bsp/\libhal_bsp.a(altera_avalon_jtag_uart_read.o)
                                        0x221 (size before relaxing)
 .debug_str     0x00000000000004f1       0x32 ../sender_bsp/\libhal_bsp.a(altera_avalon_jtag_uart_write.o)
                                        0x217 (size before relaxing)
 .debug_str     0x0000000000000523       0x1f ../sender_bsp/\libhal_bsp.a(alt_dcache_flush_all.o)
                                        0x157 (size before relaxing)
 .debug_str     0x0000000000000542      0x120 ../sender_bsp/\libhal_bsp.a(alt_dev.o)
                                        0x307 (size before relaxing)
 .debug_str     0x0000000000000662       0x1f ../sender_bsp/\libhal_bsp.a(alt_icache_flush_all.o)
                                        0x157 (size before relaxing)
 .debug_str     0x0000000000000681       0x20 ../sender_bsp/\libhal_bsp.a(altera_nios2_qsys_irq.o)
                                        0x15e (size before relaxing)
 .debug_str     0x00000000000006a1      0x13a c:/altera/16.0/nios2eds/bin/gnu/h-x86_64-mingw32/bin/../lib/gcc/nios2-elf/5.2.0/../../../../../H-x86_64-mingw32/nios2-elf/lib/mno-hw-mul\libsmallc.a(lib_a-strlen.o)
                                        0x1e5 (size before relaxing)

.debug_loc      0x0000000000000000      0x1ec
 *(.debug_loc)
 .debug_loc     0x0000000000000000       0x1e obj/default/hello_world_small.o
 .debug_loc     0x000000000000001e       0x37 ../sender_bsp/\libhal_bsp.a(alt_putstr.o)
 .debug_loc     0x0000000000000055       0x21 ../sender_bsp/\libhal_bsp.a(alt_sys_init.o)
 .debug_loc     0x0000000000000076       0xcd ../sender_bsp/\libhal_bsp.a(altera_avalon_jtag_uart_read.o)
 .debug_loc     0x0000000000000143       0x8b ../sender_bsp/\libhal_bsp.a(altera_avalon_jtag_uart_write.o)
 .debug_loc     0x00000000000001ce       0x1e c:/altera/16.0/nios2eds/bin/gnu/h-x86_64-mingw32/bin/../lib/gcc/nios2-elf/5.2.0/../../../../../H-x86_64-mingw32/nios2-elf/lib/mno-hw-mul\libsmallc.a(lib_a-strlen.o)

.debug_macinfo
 *(.debug_macinfo)

.debug_weaknames
 *(.debug_weaknames)

.debug_funcnames
 *(.debug_funcnames)

.debug_typenames
 *(.debug_typenames)

.debug_varnames
 *(.debug_varnames)

.debug_alt_sim_info
                0x0000000000000000       0x10
 *(.debug_alt_sim_info)
 .debug_alt_sim_info
                0x0000000000000000       0x10 ../sender_bsp//obj/HAL/src/crt0.o
                0x0000000000008000                __alt_data_end = 0x8000
                0x0000000000008000                PROVIDE (__alt_stack_pointer, __alt_data_end)
                [!provide]                        PROVIDE (__alt_stack_limit, __alt_stack_base)
                [!provide]                        PROVIDE (__alt_heap_start, end)
                [!provide]                        PROVIDE (__alt_heap_limit, 0x8000)
OUTPUT(sender.elf elf32-littlenios2)

.debug_ranges   0x0000000000000000       0xa8
 .debug_ranges  0x0000000000000000       0x20 ../sender_bsp//obj/HAL/src/crt0.o
 .debug_ranges  0x0000000000000020       0x10 obj/default/hello_world_small.o
 .debug_ranges  0x0000000000000030       0x48 ../sender_bsp/\libhal_bsp.a(alt_load.o)
 .debug_ranges  0x0000000000000078       0x20 ../sender_bsp/\libhal_bsp.a(altera_avalon_jtag_uart_read.o)
 .debug_ranges  0x0000000000000098       0x10 c:/altera/16.0/nios2eds/bin/gnu/h-x86_64-mingw32/bin/../lib/gcc/nios2-elf/5.2.0/../../../../../H-x86_64-mingw32/nios2-elf/lib/mno-hw-mul\libsmallc.a(lib_a-strlen.o)
