Archive member included to satisfy reference by file (symbol)

../hangman_word_bsp/\libhal_bsp.a(alt_getchar.o)
                              obj/default/hello_world_small.o (alt_getchar)
../hangman_word_bsp/\libhal_bsp.a(alt_load.o)
                              ../hangman_word_bsp//obj/HAL/src/crt0.o (alt_load)
../hangman_word_bsp/\libhal_bsp.a(alt_main.o)
                              ../hangman_word_bsp//obj/HAL/src/crt0.o (alt_main)
../hangman_word_bsp/\libhal_bsp.a(alt_printf.o)
                              obj/default/hello_world_small.o (alt_printf)
../hangman_word_bsp/\libhal_bsp.a(alt_putchar.o)
                              ../hangman_word_bsp/\libhal_bsp.a(alt_printf.o) (alt_putchar)
../hangman_word_bsp/\libhal_bsp.a(alt_putstr.o)
                              obj/default/hello_world_small.o (alt_putstr)
../hangman_word_bsp/\libhal_bsp.a(alt_sys_init.o)
                              ../hangman_word_bsp/\libhal_bsp.a(alt_main.o) (alt_irq_init)
../hangman_word_bsp/\libhal_bsp.a(altera_avalon_jtag_uart_read.o)
                              ../hangman_word_bsp/\libhal_bsp.a(alt_getchar.o) (altera_avalon_jtag_uart_read)
../hangman_word_bsp/\libhal_bsp.a(altera_avalon_jtag_uart_write.o)
                              ../hangman_word_bsp/\libhal_bsp.a(alt_putchar.o) (altera_avalon_jtag_uart_write)
../hangman_word_bsp/\libhal_bsp.a(alt_dcache_flush_all.o)
                              ../hangman_word_bsp/\libhal_bsp.a(alt_load.o) (alt_dcache_flush_all)
../hangman_word_bsp/\libhal_bsp.a(alt_dev.o)
                              ../hangman_word_bsp/\libhal_bsp.a(alt_getchar.o) (alt_fd_list)
../hangman_word_bsp/\libhal_bsp.a(alt_icache_flush_all.o)
                              ../hangman_word_bsp/\libhal_bsp.a(alt_load.o) (alt_icache_flush_all)
../hangman_word_bsp/\libhal_bsp.a(altera_nios2_qsys_irq.o)
                              ../hangman_word_bsp/\libhal_bsp.a(alt_sys_init.o) (altera_nios2_qsys_irq_init)
c:/altera/16.0/nios2eds/bin/gnu/h-x86_64-mingw32/bin/../lib/gcc/nios2-elf/5.2.0/../../../../../H-x86_64-mingw32/nios2-elf/lib/mno-hw-mul\libsmallc.a(lib_a-strlen.o)
                              ../hangman_word_bsp/\libhal_bsp.a(alt_putstr.o) (strlen)

Memory Configuration

Name             Origin             Length             Attributes
reset            0x0000000000000000 0x0000000000000020
onchip_memory    0x0000000000000020 0x0000000000007fe0
*default*        0x0000000000000000 0xffffffffffffffff

Linker script and memory map

LOAD ../hangman_word_bsp//obj/HAL/src/crt0.o
LOAD obj/default/hello_world_small.o
LOAD c:/altera/16.0/nios2eds/bin/gnu/h-x86_64-mingw32/bin/../lib/gcc/nios2-elf/5.2.0/../../../../../H-x86_64-mingw32/nios2-elf/lib/mno-hw-mul\libstdc++.a
LOAD c:/altera/16.0/nios2eds/bin/gnu/h-x86_64-mingw32/bin/../lib/gcc/nios2-elf/5.2.0/../../../../../H-x86_64-mingw32/nios2-elf/lib/mno-hw-mul\libm.a
LOAD c:/altera/16.0/nios2eds/bin/gnu/h-x86_64-mingw32/bin/../lib/gcc/nios2-elf/5.2.0/mno-hw-mul\libgcc.a
START GROUP
LOAD c:/altera/16.0/nios2eds/bin/gnu/h-x86_64-mingw32/bin/../lib/gcc/nios2-elf/5.2.0/../../../../../H-x86_64-mingw32/nios2-elf/lib/mno-hw-mul\libsmallc.a
LOAD c:/altera/16.0/nios2eds/bin/gnu/h-x86_64-mingw32/bin/../lib/gcc/nios2-elf/5.2.0/mno-hw-mul\libgcc.a
LOAD ../hangman_word_bsp/\libhal_bsp.a
LOAD c:/altera/16.0/nios2eds/bin/gnu/h-x86_64-mingw32/bin/../lib/gcc/nios2-elf/5.2.0/../../../../../H-x86_64-mingw32/nios2-elf/lib/mno-hw-mul\libm.a
END GROUP
LOAD c:/altera/16.0/nios2eds/bin/gnu/h-x86_64-mingw32/bin/../lib/gcc/nios2-elf/5.2.0/mno-hw-mul\libgcc.a
                0x0000000000000000                __alt_mem_onchip_memory = 0x0

.entry          0x0000000000000000       0x20
 *(.entry)
 .entry         0x0000000000000000       0x20 ../hangman_word_bsp//obj/HAL/src/crt0.o
                0x0000000000000000                __reset
                0x000000000000000c                _exit

.exceptions     0x0000000000000020        0x0
                0x0000000000000020                PROVIDE (__ram_exceptions_start, ABSOLUTE (.))
                0x0000000000000020                . = ALIGN (0x20)
 *(.irq)
 *(.exceptions.entry.label)
 *(.exceptions.entry.user)
 *(.exceptions.entry.ecc_fatal)
 *(.exceptions.entry)
 *(.exceptions.irqtest.user)
 *(.exceptions.irqtest)
 *(.exceptions.irqhandler.user)
 *(.exceptions.irqhandler)
 *(.exceptions.irqreturn.user)
 *(.exceptions.irqreturn)
 *(.exceptions.notirq.label)
 *(.exceptions.notirq.user)
 *(.exceptions.notirq)
 *(.exceptions.soft.user)
 *(.exceptions.soft)
 *(.exceptions.unknown.user)
 *(.exceptions.unknown)
 *(.exceptions.exit.label)
 *(.exceptions.exit.user)
 *(.exceptions.exit)
 *(.exceptions)
                0x0000000000000020                PROVIDE (__ram_exceptions_end, ABSOLUTE (.))
                0x0000000000000020                PROVIDE (__flash_exceptions_start, LOADADDR (.exceptions))

.text           0x0000000000000020      0x770
                [!provide]                        PROVIDE (stext, ABSOLUTE (.))
 *(.interp)
 *(.hash)
 *(.dynsym)
 *(.dynstr)
 *(.gnu.version)
 *(.gnu.version_d)
 *(.gnu.version_r)
 *(.rel.init)
 *(.rela.init)
 *(.rel.text .rel.text.* .rel.gnu.linkonce.t.*)
 *(.rela.text .rela.text.* .rela.gnu.linkonce.t.*)
 *(.rel.fini)
 *(.rela.fini)
 *(.rel.rodata .rel.rodata.* .rel.gnu.linkonce.r.*)
 *(.rela.rodata .rela.rodata.* .rela.gnu.linkonce.r.*)
 *(.rel.data .rel.data.* .rel.gnu.linkonce.d.*)
 *(.rela.data .rela.data.* .rela.gnu.linkonce.d.*)
 *(.rel.tdata .rel.tdata.* .rel.gnu.linkonce.td.*)
 *(.rela.tdata .rela.tdata.* .rela.gnu.linkonce.td.*)
 *(.rel.tbss .rel.tbss.* .rel.gnu.linkonce.tb.*)
 *(.rela.tbss .rela.tbss.* .rela.gnu.linkonce.tb.*)
 *(.rel.ctors)
 *(.rela.ctors)
 *(.rel.dtors)
 *(.rela.dtors)
 *(.rel.got)
 *(.rela.got)
 *(.rel.sdata .rel.sdata.* .rel.gnu.linkonce.s.*)
 *(.rela.sdata .rela.sdata.* .rela.gnu.linkonce.s.*)
 *(.rel.sbss .rel.sbss.* .rel.gnu.linkonce.sb.*)
 *(.rela.sbss .rela.sbss.* .rela.gnu.linkonce.sb.*)
 *(.rel.sdata2 .rel.sdata2.* .rel.gnu.linkonce.s2.*)
 *(.rela.sdata2 .rela.sdata2.* .rela.gnu.linkonce.s2.*)
 *(.rel.sbss2 .rel.sbss2.* .rel.gnu.linkonce.sb2.*)
 *(.rela.sbss2 .rela.sbss2.* .rela.gnu.linkonce.sb2.*)
 *(.rel.bss .rel.bss.* .rel.gnu.linkonce.b.*)
 *(.rela.bss .rela.bss.* .rela.gnu.linkonce.b.*)
 *(.rel.plt)
 *(.rela.plt)
 *(.rel.dyn)
 *(.init)
 *(.plt)
 *(.text .stub .text.* .gnu.linkonce.t.*)
 .text          0x0000000000000020       0x3c ../hangman_word_bsp//obj/HAL/src/crt0.o
                0x0000000000000020                _start
 .text          0x000000000000005c        0x0 obj/default/hello_world_small.o
 .text.startup  0x000000000000005c      0x30c obj/default/hello_world_small.o
                0x000000000000005c                main
 .text          0x0000000000000368       0x44 ../hangman_word_bsp/\libhal_bsp.a(alt_getchar.o)
                0x0000000000000368                alt_getchar
 .text          0x00000000000003ac       0xe0 ../hangman_word_bsp/\libhal_bsp.a(alt_load.o)
                0x00000000000003ac                alt_load
 .text          0x000000000000048c       0x2c ../hangman_word_bsp/\libhal_bsp.a(alt_main.o)
                0x000000000000048c                alt_main
 .text          0x00000000000004b8      0x170 ../hangman_word_bsp/\libhal_bsp.a(alt_printf.o)
                0x00000000000004b8                alt_printf
 .text          0x0000000000000628       0x48 ../hangman_word_bsp/\libhal_bsp.a(alt_putchar.o)
                0x0000000000000628                alt_putchar
 .text          0x0000000000000670       0x38 ../hangman_word_bsp/\libhal_bsp.a(alt_putstr.o)
                0x0000000000000670                alt_putstr
 .text          0x00000000000006a8       0x24 ../hangman_word_bsp/\libhal_bsp.a(alt_sys_init.o)
                0x00000000000006a8                alt_irq_init
                0x00000000000006c8                alt_sys_init
 .text          0x00000000000006cc       0x5c ../hangman_word_bsp/\libhal_bsp.a(altera_avalon_jtag_uart_read.o)
                0x00000000000006cc                altera_avalon_jtag_uart_read
 .text          0x0000000000000728       0x34 ../hangman_word_bsp/\libhal_bsp.a(altera_avalon_jtag_uart_write.o)
                0x0000000000000728                altera_avalon_jtag_uart_write
 .text          0x000000000000075c        0x4 ../hangman_word_bsp/\libhal_bsp.a(alt_dcache_flush_all.o)
                0x000000000000075c                alt_dcache_flush_all
 .text          0x0000000000000760        0x8 ../hangman_word_bsp/\libhal_bsp.a(alt_dev.o)
 .text          0x0000000000000768        0x4 ../hangman_word_bsp/\libhal_bsp.a(alt_icache_flush_all.o)
                0x0000000000000768                alt_icache_flush_all
 .text          0x000000000000076c        0x8 ../hangman_word_bsp/\libhal_bsp.a(altera_nios2_qsys_irq.o)
                0x000000000000076c                altera_nios2_qsys_irq_init
 .text          0x0000000000000774        0x0 c:/altera/16.0/nios2eds/bin/gnu/h-x86_64-mingw32/bin/../lib/gcc/nios2-elf/5.2.0/../../../../../H-x86_64-mingw32/nios2-elf/lib/mno-hw-mul\libsmallc.a(lib_a-strlen.o)
 .text.strlen   0x0000000000000774       0x1c c:/altera/16.0/nios2eds/bin/gnu/h-x86_64-mingw32/bin/../lib/gcc/nios2-elf/5.2.0/../../../../../H-x86_64-mingw32/nios2-elf/lib/mno-hw-mul\libsmallc.a(lib_a-strlen.o)
                0x0000000000000774                strlen
 *(.gnu.warning.*)
 *(.fini)
                [!provide]                        PROVIDE (__etext, ABSOLUTE (.))
                [!provide]                        PROVIDE (_etext, ABSOLUTE (.))
                [!provide]                        PROVIDE (etext, ABSOLUTE (.))
 *(.eh_frame_hdr)
                0x0000000000000790                . = ALIGN (0x4)
                [!provide]                        PROVIDE (__preinit_array_start, ABSOLUTE (.))
 *(.preinit_array)
                [!provide]                        PROVIDE (__preinit_array_end, ABSOLUTE (.))
                [!provide]                        PROVIDE (__init_array_start, ABSOLUTE (.))
 *(.init_array)
                [!provide]                        PROVIDE (__init_array_end, ABSOLUTE (.))
                [!provide]                        PROVIDE (__fini_array_start, ABSOLUTE (.))
 *(.fini_array)
                [!provide]                        PROVIDE (__fini_array_end, ABSOLUTE (.))
 *(.eh_frame)
 *(.gcc_except_table .gcc_except_table.*)
 *(.dynamic)
                [!provide]                        PROVIDE (__CTOR_LIST__, ABSOLUTE (.))
 *(.ctors)
 *(SORT(.ctors.*))
                [!provide]                        PROVIDE (__CTOR_END__, ABSOLUTE (.))
                [!provide]                        PROVIDE (__DTOR_LIST__, ABSOLUTE (.))
 *(.dtors)
 *(SORT(.dtors.*))
                [!provide]                        PROVIDE (__DTOR_END__, ABSOLUTE (.))
 *(.jcr)
                0x0000000000000790                . = ALIGN (0x4)

.rodata         0x0000000000000790      0x1e8
                0x0000000000000790                PROVIDE (__ram_rodata_start, ABSOLUTE (.))
                0x0000000000000790                . = ALIGN (0x4)
 *(.rodata .rodata.* .gnu.linkonce.r.*)
 .rodata.str1.4
                0x0000000000000790      0x1db obj/default/hello_world_small.o
 *fill*         0x000000000000096b        0x1 
 .rodata.str1.4
                0x000000000000096c        0xc ../hangman_word_bsp/\libhal_bsp.a(alt_dev.o)
                                          0xa (size before relaxing)
 *(.rodata1)
                0x0000000000000978                . = ALIGN (0x4)
                0x0000000000000978                PROVIDE (__ram_rodata_end, ABSOLUTE (.))
                0x0000000000000790                PROVIDE (__flash_rodata_start, LOADADDR (.rodata))

.rwdata         0x0000000000000978       0x70 load address 0x00000000000009e8
                0x0000000000000978                PROVIDE (__ram_rwdata_start, ABSOLUTE (.))
                0x0000000000000978                . = ALIGN (0x4)
 *(.got.plt)
 *(.got)
 *(.data1)
 *(.data .data.* .gnu.linkonce.d.*)
 .data          0x0000000000000978        0x0 ../hangman_word_bsp//obj/HAL/src/crt0.o
 .data          0x0000000000000978        0x0 obj/default/hello_world_small.o
 .data          0x0000000000000978        0x0 ../hangman_word_bsp/\libhal_bsp.a(alt_getchar.o)
 .data          0x0000000000000978        0x0 ../hangman_word_bsp/\libhal_bsp.a(alt_load.o)
 .data          0x0000000000000978        0x0 ../hangman_word_bsp/\libhal_bsp.a(alt_main.o)
 .data          0x0000000000000978        0x0 ../hangman_word_bsp/\libhal_bsp.a(alt_printf.o)
 .data          0x0000000000000978        0x0 ../hangman_word_bsp/\libhal_bsp.a(alt_putchar.o)
 .data          0x0000000000000978        0x0 ../hangman_word_bsp/\libhal_bsp.a(alt_putstr.o)
 .data          0x0000000000000978        0x0 ../hangman_word_bsp/\libhal_bsp.a(alt_sys_init.o)
 .data          0x0000000000000978        0x0 ../hangman_word_bsp/\libhal_bsp.a(altera_avalon_jtag_uart_read.o)
 .data          0x0000000000000978        0x0 ../hangman_word_bsp/\libhal_bsp.a(altera_avalon_jtag_uart_write.o)
 .data          0x0000000000000978        0x0 ../hangman_word_bsp/\libhal_bsp.a(alt_dcache_flush_all.o)
 .data          0x0000000000000978       0x58 ../hangman_word_bsp/\libhal_bsp.a(alt_dev.o)
                0x0000000000000978                alt_fd_list
                0x00000000000009a8                alt_dev_null
 .data          0x00000000000009d0        0x0 ../hangman_word_bsp/\libhal_bsp.a(alt_icache_flush_all.o)
 .data          0x00000000000009d0        0x0 ../hangman_word_bsp/\libhal_bsp.a(altera_nios2_qsys_irq.o)
 .data          0x00000000000009d0        0x0 c:/altera/16.0/nios2eds/bin/gnu/h-x86_64-mingw32/bin/../lib/gcc/nios2-elf/5.2.0/../../../../../H-x86_64-mingw32/nios2-elf/lib/mno-hw-mul\libsmallc.a(lib_a-strlen.o)
                0x00000000000089d0                _gp = ABSOLUTE ((. + 0x8000))
                [!provide]                        PROVIDE (gp, _gp)
 *(.rwdata .rwdata.*)
 *(.sdata .sdata.* .gnu.linkonce.s.*)
 .sdata         0x00000000000009d0        0x4 ../hangman_word_bsp/\libhal_bsp.a(alt_sys_init.o)
                0x00000000000009d0                jtag_uart
 .sdata         0x00000000000009d4       0x14 ../hangman_word_bsp/\libhal_bsp.a(alt_dev.o)
                0x00000000000009d4                alt_max_fd
                0x00000000000009d8                alt_dev_list
                0x00000000000009e0                alt_fs_list
 *(.sdata2 .sdata2.* .gnu.linkonce.s2.*)
                0x00000000000009e8                . = ALIGN (0x4)
                0x00000000000009e8                _edata = ABSOLUTE (.)
                [!provide]                        PROVIDE (edata, ABSOLUTE (.))
                0x00000000000009e8                PROVIDE (__ram_rwdata_end, ABSOLUTE (.))
                0x00000000000009e8                PROVIDE (__flash_rwdata_start, LOADADDR (.rwdata))

.bss            0x0000000000000a58        0xc
                0x0000000000000a58                __bss_start = ABSOLUTE (.)
                [!provide]                        PROVIDE (__sbss_start, ABSOLUTE (.))
                [!provide]                        PROVIDE (___sbss_start, ABSOLUTE (.))
 *(.dynsbss)
 *(.sbss .sbss.* .gnu.linkonce.sb.*)
 .sbss          0x0000000000000a58        0xc ../hangman_word_bsp/\libhal_bsp.a(alt_main.o)
                0x0000000000000a58                alt_envp
                0x0000000000000a5c                alt_argv
                0x0000000000000a60                alt_argc
 *(.sbss2 .sbss2.* .gnu.linkonce.sb2.*)
 *(.scommon)
                [!provide]                        PROVIDE (__sbss_end, ABSOLUTE (.))
                [!provide]                        PROVIDE (___sbss_end, ABSOLUTE (.))
 *(.dynbss)
 *(.bss .bss.* .gnu.linkonce.b.*)
 .bss           0x0000000000000a64        0x0 ../hangman_word_bsp//obj/HAL/src/crt0.o
 .bss           0x0000000000000a64        0x0 obj/default/hello_world_small.o
 .bss           0x0000000000000a64        0x0 ../hangman_word_bsp/\libhal_bsp.a(alt_getchar.o)
 .bss           0x0000000000000a64        0x0 ../hangman_word_bsp/\libhal_bsp.a(alt_load.o)
 .bss           0x0000000000000a64        0x0 ../hangman_word_bsp/\libhal_bsp.a(alt_main.o)
 .bss           0x0000000000000a64        0x0 ../hangman_word_bsp/\libhal_bsp.a(alt_printf.o)
 .bss           0x0000000000000a64        0x0 ../hangman_word_bsp/\libhal_bsp.a(alt_putchar.o)
 .bss           0x0000000000000a64        0x0 ../hangman_word_bsp/\libhal_bsp.a(alt_putstr.o)
 .bss           0x0000000000000a64        0x0 ../hangman_word_bsp/\libhal_bsp.a(alt_sys_init.o)
 .bss           0x0000000000000a64        0x0 ../hangman_word_bsp/\libhal_bsp.a(altera_avalon_jtag_uart_read.o)
 .bss           0x0000000000000a64        0x0 ../hangman_word_bsp/\libhal_bsp.a(altera_avalon_jtag_uart_write.o)
 .bss           0x0000000000000a64        0x0 ../hangman_word_bsp/\libhal_bsp.a(alt_dcache_flush_all.o)
 .bss           0x0000000000000a64        0x0 ../hangman_word_bsp/\libhal_bsp.a(alt_dev.o)
 .bss           0x0000000000000a64        0x0 ../hangman_word_bsp/\libhal_bsp.a(alt_icache_flush_all.o)
 .bss           0x0000000000000a64        0x0 ../hangman_word_bsp/\libhal_bsp.a(altera_nios2_qsys_irq.o)
 .bss           0x0000000000000a64        0x0 c:/altera/16.0/nios2eds/bin/gnu/h-x86_64-mingw32/bin/../lib/gcc/nios2-elf/5.2.0/../../../../../H-x86_64-mingw32/nios2-elf/lib/mno-hw-mul\libsmallc.a(lib_a-strlen.o)
 *(COMMON)
                0x0000000000000a64                . = ALIGN (0x4)
                0x0000000000000a64                __bss_end = ABSOLUTE (.)

.onchip_memory  0x0000000000000a64        0x0
                [!provide]                        PROVIDE (_alt_partition_onchip_memory_start, ABSOLUTE (.))
 *(.onchip_memory .onchip_memory. onchip_memory.*)
                0x0000000000000a64                . = ALIGN (0x4)
                [!provide]                        PROVIDE (_alt_partition_onchip_memory_end, ABSOLUTE (.))
                0x0000000000000a64                _end = ABSOLUTE (.)
                0x0000000000000a64                end = ABSOLUTE (.)
                0x0000000000000a64                __alt_stack_base = ABSOLUTE (.)
                [!provide]                        PROVIDE (_alt_partition_onchip_memory_load_addr, LOADADDR (.onchip_memory))

.stab
 *(.stab)

.stabstr
 *(.stabstr)

.stab.excl
 *(.stab.excl)

.stab.exclstr
 *(.stab.exclstr)

.stab.index
 *(.stab.index)

.stab.indexstr
 *(.stab.indexstr)

.comment        0x0000000000000000       0x23
 *(.comment)
 .comment       0x0000000000000000       0x23 obj/default/hello_world_small.o
                                         0x24 (size before relaxing)
 .comment       0x0000000000000023       0x24 ../hangman_word_bsp/\libhal_bsp.a(alt_getchar.o)
 .comment       0x0000000000000023       0x24 ../hangman_word_bsp/\libhal_bsp.a(alt_load.o)
 .comment       0x0000000000000023       0x24 ../hangman_word_bsp/\libhal_bsp.a(alt_main.o)
 .comment       0x0000000000000023       0x24 ../hangman_word_bsp/\libhal_bsp.a(alt_printf.o)
 .comment       0x0000000000000023       0x24 ../hangman_word_bsp/\libhal_bsp.a(alt_putchar.o)
 .comment       0x0000000000000023       0x24 ../hangman_word_bsp/\libhal_bsp.a(alt_putstr.o)
 .comment       0x0000000000000023       0x24 ../hangman_word_bsp/\libhal_bsp.a(alt_sys_init.o)
 .comment       0x0000000000000023       0x24 ../hangman_word_bsp/\libhal_bsp.a(altera_avalon_jtag_uart_read.o)
 .comment       0x0000000000000023       0x24 ../hangman_word_bsp/\libhal_bsp.a(altera_avalon_jtag_uart_write.o)
 .comment       0x0000000000000023       0x24 ../hangman_word_bsp/\libhal_bsp.a(alt_dcache_flush_all.o)
 .comment       0x0000000000000023       0x24 ../hangman_word_bsp/\libhal_bsp.a(alt_dev.o)
 .comment       0x0000000000000023       0x24 ../hangman_word_bsp/\libhal_bsp.a(alt_icache_flush_all.o)
 .comment       0x0000000000000023       0x24 ../hangman_word_bsp/\libhal_bsp.a(altera_nios2_qsys_irq.o)
 .comment       0x0000000000000023       0x24 c:/altera/16.0/nios2eds/bin/gnu/h-x86_64-mingw32/bin/../lib/gcc/nios2-elf/5.2.0/../../../../../H-x86_64-mingw32/nios2-elf/lib/mno-hw-mul\libsmallc.a(lib_a-strlen.o)

.debug
 *(.debug)

.line
 *(.line)

.debug_srcinfo
 *(.debug_srcinfo)

.debug_sfnames
 *(.debug_sfnames)

.debug_aranges  0x0000000000000000      0x208
 *(.debug_aranges)
 .debug_aranges
                0x0000000000000000       0x28 ../hangman_word_bsp//obj/HAL/src/crt0.o
 .debug_aranges
                0x0000000000000028       0x20 obj/default/hello_world_small.o
 .debug_aranges
                0x0000000000000048       0x20 ../hangman_word_bsp/\libhal_bsp.a(alt_getchar.o)
 .debug_aranges
                0x0000000000000068       0x20 ../hangman_word_bsp/\libhal_bsp.a(alt_load.o)
 .debug_aranges
                0x0000000000000088       0x20 ../hangman_word_bsp/\libhal_bsp.a(alt_main.o)
 .debug_aranges
                0x00000000000000a8       0x20 ../hangman_word_bsp/\libhal_bsp.a(alt_printf.o)
 .debug_aranges
                0x00000000000000c8       0x20 ../hangman_word_bsp/\libhal_bsp.a(alt_putchar.o)
 .debug_aranges
                0x00000000000000e8       0x20 ../hangman_word_bsp/\libhal_bsp.a(alt_putstr.o)
 .debug_aranges
                0x0000000000000108       0x20 ../hangman_word_bsp/\libhal_bsp.a(alt_sys_init.o)
 .debug_aranges
                0x0000000000000128       0x20 ../hangman_word_bsp/\libhal_bsp.a(altera_avalon_jtag_uart_read.o)
 .debug_aranges
                0x0000000000000148       0x20 ../hangman_word_bsp/\libhal_bsp.a(altera_avalon_jtag_uart_write.o)
 .debug_aranges
                0x0000000000000168       0x20 ../hangman_word_bsp/\libhal_bsp.a(alt_dcache_flush_all.o)
 .debug_aranges
                0x0000000000000188       0x20 ../hangman_word_bsp/\libhal_bsp.a(alt_dev.o)
 .debug_aranges
                0x00000000000001a8       0x20 ../hangman_word_bsp/\libhal_bsp.a(alt_icache_flush_all.o)
 .debug_aranges
                0x00000000000001c8       0x20 ../hangman_word_bsp/\libhal_bsp.a(altera_nios2_qsys_irq.o)
 .debug_aranges
                0x00000000000001e8       0x20 c:/altera/16.0/nios2eds/bin/gnu/h-x86_64-mingw32/bin/../lib/gcc/nios2-elf/5.2.0/../../../../../H-x86_64-mingw32/nios2-elf/lib/mno-hw-mul\libsmallc.a(lib_a-strlen.o)

.debug_pubnames
 *(.debug_pubnames)

.debug_info     0x0000000000000000     0x193a
 *(.debug_info .gnu.linkonce.wi.*)
 .debug_info    0x0000000000000000       0x77 ../hangman_word_bsp//obj/HAL/src/crt0.o
 .debug_info    0x0000000000000077      0x2cb obj/default/hello_world_small.o
 .debug_info    0x0000000000000342      0x32d ../hangman_word_bsp/\libhal_bsp.a(alt_getchar.o)
 .debug_info    0x000000000000066f      0x1c9 ../hangman_word_bsp/\libhal_bsp.a(alt_load.o)
 .debug_info    0x0000000000000838      0x169 ../hangman_word_bsp/\libhal_bsp.a(alt_main.o)
 .debug_info    0x00000000000009a1      0x14d ../hangman_word_bsp/\libhal_bsp.a(alt_printf.o)
 .debug_info    0x0000000000000aee      0x12a ../hangman_word_bsp/\libhal_bsp.a(alt_putchar.o)
 .debug_info    0x0000000000000c18      0x13a ../hangman_word_bsp/\libhal_bsp.a(alt_putstr.o)
 .debug_info    0x0000000000000d52      0x185 ../hangman_word_bsp/\libhal_bsp.a(alt_sys_init.o)
 .debug_info    0x0000000000000ed7      0x1b4 ../hangman_word_bsp/\libhal_bsp.a(altera_avalon_jtag_uart_read.o)
 .debug_info    0x000000000000108b      0x197 ../hangman_word_bsp/\libhal_bsp.a(altera_avalon_jtag_uart_write.o)
 .debug_info    0x0000000000001222       0x92 ../hangman_word_bsp/\libhal_bsp.a(alt_dcache_flush_all.o)
 .debug_info    0x00000000000012b4      0x499 ../hangman_word_bsp/\libhal_bsp.a(alt_dev.o)
 .debug_info    0x000000000000174d       0x92 ../hangman_word_bsp/\libhal_bsp.a(alt_icache_flush_all.o)
 .debug_info    0x00000000000017df       0x92 ../hangman_word_bsp/\libhal_bsp.a(altera_nios2_qsys_irq.o)
 .debug_info    0x0000000000001871       0xc9 c:/altera/16.0/nios2eds/bin/gnu/h-x86_64-mingw32/bin/../lib/gcc/nios2-elf/5.2.0/../../../../../H-x86_64-mingw32/nios2-elf/lib/mno-hw-mul\libsmallc.a(lib_a-strlen.o)

.debug_abbrev   0x0000000000000000      0xb44
 *(.debug_abbrev)
 .debug_abbrev  0x0000000000000000       0x12 ../hangman_word_bsp//obj/HAL/src/crt0.o
 .debug_abbrev  0x0000000000000012       0xd9 obj/default/hello_world_small.o
 .debug_abbrev  0x00000000000000eb      0x11d ../hangman_word_bsp/\libhal_bsp.a(alt_getchar.o)
 .debug_abbrev  0x0000000000000208       0xd8 ../hangman_word_bsp/\libhal_bsp.a(alt_load.o)
 .debug_abbrev  0x00000000000002e0       0xee ../hangman_word_bsp/\libhal_bsp.a(alt_main.o)
 .debug_abbrev  0x00000000000003ce       0xd5 ../hangman_word_bsp/\libhal_bsp.a(alt_printf.o)
 .debug_abbrev  0x00000000000004a3       0xd2 ../hangman_word_bsp/\libhal_bsp.a(alt_putchar.o)
 .debug_abbrev  0x0000000000000575       0xd3 ../hangman_word_bsp/\libhal_bsp.a(alt_putstr.o)
 .debug_abbrev  0x0000000000000648      0x107 ../hangman_word_bsp/\libhal_bsp.a(alt_sys_init.o)
 .debug_abbrev  0x000000000000074f      0x102 ../hangman_word_bsp/\libhal_bsp.a(altera_avalon_jtag_uart_read.o)
 .debug_abbrev  0x0000000000000851       0xd5 ../hangman_word_bsp/\libhal_bsp.a(altera_avalon_jtag_uart_write.o)
 .debug_abbrev  0x0000000000000926       0x42 ../hangman_word_bsp/\libhal_bsp.a(alt_dcache_flush_all.o)
 .debug_abbrev  0x0000000000000968       0xd9 ../hangman_word_bsp/\libhal_bsp.a(alt_dev.o)
 .debug_abbrev  0x0000000000000a41       0x42 ../hangman_word_bsp/\libhal_bsp.a(alt_icache_flush_all.o)
 .debug_abbrev  0x0000000000000a83       0x42 ../hangman_word_bsp/\libhal_bsp.a(altera_nios2_qsys_irq.o)
 .debug_abbrev  0x0000000000000ac5       0x7f c:/altera/16.0/nios2eds/bin/gnu/h-x86_64-mingw32/bin/../lib/gcc/nios2-elf/5.2.0/../../../../../H-x86_64-mingw32/nios2-elf/lib/mno-hw-mul\libsmallc.a(lib_a-strlen.o)

.debug_line     0x0000000000000000      0xbaa
 *(.debug_line)
 .debug_line    0x0000000000000000       0x66 ../hangman_word_bsp//obj/HAL/src/crt0.o
 .debug_line    0x0000000000000066      0x112 obj/default/hello_world_small.o
 .debug_line    0x0000000000000178       0xb7 ../hangman_word_bsp/\libhal_bsp.a(alt_getchar.o)
 .debug_line    0x000000000000022f       0xa5 ../hangman_word_bsp/\libhal_bsp.a(alt_load.o)
 .debug_line    0x00000000000002d4       0xbd ../hangman_word_bsp/\libhal_bsp.a(alt_main.o)
 .debug_line    0x0000000000000391      0x10a ../hangman_word_bsp/\libhal_bsp.a(alt_printf.o)
 .debug_line    0x000000000000049b       0x55 ../hangman_word_bsp/\libhal_bsp.a(alt_putchar.o)
 .debug_line    0x00000000000004f0       0x98 ../hangman_word_bsp/\libhal_bsp.a(alt_putstr.o)
 .debug_line    0x0000000000000588      0x101 ../hangman_word_bsp/\libhal_bsp.a(alt_sys_init.o)
 .debug_line    0x0000000000000689       0xfb ../hangman_word_bsp/\libhal_bsp.a(altera_avalon_jtag_uart_read.o)
 .debug_line    0x0000000000000784       0xf0 ../hangman_word_bsp/\libhal_bsp.a(altera_avalon_jtag_uart_write.o)
 .debug_line    0x0000000000000874       0x4e ../hangman_word_bsp/\libhal_bsp.a(alt_dcache_flush_all.o)
 .debug_line    0x00000000000008c2       0xee ../hangman_word_bsp/\libhal_bsp.a(alt_dev.o)
 .debug_line    0x00000000000009b0       0x4e ../hangman_word_bsp/\libhal_bsp.a(alt_icache_flush_all.o)
 .debug_line    0x00000000000009fe       0x50 ../hangman_word_bsp/\libhal_bsp.a(altera_nios2_qsys_irq.o)
 .debug_line    0x0000000000000a4e      0x15c c:/altera/16.0/nios2eds/bin/gnu/h-x86_64-mingw32/bin/../lib/gcc/nios2-elf/5.2.0/../../../../../H-x86_64-mingw32/nios2-elf/lib/mno-hw-mul\libsmallc.a(lib_a-strlen.o)

.debug_frame    0x0000000000000000      0x294
 *(.debug_frame)
 .debug_frame   0x0000000000000000       0x3c obj/default/hello_world_small.o
 .debug_frame   0x000000000000003c       0x2c ../hangman_word_bsp/\libhal_bsp.a(alt_getchar.o)
 .debug_frame   0x0000000000000068       0x30 ../hangman_word_bsp/\libhal_bsp.a(alt_load.o)
 .debug_frame   0x0000000000000098       0x2c ../hangman_word_bsp/\libhal_bsp.a(alt_main.o)
 .debug_frame   0x00000000000000c4       0x54 ../hangman_word_bsp/\libhal_bsp.a(alt_printf.o)
 .debug_frame   0x0000000000000118       0x30 ../hangman_word_bsp/\libhal_bsp.a(alt_putchar.o)
 .debug_frame   0x0000000000000148       0x30 ../hangman_word_bsp/\libhal_bsp.a(alt_putstr.o)
 .debug_frame   0x0000000000000178       0x3c ../hangman_word_bsp/\libhal_bsp.a(alt_sys_init.o)
 .debug_frame   0x00000000000001b4       0x20 ../hangman_word_bsp/\libhal_bsp.a(altera_avalon_jtag_uart_read.o)
 .debug_frame   0x00000000000001d4       0x20 ../hangman_word_bsp/\libhal_bsp.a(altera_avalon_jtag_uart_write.o)
 .debug_frame   0x00000000000001f4       0x20 ../hangman_word_bsp/\libhal_bsp.a(alt_dcache_flush_all.o)
 .debug_frame   0x0000000000000214       0x20 ../hangman_word_bsp/\libhal_bsp.a(alt_dev.o)
 .debug_frame   0x0000000000000234       0x20 ../hangman_word_bsp/\libhal_bsp.a(alt_icache_flush_all.o)
 .debug_frame   0x0000000000000254       0x20 ../hangman_word_bsp/\libhal_bsp.a(altera_nios2_qsys_irq.o)
 .debug_frame   0x0000000000000274       0x20 c:/altera/16.0/nios2eds/bin/gnu/h-x86_64-mingw32/bin/../lib/gcc/nios2-elf/5.2.0/../../../../../H-x86_64-mingw32/nios2-elf/lib/mno-hw-mul\libsmallc.a(lib_a-strlen.o)

.debug_str      0x0000000000000000      0x89d
 *(.debug_str)
 .debug_str     0x0000000000000000       0xeb obj/default/hello_world_small.o
                                         0xf5 (size before relaxing)
 .debug_str     0x00000000000000eb      0x1e3 ../hangman_word_bsp/\libhal_bsp.a(alt_getchar.o)
                                        0x23e (size before relaxing)
 .debug_str     0x00000000000002ce      0x11b ../hangman_word_bsp/\libhal_bsp.a(alt_load.o)
                                        0x244 (size before relaxing)
 .debug_str     0x00000000000003e9       0x5e ../hangman_word_bsp/\libhal_bsp.a(alt_main.o)
                                        0x1bd (size before relaxing)
 .debug_str     0x0000000000000447       0x59 ../hangman_word_bsp/\libhal_bsp.a(alt_printf.o)
                                        0x10e (size before relaxing)
 .debug_str     0x00000000000004a0       0x34 ../hangman_word_bsp/\libhal_bsp.a(alt_putchar.o)
                                        0x193 (size before relaxing)
 .debug_str     0x00000000000004d4       0x1c ../hangman_word_bsp/\libhal_bsp.a(alt_putstr.o)
                                        0x198 (size before relaxing)
 .debug_str     0x00000000000004f0       0x86 ../hangman_word_bsp/\libhal_bsp.a(alt_sys_init.o)
                                        0x22c (size before relaxing)
 .debug_str     0x0000000000000576       0x3d ../hangman_word_bsp/\libhal_bsp.a(altera_avalon_jtag_uart_read.o)
                                        0x227 (size before relaxing)
 .debug_str     0x00000000000005b3       0x32 ../hangman_word_bsp/\libhal_bsp.a(altera_avalon_jtag_uart_write.o)
                                        0x21d (size before relaxing)
 .debug_str     0x00000000000005e5       0x1f ../hangman_word_bsp/\libhal_bsp.a(alt_dcache_flush_all.o)
                                        0x15d (size before relaxing)
 .debug_str     0x0000000000000604      0x120 ../hangman_word_bsp/\libhal_bsp.a(alt_dev.o)
                                        0x30d (size before relaxing)
 .debug_str     0x0000000000000724       0x1f ../hangman_word_bsp/\libhal_bsp.a(alt_icache_flush_all.o)
                                        0x15d (size before relaxing)
 .debug_str     0x0000000000000743       0x20 ../hangman_word_bsp/\libhal_bsp.a(altera_nios2_qsys_irq.o)
                                        0x164 (size before relaxing)
 .debug_str     0x0000000000000763      0x13a c:/altera/16.0/nios2eds/bin/gnu/h-x86_64-mingw32/bin/../lib/gcc/nios2-elf/5.2.0/../../../../../H-x86_64-mingw32/nios2-elf/lib/mno-hw-mul\libsmallc.a(lib_a-strlen.o)
                                        0x1e5 (size before relaxing)

.debug_loc      0x0000000000000000      0x46c
 *(.debug_loc)
 .debug_loc     0x0000000000000000       0x94 obj/default/hello_world_small.o
 .debug_loc     0x0000000000000094      0x1de ../hangman_word_bsp/\libhal_bsp.a(alt_printf.o)
 .debug_loc     0x0000000000000272       0x2c ../hangman_word_bsp/\libhal_bsp.a(alt_putchar.o)
 .debug_loc     0x000000000000029e       0x37 ../hangman_word_bsp/\libhal_bsp.a(alt_putstr.o)
 .debug_loc     0x00000000000002d5       0x21 ../hangman_word_bsp/\libhal_bsp.a(alt_sys_init.o)
 .debug_loc     0x00000000000002f6       0xcd ../hangman_word_bsp/\libhal_bsp.a(altera_avalon_jtag_uart_read.o)
 .debug_loc     0x00000000000003c3       0x8b ../hangman_word_bsp/\libhal_bsp.a(altera_avalon_jtag_uart_write.o)
 .debug_loc     0x000000000000044e       0x1e c:/altera/16.0/nios2eds/bin/gnu/h-x86_64-mingw32/bin/../lib/gcc/nios2-elf/5.2.0/../../../../../H-x86_64-mingw32/nios2-elf/lib/mno-hw-mul\libsmallc.a(lib_a-strlen.o)

.debug_macinfo
 *(.debug_macinfo)

.debug_weaknames
 *(.debug_weaknames)

.debug_funcnames
 *(.debug_funcnames)

.debug_typenames
 *(.debug_typenames)

.debug_varnames
 *(.debug_varnames)

.debug_alt_sim_info
                0x0000000000000000       0x10
 *(.debug_alt_sim_info)
 .debug_alt_sim_info
                0x0000000000000000       0x10 ../hangman_word_bsp//obj/HAL/src/crt0.o
                0x0000000000008000                __alt_data_end = 0x8000
                0x0000000000008000                PROVIDE (__alt_stack_pointer, __alt_data_end)
                [!provide]                        PROVIDE (__alt_stack_limit, __alt_stack_base)
                [!provide]                        PROVIDE (__alt_heap_start, end)
                [!provide]                        PROVIDE (__alt_heap_limit, 0x8000)
OUTPUT(hangman_word.elf elf32-littlenios2)

.debug_ranges   0x0000000000000000       0xc0
 .debug_ranges  0x0000000000000000       0x20 ../hangman_word_bsp//obj/HAL/src/crt0.o
 .debug_ranges  0x0000000000000020       0x10 obj/default/hello_world_small.o
 .debug_ranges  0x0000000000000030       0x48 ../hangman_word_bsp/\libhal_bsp.a(alt_load.o)
 .debug_ranges  0x0000000000000078       0x18 ../hangman_word_bsp/\libhal_bsp.a(alt_printf.o)
 .debug_ranges  0x0000000000000090       0x20 ../hangman_word_bsp/\libhal_bsp.a(altera_avalon_jtag_uart_read.o)
 .debug_ranges  0x00000000000000b0       0x10 c:/altera/16.0/nios2eds/bin/gnu/h-x86_64-mingw32/bin/../lib/gcc/nios2-elf/5.2.0/../../../../../H-x86_64-mingw32/nios2-elf/lib/mno-hw-mul\libsmallc.a(lib_a-strlen.o)
