Archive member included to satisfy reference by file (symbol)

../hangman_word_bsp/\libhal_bsp.a(alt_getchar.o)
                              obj/default/hello_world_small.o (alt_getchar)
../hangman_word_bsp/\libhal_bsp.a(alt_load.o)
                              ../hangman_word_bsp//obj/HAL/src/crt0.o (alt_load)
../hangman_word_bsp/\libhal_bsp.a(alt_main.o)
                              ../hangman_word_bsp//obj/HAL/src/crt0.o (alt_main)
../hangman_word_bsp/\libhal_bsp.a(alt_printf.o)
                              obj/default/hello_world_small.o (alt_printf)
../hangman_word_bsp/\libhal_bsp.a(alt_putchar.o)
                              ../hangman_word_bsp/\libhal_bsp.a(alt_printf.o) (alt_putchar)
../hangman_word_bsp/\libhal_bsp.a(alt_putstr.o)
                              obj/default/hello_world_small.o (alt_putstr)
../hangman_word_bsp/\libhal_bsp.a(alt_sys_init.o)
                              ../hangman_word_bsp/\libhal_bsp.a(alt_main.o) (alt_irq_init)
../hangman_word_bsp/\libhal_bsp.a(altera_avalon_jtag_uart_read.o)
                              ../hangman_word_bsp/\libhal_bsp.a(alt_getchar.o) (altera_avalon_jtag_uart_read)
../hangman_word_bsp/\libhal_bsp.a(altera_avalon_jtag_uart_write.o)
                              ../hangman_word_bsp/\libhal_bsp.a(alt_putchar.o) (altera_avalon_jtag_uart_write)
../hangman_word_bsp/\libhal_bsp.a(alt_dcache_flush_all.o)
                              ../hangman_word_bsp/\libhal_bsp.a(alt_load.o) (alt_dcache_flush_all)
../hangman_word_bsp/\libhal_bsp.a(alt_dev.o)
                              ../hangman_word_bsp/\libhal_bsp.a(alt_getchar.o) (alt_fd_list)
../hangman_word_bsp/\libhal_bsp.a(alt_icache_flush_all.o)
                              ../hangman_word_bsp/\libhal_bsp.a(alt_load.o) (alt_icache_flush_all)
../hangman_word_bsp/\libhal_bsp.a(altera_nios2_qsys_irq.o)
                              ../hangman_word_bsp/\libhal_bsp.a(alt_sys_init.o) (altera_nios2_qsys_irq_init)
c:/altera/16.0/nios2eds/bin/gnu/h-x86_64-mingw32/bin/../lib/gcc/nios2-elf/5.2.0/../../../../../H-x86_64-mingw32/nios2-elf/lib/mno-hw-mul\libsmallc.a(lib_a-strlen.o)
                              ../hangman_word_bsp/\libhal_bsp.a(alt_putstr.o) (strlen)

Memory Configuration

Name             Origin             Length             Attributes
reset            0x0000000000000000 0x0000000000000020
onchip_memory    0x0000000000000020 0x0000000000007fe0
*default*        0x0000000000000000 0xffffffffffffffff

Linker script and memory map

LOAD ../hangman_word_bsp//obj/HAL/src/crt0.o
LOAD obj/default/hello_world_small.o
LOAD c:/altera/16.0/nios2eds/bin/gnu/h-x86_64-mingw32/bin/../lib/gcc/nios2-elf/5.2.0/../../../../../H-x86_64-mingw32/nios2-elf/lib/mno-hw-mul\libstdc++.a
LOAD c:/altera/16.0/nios2eds/bin/gnu/h-x86_64-mingw32/bin/../lib/gcc/nios2-elf/5.2.0/../../../../../H-x86_64-mingw32/nios2-elf/lib/mno-hw-mul\libm.a
LOAD c:/altera/16.0/nios2eds/bin/gnu/h-x86_64-mingw32/bin/../lib/gcc/nios2-elf/5.2.0/mno-hw-mul\libgcc.a
START GROUP
LOAD c:/altera/16.0/nios2eds/bin/gnu/h-x86_64-mingw32/bin/../lib/gcc/nios2-elf/5.2.0/../../../../../H-x86_64-mingw32/nios2-elf/lib/mno-hw-mul\libsmallc.a
LOAD c:/altera/16.0/nios2eds/bin/gnu/h-x86_64-mingw32/bin/../lib/gcc/nios2-elf/5.2.0/mno-hw-mul\libgcc.a
LOAD ../hangman_word_bsp/\libhal_bsp.a
LOAD c:/altera/16.0/nios2eds/bin/gnu/h-x86_64-mingw32/bin/../lib/gcc/nios2-elf/5.2.0/../../../../../H-x86_64-mingw32/nios2-elf/lib/mno-hw-mul\libm.a
END GROUP
LOAD c:/altera/16.0/nios2eds/bin/gnu/h-x86_64-mingw32/bin/../lib/gcc/nios2-elf/5.2.0/mno-hw-mul\libgcc.a
                0x0000000000000000                __alt_mem_onchip_memory = 0x0

.entry          0x0000000000000000       0x20
 *(.entry)
 .entry         0x0000000000000000       0x20 ../hangman_word_bsp//obj/HAL/src/crt0.o
                0x0000000000000000                __reset
                0x000000000000000c                _exit

.exceptions     0x0000000000000020        0x0
                0x0000000000000020                PROVIDE (__ram_exceptions_start, ABSOLUTE (.))
                0x0000000000000020                . = ALIGN (0x20)
 *(.irq)
 *(.exceptions.entry.label)
 *(.exceptions.entry.user)
 *(.exceptions.entry.ecc_fatal)
 *(.exceptions.entry)
 *(.exceptions.irqtest.user)
 *(.exceptions.irqtest)
 *(.exceptions.irqhandler.user)
 *(.exceptions.irqhandler)
 *(.exceptions.irqreturn.user)
 *(.exceptions.irqreturn)
 *(.exceptions.notirq.label)
 *(.exceptions.notirq.user)
 *(.exceptions.notirq)
 *(.exceptions.soft.user)
 *(.exceptions.soft)
 *(.exceptions.unknown.user)
 *(.exceptions.unknown)
 *(.exceptions.exit.label)
 *(.exceptions.exit.user)
 *(.exceptions.exit)
 *(.exceptions)
                0x0000000000000020                PROVIDE (__ram_exceptions_end, ABSOLUTE (.))
                0x0000000000000020                PROVIDE (__flash_exceptions_start, LOADADDR (.exceptions))

.text           0x0000000000000020      0x9f8
                [!provide]                        PROVIDE (stext, ABSOLUTE (.))
 *(.interp)
 *(.hash)
 *(.dynsym)
 *(.dynstr)
 *(.gnu.version)
 *(.gnu.version_d)
 *(.gnu.version_r)
 *(.rel.init)
 *(.rela.init)
 *(.rel.text .rel.text.* .rel.gnu.linkonce.t.*)
 *(.rela.text .rela.text.* .rela.gnu.linkonce.t.*)
 *(.rel.fini)
 *(.rela.fini)
 *(.rel.rodata .rel.rodata.* .rel.gnu.linkonce.r.*)
 *(.rela.rodata .rela.rodata.* .rela.gnu.linkonce.r.*)
 *(.rel.data .rel.data.* .rel.gnu.linkonce.d.*)
 *(.rela.data .rela.data.* .rela.gnu.linkonce.d.*)
 *(.rel.tdata .rel.tdata.* .rel.gnu.linkonce.td.*)
 *(.rela.tdata .rela.tdata.* .rela.gnu.linkonce.td.*)
 *(.rel.tbss .rel.tbss.* .rel.gnu.linkonce.tb.*)
 *(.rela.tbss .rela.tbss.* .rela.gnu.linkonce.tb.*)
 *(.rel.ctors)
 *(.rela.ctors)
 *(.rel.dtors)
 *(.rela.dtors)
 *(.rel.got)
 *(.rela.got)
 *(.rel.sdata .rel.sdata.* .rel.gnu.linkonce.s.*)
 *(.rela.sdata .rela.sdata.* .rela.gnu.linkonce.s.*)
 *(.rel.sbss .rel.sbss.* .rel.gnu.linkonce.sb.*)
 *(.rela.sbss .rela.sbss.* .rela.gnu.linkonce.sb.*)
 *(.rel.sdata2 .rel.sdata2.* .rel.gnu.linkonce.s2.*)
 *(.rela.sdata2 .rela.sdata2.* .rela.gnu.linkonce.s2.*)
 *(.rel.sbss2 .rel.sbss2.* .rel.gnu.linkonce.sb2.*)
 *(.rela.sbss2 .rela.sbss2.* .rela.gnu.linkonce.sb2.*)
 *(.rel.bss .rel.bss.* .rel.gnu.linkonce.b.*)
 *(.rela.bss .rela.bss.* .rela.gnu.linkonce.b.*)
 *(.rel.plt)
 *(.rela.plt)
 *(.rel.dyn)
 *(.init)
 *(.plt)
 *(.text .stub .text.* .gnu.linkonce.t.*)
 .text          0x0000000000000020       0x3c ../hangman_word_bsp//obj/HAL/src/crt0.o
                0x0000000000000020                _start
 .text          0x000000000000005c       0x6c obj/default/hello_world_small.o
                0x000000000000005c                write_to_hex
 .text.startup  0x00000000000000c8      0x528 obj/default/hello_world_small.o
                0x00000000000000c8                main
 .text          0x00000000000005f0       0x44 ../hangman_word_bsp/\libhal_bsp.a(alt_getchar.o)
                0x00000000000005f0                alt_getchar
 .text          0x0000000000000634       0xe0 ../hangman_word_bsp/\libhal_bsp.a(alt_load.o)
                0x0000000000000634                alt_load
 .text          0x0000000000000714       0x2c ../hangman_word_bsp/\libhal_bsp.a(alt_main.o)
                0x0000000000000714                alt_main
 .text          0x0000000000000740      0x170 ../hangman_word_bsp/\libhal_bsp.a(alt_printf.o)
                0x0000000000000740                alt_printf
 .text          0x00000000000008b0       0x48 ../hangman_word_bsp/\libhal_bsp.a(alt_putchar.o)
                0x00000000000008b0                alt_putchar
 .text          0x00000000000008f8       0x38 ../hangman_word_bsp/\libhal_bsp.a(alt_putstr.o)
                0x00000000000008f8                alt_putstr
 .text          0x0000000000000930       0x24 ../hangman_word_bsp/\libhal_bsp.a(alt_sys_init.o)
                0x0000000000000930                alt_irq_init
                0x0000000000000950                alt_sys_init
 .text          0x0000000000000954       0x5c ../hangman_word_bsp/\libhal_bsp.a(altera_avalon_jtag_uart_read.o)
                0x0000000000000954                altera_avalon_jtag_uart_read
 .text          0x00000000000009b0       0x34 ../hangman_word_bsp/\libhal_bsp.a(altera_avalon_jtag_uart_write.o)
                0x00000000000009b0                altera_avalon_jtag_uart_write
 .text          0x00000000000009e4        0x4 ../hangman_word_bsp/\libhal_bsp.a(alt_dcache_flush_all.o)
                0x00000000000009e4                alt_dcache_flush_all
 .text          0x00000000000009e8        0x8 ../hangman_word_bsp/\libhal_bsp.a(alt_dev.o)
 .text          0x00000000000009f0        0x4 ../hangman_word_bsp/\libhal_bsp.a(alt_icache_flush_all.o)
                0x00000000000009f0                alt_icache_flush_all
 .text          0x00000000000009f4        0x8 ../hangman_word_bsp/\libhal_bsp.a(altera_nios2_qsys_irq.o)
                0x00000000000009f4                altera_nios2_qsys_irq_init
 .text          0x00000000000009fc        0x0 c:/altera/16.0/nios2eds/bin/gnu/h-x86_64-mingw32/bin/../lib/gcc/nios2-elf/5.2.0/../../../../../H-x86_64-mingw32/nios2-elf/lib/mno-hw-mul\libsmallc.a(lib_a-strlen.o)
 .text.strlen   0x00000000000009fc       0x1c c:/altera/16.0/nios2eds/bin/gnu/h-x86_64-mingw32/bin/../lib/gcc/nios2-elf/5.2.0/../../../../../H-x86_64-mingw32/nios2-elf/lib/mno-hw-mul\libsmallc.a(lib_a-strlen.o)
                0x00000000000009fc                strlen
 *(.gnu.warning.*)
 *(.fini)
                [!provide]                        PROVIDE (__etext, ABSOLUTE (.))
                [!provide]                        PROVIDE (_etext, ABSOLUTE (.))
                [!provide]                        PROVIDE (etext, ABSOLUTE (.))
 *(.eh_frame_hdr)
                0x0000000000000a18                . = ALIGN (0x4)
                [!provide]                        PROVIDE (__preinit_array_start, ABSOLUTE (.))
 *(.preinit_array)
                [!provide]                        PROVIDE (__preinit_array_end, ABSOLUTE (.))
                [!provide]                        PROVIDE (__init_array_start, ABSOLUTE (.))
 *(.init_array)
                [!provide]                        PROVIDE (__init_array_end, ABSOLUTE (.))
                [!provide]                        PROVIDE (__fini_array_start, ABSOLUTE (.))
 *(.fini_array)
                [!provide]                        PROVIDE (__fini_array_end, ABSOLUTE (.))
 *(.eh_frame)
 *(.gcc_except_table .gcc_except_table.*)
 *(.dynamic)
                [!provide]                        PROVIDE (__CTOR_LIST__, ABSOLUTE (.))
 *(.ctors)
 *(SORT(.ctors.*))
                [!provide]                        PROVIDE (__CTOR_END__, ABSOLUTE (.))
                [!provide]                        PROVIDE (__DTOR_LIST__, ABSOLUTE (.))
 *(.dtors)
 *(SORT(.dtors.*))
                [!provide]                        PROVIDE (__DTOR_END__, ABSOLUTE (.))
 *(.jcr)
                0x0000000000000a18                . = ALIGN (0x4)

.rodata         0x0000000000000a18      0x1e8
                0x0000000000000a18                PROVIDE (__ram_rodata_start, ABSOLUTE (.))
                0x0000000000000a18                . = ALIGN (0x4)
 *(.rodata .rodata.* .gnu.linkonce.r.*)
 .rodata.str1.4
                0x0000000000000a18      0x1da obj/default/hello_world_small.o
                                        0x1de (size before relaxing)
 *fill*         0x0000000000000bf2        0x2 
 .rodata.str1.4
                0x0000000000000bf4        0xc ../hangman_word_bsp/\libhal_bsp.a(alt_dev.o)
                                          0xa (size before relaxing)
 *(.rodata1)
                0x0000000000000c00                . = ALIGN (0x4)
                0x0000000000000c00                PROVIDE (__ram_rodata_end, ABSOLUTE (.))
                0x0000000000000a18                PROVIDE (__flash_rodata_start, LOADADDR (.rodata))

.rwdata         0x0000000000000c00       0x70 load address 0x0000000000000c70
                0x0000000000000c00                PROVIDE (__ram_rwdata_start, ABSOLUTE (.))
                0x0000000000000c00                . = ALIGN (0x4)
 *(.got.plt)
 *(.got)
 *(.data1)
 *(.data .data.* .gnu.linkonce.d.*)
 .data          0x0000000000000c00        0x0 ../hangman_word_bsp//obj/HAL/src/crt0.o
 .data          0x0000000000000c00        0x0 obj/default/hello_world_small.o
 .data          0x0000000000000c00        0x0 ../hangman_word_bsp/\libhal_bsp.a(alt_getchar.o)
 .data          0x0000000000000c00        0x0 ../hangman_word_bsp/\libhal_bsp.a(alt_load.o)
 .data          0x0000000000000c00        0x0 ../hangman_word_bsp/\libhal_bsp.a(alt_main.o)
 .data          0x0000000000000c00        0x0 ../hangman_word_bsp/\libhal_bsp.a(alt_printf.o)
 .data          0x0000000000000c00        0x0 ../hangman_word_bsp/\libhal_bsp.a(alt_putchar.o)
 .data          0x0000000000000c00        0x0 ../hangman_word_bsp/\libhal_bsp.a(alt_putstr.o)
 .data          0x0000000000000c00        0x0 ../hangman_word_bsp/\libhal_bsp.a(alt_sys_init.o)
 .data          0x0000000000000c00        0x0 ../hangman_word_bsp/\libhal_bsp.a(altera_avalon_jtag_uart_read.o)
 .data          0x0000000000000c00        0x0 ../hangman_word_bsp/\libhal_bsp.a(altera_avalon_jtag_uart_write.o)
 .data          0x0000000000000c00        0x0 ../hangman_word_bsp/\libhal_bsp.a(alt_dcache_flush_all.o)
 .data          0x0000000000000c00       0x58 ../hangman_word_bsp/\libhal_bsp.a(alt_dev.o)
                0x0000000000000c00                alt_fd_list
                0x0000000000000c30                alt_dev_null
 .data          0x0000000000000c58        0x0 ../hangman_word_bsp/\libhal_bsp.a(alt_icache_flush_all.o)
 .data          0x0000000000000c58        0x0 ../hangman_word_bsp/\libhal_bsp.a(altera_nios2_qsys_irq.o)
 .data          0x0000000000000c58        0x0 c:/altera/16.0/nios2eds/bin/gnu/h-x86_64-mingw32/bin/../lib/gcc/nios2-elf/5.2.0/../../../../../H-x86_64-mingw32/nios2-elf/lib/mno-hw-mul\libsmallc.a(lib_a-strlen.o)
                0x0000000000008c58                _gp = ABSOLUTE ((. + 0x8000))
                [!provide]                        PROVIDE (gp, _gp)
 *(.rwdata .rwdata.*)
 *(.sdata .sdata.* .gnu.linkonce.s.*)
 .sdata         0x0000000000000c58        0x4 ../hangman_word_bsp/\libhal_bsp.a(alt_sys_init.o)
                0x0000000000000c58                jtag_uart
 .sdata         0x0000000000000c5c       0x14 ../hangman_word_bsp/\libhal_bsp.a(alt_dev.o)
                0x0000000000000c5c                alt_max_fd
                0x0000000000000c60                alt_dev_list
                0x0000000000000c68                alt_fs_list
 *(.sdata2 .sdata2.* .gnu.linkonce.s2.*)
                0x0000000000000c70                . = ALIGN (0x4)
                0x0000000000000c70                _edata = ABSOLUTE (.)
                [!provide]                        PROVIDE (edata, ABSOLUTE (.))
                0x0000000000000c70                PROVIDE (__ram_rwdata_end, ABSOLUTE (.))
                0x0000000000000c70                PROVIDE (__flash_rwdata_start, LOADADDR (.rwdata))

.bss            0x0000000000000ce0        0xc
                0x0000000000000ce0                __bss_start = ABSOLUTE (.)
                [!provide]                        PROVIDE (__sbss_start, ABSOLUTE (.))
                [!provide]                        PROVIDE (___sbss_start, ABSOLUTE (.))
 *(.dynsbss)
 *(.sbss .sbss.* .gnu.linkonce.sb.*)
 .sbss          0x0000000000000ce0        0xc ../hangman_word_bsp/\libhal_bsp.a(alt_main.o)
                0x0000000000000ce0                alt_envp
                0x0000000000000ce4                alt_argv
                0x0000000000000ce8                alt_argc
 *(.sbss2 .sbss2.* .gnu.linkonce.sb2.*)
 *(.scommon)
                [!provide]                        PROVIDE (__sbss_end, ABSOLUTE (.))
                [!provide]                        PROVIDE (___sbss_end, ABSOLUTE (.))
 *(.dynbss)
 *(.bss .bss.* .gnu.linkonce.b.*)
 .bss           0x0000000000000cec        0x0 ../hangman_word_bsp//obj/HAL/src/crt0.o
 .bss           0x0000000000000cec        0x0 obj/default/hello_world_small.o
 .bss           0x0000000000000cec        0x0 ../hangman_word_bsp/\libhal_bsp.a(alt_getchar.o)
 .bss           0x0000000000000cec        0x0 ../hangman_word_bsp/\libhal_bsp.a(alt_load.o)
 .bss           0x0000000000000cec        0x0 ../hangman_word_bsp/\libhal_bsp.a(alt_main.o)
 .bss           0x0000000000000cec        0x0 ../hangman_word_bsp/\libhal_bsp.a(alt_printf.o)
 .bss           0x0000000000000cec        0x0 ../hangman_word_bsp/\libhal_bsp.a(alt_putchar.o)
 .bss           0x0000000000000cec        0x0 ../hangman_word_bsp/\libhal_bsp.a(alt_putstr.o)
 .bss           0x0000000000000cec        0x0 ../hangman_word_bsp/\libhal_bsp.a(alt_sys_init.o)
 .bss           0x0000000000000cec        0x0 ../hangman_word_bsp/\libhal_bsp.a(altera_avalon_jtag_uart_read.o)
 .bss           0x0000000000000cec        0x0 ../hangman_word_bsp/\libhal_bsp.a(altera_avalon_jtag_uart_write.o)
 .bss           0x0000000000000cec        0x0 ../hangman_word_bsp/\libhal_bsp.a(alt_dcache_flush_all.o)
 .bss           0x0000000000000cec        0x0 ../hangman_word_bsp/\libhal_bsp.a(alt_dev.o)
 .bss           0x0000000000000cec        0x0 ../hangman_word_bsp/\libhal_bsp.a(alt_icache_flush_all.o)
 .bss           0x0000000000000cec        0x0 ../hangman_word_bsp/\libhal_bsp.a(altera_nios2_qsys_irq.o)
 .bss           0x0000000000000cec        0x0 c:/altera/16.0/nios2eds/bin/gnu/h-x86_64-mingw32/bin/../lib/gcc/nios2-elf/5.2.0/../../../../../H-x86_64-mingw32/nios2-elf/lib/mno-hw-mul\libsmallc.a(lib_a-strlen.o)
 *(COMMON)
                0x0000000000000cec                . = ALIGN (0x4)
                0x0000000000000cec                __bss_end = ABSOLUTE (.)

.onchip_memory  0x0000000000000cec        0x0
                [!provide]                        PROVIDE (_alt_partition_onchip_memory_start, ABSOLUTE (.))
 *(.onchip_memory .onchip_memory. onchip_memory.*)
                0x0000000000000cec                . = ALIGN (0x4)
                [!provide]                        PROVIDE (_alt_partition_onchip_memory_end, ABSOLUTE (.))
                0x0000000000000cec                _end = ABSOLUTE (.)
                0x0000000000000cec                end = ABSOLUTE (.)
                0x0000000000000cec                __alt_stack_base = ABSOLUTE (.)
                [!provide]                        PROVIDE (_alt_partition_onchip_memory_load_addr, LOADADDR (.onchip_memory))

.stab
 *(.stab)

.stabstr
 *(.stabstr)

.stab.excl
 *(.stab.excl)

.stab.exclstr
 *(.stab.exclstr)

.stab.index
 *(.stab.index)

.stab.indexstr
 *(.stab.indexstr)

.comment        0x0000000000000000       0x23
 *(.comment)
 .comment       0x0000000000000000       0x23 obj/default/hello_world_small.o
                                         0x24 (size before relaxing)
 .comment       0x0000000000000023       0x24 ../hangman_word_bsp/\libhal_bsp.a(alt_getchar.o)
 .comment       0x0000000000000023       0x24 ../hangman_word_bsp/\libhal_bsp.a(alt_load.o)
 .comment       0x0000000000000023       0x24 ../hangman_word_bsp/\libhal_bsp.a(alt_main.o)
 .comment       0x0000000000000023       0x24 ../hangman_word_bsp/\libhal_bsp.a(alt_printf.o)
 .comment       0x0000000000000023       0x24 ../hangman_word_bsp/\libhal_bsp.a(alt_putchar.o)
 .comment       0x0000000000000023       0x24 ../hangman_word_bsp/\libhal_bsp.a(alt_putstr.o)
 .comment       0x0000000000000023       0x24 ../hangman_word_bsp/\libhal_bsp.a(alt_sys_init.o)
 .comment       0x0000000000000023       0x24 ../hangman_word_bsp/\libhal_bsp.a(altera_avalon_jtag_uart_read.o)
 .comment       0x0000000000000023       0x24 ../hangman_word_bsp/\libhal_bsp.a(altera_avalon_jtag_uart_write.o)
 .comment       0x0000000000000023       0x24 ../hangman_word_bsp/\libhal_bsp.a(alt_dcache_flush_all.o)
 .comment       0x0000000000000023       0x24 ../hangman_word_bsp/\libhal_bsp.a(alt_dev.o)
 .comment       0x0000000000000023       0x24 ../hangman_word_bsp/\libhal_bsp.a(alt_icache_flush_all.o)
 .comment       0x0000000000000023       0x24 ../hangman_word_bsp/\libhal_bsp.a(altera_nios2_qsys_irq.o)
 .comment       0x0000000000000023       0x24 c:/altera/16.0/nios2eds/bin/gnu/h-x86_64-mingw32/bin/../lib/gcc/nios2-elf/5.2.0/../../../../../H-x86_64-mingw32/nios2-elf/lib/mno-hw-mul\libsmallc.a(lib_a-strlen.o)

.debug
 *(.debug)

.line
 *(.line)

.debug_srcinfo
 *(.debug_srcinfo)

.debug_sfnames
 *(.debug_sfnames)

.debug_aranges  0x0000000000000000      0x210
 *(.debug_aranges)
 .debug_aranges
                0x0000000000000000       0x28 ../hangman_word_bsp//obj/HAL/src/crt0.o
 .debug_aranges
                0x0000000000000028       0x28 obj/default/hello_world_small.o
 .debug_aranges
                0x0000000000000050       0x20 ../hangman_word_bsp/\libhal_bsp.a(alt_getchar.o)
 .debug_aranges
                0x0000000000000070       0x20 ../hangman_word_bsp/\libhal_bsp.a(alt_load.o)
 .debug_aranges
                0x0000000000000090       0x20 ../hangman_word_bsp/\libhal_bsp.a(alt_main.o)
 .debug_aranges
                0x00000000000000b0       0x20 ../hangman_word_bsp/\libhal_bsp.a(alt_printf.o)
 .debug_aranges
                0x00000000000000d0       0x20 ../hangman_word_bsp/\libhal_bsp.a(alt_putchar.o)
 .debug_aranges
                0x00000000000000f0       0x20 ../hangman_word_bsp/\libhal_bsp.a(alt_putstr.o)
 .debug_aranges
                0x0000000000000110       0x20 ../hangman_word_bsp/\libhal_bsp.a(alt_sys_init.o)
 .debug_aranges
                0x0000000000000130       0x20 ../hangman_word_bsp/\libhal_bsp.a(altera_avalon_jtag_uart_read.o)
 .debug_aranges
                0x0000000000000150       0x20 ../hangman_word_bsp/\libhal_bsp.a(altera_avalon_jtag_uart_write.o)
 .debug_aranges
                0x0000000000000170       0x20 ../hangman_word_bsp/\libhal_bsp.a(alt_dcache_flush_all.o)
 .debug_aranges
                0x0000000000000190       0x20 ../hangman_word_bsp/\libhal_bsp.a(alt_dev.o)
 .debug_aranges
                0x00000000000001b0       0x20 ../hangman_word_bsp/\libhal_bsp.a(alt_icache_flush_all.o)
 .debug_aranges
                0x00000000000001d0       0x20 ../hangman_word_bsp/\libhal_bsp.a(altera_nios2_qsys_irq.o)
 .debug_aranges
                0x00000000000001f0       0x20 c:/altera/16.0/nios2eds/bin/gnu/h-x86_64-mingw32/bin/../lib/gcc/nios2-elf/5.2.0/../../../../../H-x86_64-mingw32/nios2-elf/lib/mno-hw-mul\libsmallc.a(lib_a-strlen.o)

.debug_pubnames
 *(.debug_pubnames)

.debug_info     0x0000000000000000     0x1bc9
 *(.debug_info .gnu.linkonce.wi.*)
 .debug_info    0x0000000000000000       0x77 ../hangman_word_bsp//obj/HAL/src/crt0.o
 .debug_info    0x0000000000000077      0x55a obj/default/hello_world_small.o
 .debug_info    0x00000000000005d1      0x32d ../hangman_word_bsp/\libhal_bsp.a(alt_getchar.o)
 .debug_info    0x00000000000008fe      0x1c9 ../hangman_word_bsp/\libhal_bsp.a(alt_load.o)
 .debug_info    0x0000000000000ac7      0x169 ../hangman_word_bsp/\libhal_bsp.a(alt_main.o)
 .debug_info    0x0000000000000c30      0x14d ../hangman_word_bsp/\libhal_bsp.a(alt_printf.o)
 .debug_info    0x0000000000000d7d      0x12a ../hangman_word_bsp/\libhal_bsp.a(alt_putchar.o)
 .debug_info    0x0000000000000ea7      0x13a ../hangman_word_bsp/\libhal_bsp.a(alt_putstr.o)
 .debug_info    0x0000000000000fe1      0x185 ../hangman_word_bsp/\libhal_bsp.a(alt_sys_init.o)
 .debug_info    0x0000000000001166      0x1b4 ../hangman_word_bsp/\libhal_bsp.a(altera_avalon_jtag_uart_read.o)
 .debug_info    0x000000000000131a      0x197 ../hangman_word_bsp/\libhal_bsp.a(altera_avalon_jtag_uart_write.o)
 .debug_info    0x00000000000014b1       0x92 ../hangman_word_bsp/\libhal_bsp.a(alt_dcache_flush_all.o)
 .debug_info    0x0000000000001543      0x499 ../hangman_word_bsp/\libhal_bsp.a(alt_dev.o)
 .debug_info    0x00000000000019dc       0x92 ../hangman_word_bsp/\libhal_bsp.a(alt_icache_flush_all.o)
 .debug_info    0x0000000000001a6e       0x92 ../hangman_word_bsp/\libhal_bsp.a(altera_nios2_qsys_irq.o)
 .debug_info    0x0000000000001b00       0xc9 c:/altera/16.0/nios2eds/bin/gnu/h-x86_64-mingw32/bin/../lib/gcc/nios2-elf/5.2.0/../../../../../H-x86_64-mingw32/nios2-elf/lib/mno-hw-mul\libsmallc.a(lib_a-strlen.o)

.debug_abbrev   0x0000000000000000      0xbce
 *(.debug_abbrev)
 .debug_abbrev  0x0000000000000000       0x12 ../hangman_word_bsp//obj/HAL/src/crt0.o
 .debug_abbrev  0x0000000000000012      0x163 obj/default/hello_world_small.o
 .debug_abbrev  0x0000000000000175      0x11d ../hangman_word_bsp/\libhal_bsp.a(alt_getchar.o)
 .debug_abbrev  0x0000000000000292       0xd8 ../hangman_word_bsp/\libhal_bsp.a(alt_load.o)
 .debug_abbrev  0x000000000000036a       0xee ../hangman_word_bsp/\libhal_bsp.a(alt_main.o)
 .debug_abbrev  0x0000000000000458       0xd5 ../hangman_word_bsp/\libhal_bsp.a(alt_printf.o)
 .debug_abbrev  0x000000000000052d       0xd2 ../hangman_word_bsp/\libhal_bsp.a(alt_putchar.o)
 .debug_abbrev  0x00000000000005ff       0xd3 ../hangman_word_bsp/\libhal_bsp.a(alt_putstr.o)
 .debug_abbrev  0x00000000000006d2      0x107 ../hangman_word_bsp/\libhal_bsp.a(alt_sys_init.o)
 .debug_abbrev  0x00000000000007d9      0x102 ../hangman_word_bsp/\libhal_bsp.a(altera_avalon_jtag_uart_read.o)
 .debug_abbrev  0x00000000000008db       0xd5 ../hangman_word_bsp/\libhal_bsp.a(altera_avalon_jtag_uart_write.o)
 .debug_abbrev  0x00000000000009b0       0x42 ../hangman_word_bsp/\libhal_bsp.a(alt_dcache_flush_all.o)
 .debug_abbrev  0x00000000000009f2       0xd9 ../hangman_word_bsp/\libhal_bsp.a(alt_dev.o)
 .debug_abbrev  0x0000000000000acb       0x42 ../hangman_word_bsp/\libhal_bsp.a(alt_icache_flush_all.o)
 .debug_abbrev  0x0000000000000b0d       0x42 ../hangman_word_bsp/\libhal_bsp.a(altera_nios2_qsys_irq.o)
 .debug_abbrev  0x0000000000000b4f       0x7f c:/altera/16.0/nios2eds/bin/gnu/h-x86_64-mingw32/bin/../lib/gcc/nios2-elf/5.2.0/../../../../../H-x86_64-mingw32/nios2-elf/lib/mno-hw-mul\libsmallc.a(lib_a-strlen.o)

.debug_line     0x0000000000000000      0xc5f
 *(.debug_line)
 .debug_line    0x0000000000000000       0x66 ../hangman_word_bsp//obj/HAL/src/crt0.o
 .debug_line    0x0000000000000066      0x1c7 obj/default/hello_world_small.o
 .debug_line    0x000000000000022d       0xb7 ../hangman_word_bsp/\libhal_bsp.a(alt_getchar.o)
 .debug_line    0x00000000000002e4       0xa5 ../hangman_word_bsp/\libhal_bsp.a(alt_load.o)
 .debug_line    0x0000000000000389       0xbd ../hangman_word_bsp/\libhal_bsp.a(alt_main.o)
 .debug_line    0x0000000000000446      0x10a ../hangman_word_bsp/\libhal_bsp.a(alt_printf.o)
 .debug_line    0x0000000000000550       0x55 ../hangman_word_bsp/\libhal_bsp.a(alt_putchar.o)
 .debug_line    0x00000000000005a5       0x98 ../hangman_word_bsp/\libhal_bsp.a(alt_putstr.o)
 .debug_line    0x000000000000063d      0x101 ../hangman_word_bsp/\libhal_bsp.a(alt_sys_init.o)
 .debug_line    0x000000000000073e       0xfb ../hangman_word_bsp/\libhal_bsp.a(altera_avalon_jtag_uart_read.o)
 .debug_line    0x0000000000000839       0xf0 ../hangman_word_bsp/\libhal_bsp.a(altera_avalon_jtag_uart_write.o)
 .debug_line    0x0000000000000929       0x4e ../hangman_word_bsp/\libhal_bsp.a(alt_dcache_flush_all.o)
 .debug_line    0x0000000000000977       0xee ../hangman_word_bsp/\libhal_bsp.a(alt_dev.o)
 .debug_line    0x0000000000000a65       0x4e ../hangman_word_bsp/\libhal_bsp.a(alt_icache_flush_all.o)
 .debug_line    0x0000000000000ab3       0x50 ../hangman_word_bsp/\libhal_bsp.a(altera_nios2_qsys_irq.o)
 .debug_line    0x0000000000000b03      0x15c c:/altera/16.0/nios2eds/bin/gnu/h-x86_64-mingw32/bin/../lib/gcc/nios2-elf/5.2.0/../../../../../H-x86_64-mingw32/nios2-elf/lib/mno-hw-mul\libsmallc.a(lib_a-strlen.o)

.debug_frame    0x0000000000000000      0x2c4
 *(.debug_frame)
 .debug_frame   0x0000000000000000       0x6c obj/default/hello_world_small.o
 .debug_frame   0x000000000000006c       0x2c ../hangman_word_bsp/\libhal_bsp.a(alt_getchar.o)
 .debug_frame   0x0000000000000098       0x30 ../hangman_word_bsp/\libhal_bsp.a(alt_load.o)
 .debug_frame   0x00000000000000c8       0x2c ../hangman_word_bsp/\libhal_bsp.a(alt_main.o)
 .debug_frame   0x00000000000000f4       0x54 ../hangman_word_bsp/\libhal_bsp.a(alt_printf.o)
 .debug_frame   0x0000000000000148       0x30 ../hangman_word_bsp/\libhal_bsp.a(alt_putchar.o)
 .debug_frame   0x0000000000000178       0x30 ../hangman_word_bsp/\libhal_bsp.a(alt_putstr.o)
 .debug_frame   0x00000000000001a8       0x3c ../hangman_word_bsp/\libhal_bsp.a(alt_sys_init.o)
 .debug_frame   0x00000000000001e4       0x20 ../hangman_word_bsp/\libhal_bsp.a(altera_avalon_jtag_uart_read.o)
 .debug_frame   0x0000000000000204       0x20 ../hangman_word_bsp/\libhal_bsp.a(altera_avalon_jtag_uart_write.o)
 .debug_frame   0x0000000000000224       0x20 ../hangman_word_bsp/\libhal_bsp.a(alt_dcache_flush_all.o)
 .debug_frame   0x0000000000000244       0x20 ../hangman_word_bsp/\libhal_bsp.a(alt_dev.o)
 .debug_frame   0x0000000000000264       0x20 ../hangman_word_bsp/\libhal_bsp.a(alt_icache_flush_all.o)
 .debug_frame   0x0000000000000284       0x20 ../hangman_word_bsp/\libhal_bsp.a(altera_nios2_qsys_irq.o)
 .debug_frame   0x00000000000002a4       0x20 c:/altera/16.0/nios2eds/bin/gnu/h-x86_64-mingw32/bin/../lib/gcc/nios2-elf/5.2.0/../../../../../H-x86_64-mingw32/nios2-elf/lib/mno-hw-mul\libsmallc.a(lib_a-strlen.o)

.debug_str      0x0000000000000000      0x8da
 *(.debug_str)
 .debug_str     0x0000000000000000      0x138 obj/default/hello_world_small.o
                                        0x149 (size before relaxing)
 .debug_str     0x0000000000000138      0x1da ../hangman_word_bsp/\libhal_bsp.a(alt_getchar.o)
                                        0x23e (size before relaxing)
 .debug_str     0x0000000000000312      0x11b ../hangman_word_bsp/\libhal_bsp.a(alt_load.o)
                                        0x244 (size before relaxing)
 .debug_str     0x000000000000042d       0x5e ../hangman_word_bsp/\libhal_bsp.a(alt_main.o)
                                        0x1bd (size before relaxing)
 .debug_str     0x000000000000048b       0x59 ../hangman_word_bsp/\libhal_bsp.a(alt_printf.o)
                                        0x10e (size before relaxing)
 .debug_str     0x00000000000004e4       0x34 ../hangman_word_bsp/\libhal_bsp.a(alt_putchar.o)
                                        0x193 (size before relaxing)
 .debug_str     0x0000000000000518       0x1c ../hangman_word_bsp/\libhal_bsp.a(alt_putstr.o)
                                        0x198 (size before relaxing)
 .debug_str     0x0000000000000534       0x86 ../hangman_word_bsp/\libhal_bsp.a(alt_sys_init.o)
                                        0x22c (size before relaxing)
 .debug_str     0x00000000000005ba       0x36 ../hangman_word_bsp/\libhal_bsp.a(altera_avalon_jtag_uart_read.o)
                                        0x227 (size before relaxing)
 .debug_str     0x00000000000005f0       0x32 ../hangman_word_bsp/\libhal_bsp.a(altera_avalon_jtag_uart_write.o)
                                        0x21d (size before relaxing)
 .debug_str     0x0000000000000622       0x1f ../hangman_word_bsp/\libhal_bsp.a(alt_dcache_flush_all.o)
                                        0x15d (size before relaxing)
 .debug_str     0x0000000000000641      0x120 ../hangman_word_bsp/\libhal_bsp.a(alt_dev.o)
                                        0x30d (size before relaxing)
 .debug_str     0x0000000000000761       0x1f ../hangman_word_bsp/\libhal_bsp.a(alt_icache_flush_all.o)
                                        0x15d (size before relaxing)
 .debug_str     0x0000000000000780       0x20 ../hangman_word_bsp/\libhal_bsp.a(altera_nios2_qsys_irq.o)
                                        0x164 (size before relaxing)
 .debug_str     0x00000000000007a0      0x13a c:/altera/16.0/nios2eds/bin/gnu/h-x86_64-mingw32/bin/../lib/gcc/nios2-elf/5.2.0/../../../../../H-x86_64-mingw32/nios2-elf/lib/mno-hw-mul\libsmallc.a(lib_a-strlen.o)
                                        0x1e5 (size before relaxing)

.debug_loc      0x0000000000000000      0x7ea
 *(.debug_loc)
 .debug_loc     0x0000000000000000      0x412 obj/default/hello_world_small.o
 .debug_loc     0x0000000000000412      0x1de ../hangman_word_bsp/\libhal_bsp.a(alt_printf.o)
 .debug_loc     0x00000000000005f0       0x2c ../hangman_word_bsp/\libhal_bsp.a(alt_putchar.o)
 .debug_loc     0x000000000000061c       0x37 ../hangman_word_bsp/\libhal_bsp.a(alt_putstr.o)
 .debug_loc     0x0000000000000653       0x21 ../hangman_word_bsp/\libhal_bsp.a(alt_sys_init.o)
 .debug_loc     0x0000000000000674       0xcd ../hangman_word_bsp/\libhal_bsp.a(altera_avalon_jtag_uart_read.o)
 .debug_loc     0x0000000000000741       0x8b ../hangman_word_bsp/\libhal_bsp.a(altera_avalon_jtag_uart_write.o)
 .debug_loc     0x00000000000007cc       0x1e c:/altera/16.0/nios2eds/bin/gnu/h-x86_64-mingw32/bin/../lib/gcc/nios2-elf/5.2.0/../../../../../H-x86_64-mingw32/nios2-elf/lib/mno-hw-mul\libsmallc.a(lib_a-strlen.o)

.debug_macinfo
 *(.debug_macinfo)

.debug_weaknames
 *(.debug_weaknames)

.debug_funcnames
 *(.debug_funcnames)

.debug_typenames
 *(.debug_typenames)

.debug_varnames
 *(.debug_varnames)

.debug_alt_sim_info
                0x0000000000000000       0x10
 *(.debug_alt_sim_info)
 .debug_alt_sim_info
                0x0000000000000000       0x10 ../hangman_word_bsp//obj/HAL/src/crt0.o
                0x0000000000008000                __alt_data_end = 0x8000
                0x0000000000008000                PROVIDE (__alt_stack_pointer, __alt_data_end)
                [!provide]                        PROVIDE (__alt_stack_limit, __alt_stack_base)
                [!provide]                        PROVIDE (__alt_heap_start, end)
                [!provide]                        PROVIDE (__alt_heap_limit, 0x8000)
OUTPUT(hangman_word.elf elf32-littlenios2)

.debug_ranges   0x0000000000000000      0x148
 .debug_ranges  0x0000000000000000       0x20 ../hangman_word_bsp//obj/HAL/src/crt0.o
 .debug_ranges  0x0000000000000020       0x98 obj/default/hello_world_small.o
 .debug_ranges  0x00000000000000b8       0x48 ../hangman_word_bsp/\libhal_bsp.a(alt_load.o)
 .debug_ranges  0x0000000000000100       0x18 ../hangman_word_bsp/\libhal_bsp.a(alt_printf.o)
 .debug_ranges  0x0000000000000118       0x20 ../hangman_word_bsp/\libhal_bsp.a(altera_avalon_jtag_uart_read.o)
 .debug_ranges  0x0000000000000138       0x10 c:/altera/16.0/nios2eds/bin/gnu/h-x86_64-mingw32/bin/../lib/gcc/nios2-elf/5.2.0/../../../../../H-x86_64-mingw32/nios2-elf/lib/mno-hw-mul\libsmallc.a(lib_a-strlen.o)
