Archive member included to satisfy reference by file (symbol)

../receiver_bsp/\libhal_bsp.a(alt_load.o)
                              ../receiver_bsp//obj/HAL/src/crt0.o (alt_load)
../receiver_bsp/\libhal_bsp.a(alt_main.o)
                              ../receiver_bsp//obj/HAL/src/crt0.o (alt_main)
../receiver_bsp/\libhal_bsp.a(alt_printf.o)
                              obj/default/hello_world_small.o (alt_printf)
../receiver_bsp/\libhal_bsp.a(alt_putchar.o)
                              ../receiver_bsp/\libhal_bsp.a(alt_printf.o) (alt_putchar)
../receiver_bsp/\libhal_bsp.a(alt_sys_init.o)
                              ../receiver_bsp/\libhal_bsp.a(alt_main.o) (alt_irq_init)
../receiver_bsp/\libhal_bsp.a(altera_avalon_jtag_uart_write.o)
                              ../receiver_bsp/\libhal_bsp.a(alt_putchar.o) (altera_avalon_jtag_uart_write)
../receiver_bsp/\libhal_bsp.a(alt_dcache_flush_all.o)
                              ../receiver_bsp/\libhal_bsp.a(alt_load.o) (alt_dcache_flush_all)
../receiver_bsp/\libhal_bsp.a(alt_icache_flush_all.o)
                              ../receiver_bsp/\libhal_bsp.a(alt_load.o) (alt_icache_flush_all)
../receiver_bsp/\libhal_bsp.a(altera_nios2_qsys_irq.o)
                              ../receiver_bsp/\libhal_bsp.a(alt_sys_init.o) (altera_nios2_qsys_irq_init)

Memory Configuration

Name             Origin             Length             Attributes
reset            0x0000000000000000 0x0000000000000020
onchip_memory    0x0000000000000020 0x0000000000007fe0
*default*        0x0000000000000000 0xffffffffffffffff

Linker script and memory map

LOAD ../receiver_bsp//obj/HAL/src/crt0.o
LOAD obj/default/hello_world_small.o
LOAD c:/altera/16.0/nios2eds/bin/gnu/h-x86_64-mingw32/bin/../lib/gcc/nios2-elf/5.2.0/../../../../../H-x86_64-mingw32/nios2-elf/lib/mno-hw-mul\libstdc++.a
LOAD c:/altera/16.0/nios2eds/bin/gnu/h-x86_64-mingw32/bin/../lib/gcc/nios2-elf/5.2.0/../../../../../H-x86_64-mingw32/nios2-elf/lib/mno-hw-mul\libm.a
LOAD c:/altera/16.0/nios2eds/bin/gnu/h-x86_64-mingw32/bin/../lib/gcc/nios2-elf/5.2.0/mno-hw-mul\libgcc.a
START GROUP
LOAD c:/altera/16.0/nios2eds/bin/gnu/h-x86_64-mingw32/bin/../lib/gcc/nios2-elf/5.2.0/../../../../../H-x86_64-mingw32/nios2-elf/lib/mno-hw-mul\libsmallc.a
LOAD c:/altera/16.0/nios2eds/bin/gnu/h-x86_64-mingw32/bin/../lib/gcc/nios2-elf/5.2.0/mno-hw-mul\libgcc.a
LOAD ../receiver_bsp/\libhal_bsp.a
LOAD c:/altera/16.0/nios2eds/bin/gnu/h-x86_64-mingw32/bin/../lib/gcc/nios2-elf/5.2.0/../../../../../H-x86_64-mingw32/nios2-elf/lib/mno-hw-mul\libm.a
END GROUP
LOAD c:/altera/16.0/nios2eds/bin/gnu/h-x86_64-mingw32/bin/../lib/gcc/nios2-elf/5.2.0/mno-hw-mul\libgcc.a
                0x0000000000000000                __alt_mem_onchip_memory = 0x0

.entry          0x0000000000000000       0x20
 *(.entry)
 .entry         0x0000000000000000       0x20 ../receiver_bsp//obj/HAL/src/crt0.o
                0x0000000000000000                __reset
                0x000000000000000c                _exit

.exceptions     0x0000000000000020        0x0
                0x0000000000000020                PROVIDE (__ram_exceptions_start, ABSOLUTE (.))
                0x0000000000000020                . = ALIGN (0x20)
 *(.irq)
 *(.exceptions.entry.label)
 *(.exceptions.entry.user)
 *(.exceptions.entry.ecc_fatal)
 *(.exceptions.entry)
 *(.exceptions.irqtest.user)
 *(.exceptions.irqtest)
 *(.exceptions.irqhandler.user)
 *(.exceptions.irqhandler)
 *(.exceptions.irqreturn.user)
 *(.exceptions.irqreturn)
 *(.exceptions.notirq.label)
 *(.exceptions.notirq.user)
 *(.exceptions.notirq)
 *(.exceptions.soft.user)
 *(.exceptions.soft)
 *(.exceptions.unknown.user)
 *(.exceptions.unknown)
 *(.exceptions.exit.label)
 *(.exceptions.exit.user)
 *(.exceptions.exit)
 *(.exceptions)
                0x0000000000000020                PROVIDE (__ram_exceptions_end, ABSOLUTE (.))
                0x0000000000000020                PROVIDE (__flash_exceptions_start, LOADADDR (.exceptions))

.text           0x0000000000000020      0x3b4
                [!provide]                        PROVIDE (stext, ABSOLUTE (.))
 *(.interp)
 *(.hash)
 *(.dynsym)
 *(.dynstr)
 *(.gnu.version)
 *(.gnu.version_d)
 *(.gnu.version_r)
 *(.rel.init)
 *(.rela.init)
 *(.rel.text .rel.text.* .rel.gnu.linkonce.t.*)
 *(.rela.text .rela.text.* .rela.gnu.linkonce.t.*)
 *(.rel.fini)
 *(.rela.fini)
 *(.rel.rodata .rel.rodata.* .rel.gnu.linkonce.r.*)
 *(.rela.rodata .rela.rodata.* .rela.gnu.linkonce.r.*)
 *(.rel.data .rel.data.* .rel.gnu.linkonce.d.*)
 *(.rela.data .rela.data.* .rela.gnu.linkonce.d.*)
 *(.rel.tdata .rel.tdata.* .rel.gnu.linkonce.td.*)
 *(.rela.tdata .rela.tdata.* .rela.gnu.linkonce.td.*)
 *(.rel.tbss .rel.tbss.* .rel.gnu.linkonce.tb.*)
 *(.rela.tbss .rela.tbss.* .rela.gnu.linkonce.tb.*)
 *(.rel.ctors)
 *(.rela.ctors)
 *(.rel.dtors)
 *(.rela.dtors)
 *(.rel.got)
 *(.rela.got)
 *(.rel.sdata .rel.sdata.* .rel.gnu.linkonce.s.*)
 *(.rela.sdata .rela.sdata.* .rela.gnu.linkonce.s.*)
 *(.rel.sbss .rel.sbss.* .rel.gnu.linkonce.sb.*)
 *(.rela.sbss .rela.sbss.* .rela.gnu.linkonce.sb.*)
 *(.rel.sdata2 .rel.sdata2.* .rel.gnu.linkonce.s2.*)
 *(.rela.sdata2 .rela.sdata2.* .rela.gnu.linkonce.s2.*)
 *(.rel.sbss2 .rel.sbss2.* .rel.gnu.linkonce.sb2.*)
 *(.rela.sbss2 .rela.sbss2.* .rela.gnu.linkonce.sb2.*)
 *(.rel.bss .rel.bss.* .rel.gnu.linkonce.b.*)
 *(.rela.bss .rela.bss.* .rela.gnu.linkonce.b.*)
 *(.rel.plt)
 *(.rela.plt)
 *(.rel.dyn)
 *(.init)
 *(.plt)
 *(.text .stub .text.* .gnu.linkonce.t.*)
 .text          0x0000000000000020       0x3c ../receiver_bsp//obj/HAL/src/crt0.o
                0x0000000000000020                _start
 .text          0x000000000000005c        0x0 obj/default/hello_world_small.o
 .text.startup  0x000000000000005c       0x4c obj/default/hello_world_small.o
                0x000000000000005c                main
 .text          0x00000000000000a8       0xe0 ../receiver_bsp/\libhal_bsp.a(alt_load.o)
                0x00000000000000a8                alt_load
 .text          0x0000000000000188       0x2c ../receiver_bsp/\libhal_bsp.a(alt_main.o)
                0x0000000000000188                alt_main
 .text          0x00000000000001b4      0x170 ../receiver_bsp/\libhal_bsp.a(alt_printf.o)
                0x00000000000001b4                alt_printf
 .text          0x0000000000000324       0x48 ../receiver_bsp/\libhal_bsp.a(alt_putchar.o)
                0x0000000000000324                alt_putchar
 .text          0x000000000000036c       0x24 ../receiver_bsp/\libhal_bsp.a(alt_sys_init.o)
                0x000000000000036c                alt_irq_init
                0x000000000000038c                alt_sys_init
 .text          0x0000000000000390       0x34 ../receiver_bsp/\libhal_bsp.a(altera_avalon_jtag_uart_write.o)
                0x0000000000000390                altera_avalon_jtag_uart_write
 .text          0x00000000000003c4        0x4 ../receiver_bsp/\libhal_bsp.a(alt_dcache_flush_all.o)
                0x00000000000003c4                alt_dcache_flush_all
 .text          0x00000000000003c8        0x4 ../receiver_bsp/\libhal_bsp.a(alt_icache_flush_all.o)
                0x00000000000003c8                alt_icache_flush_all
 .text          0x00000000000003cc        0x8 ../receiver_bsp/\libhal_bsp.a(altera_nios2_qsys_irq.o)
                0x00000000000003cc                altera_nios2_qsys_irq_init
 *(.gnu.warning.*)
 *(.fini)
                [!provide]                        PROVIDE (__etext, ABSOLUTE (.))
                [!provide]                        PROVIDE (_etext, ABSOLUTE (.))
                [!provide]                        PROVIDE (etext, ABSOLUTE (.))
 *(.eh_frame_hdr)
                0x00000000000003d4                . = ALIGN (0x4)
                [!provide]                        PROVIDE (__preinit_array_start, ABSOLUTE (.))
 *(.preinit_array)
                [!provide]                        PROVIDE (__preinit_array_end, ABSOLUTE (.))
                [!provide]                        PROVIDE (__init_array_start, ABSOLUTE (.))
 *(.init_array)
                [!provide]                        PROVIDE (__init_array_end, ABSOLUTE (.))
                [!provide]                        PROVIDE (__fini_array_start, ABSOLUTE (.))
 *(.fini_array)
                [!provide]                        PROVIDE (__fini_array_end, ABSOLUTE (.))
 *(.eh_frame)
 *(.gcc_except_table .gcc_except_table.*)
 *(.dynamic)
                [!provide]                        PROVIDE (__CTOR_LIST__, ABSOLUTE (.))
 *(.ctors)
 *(SORT(.ctors.*))
                [!provide]                        PROVIDE (__CTOR_END__, ABSOLUTE (.))
                [!provide]                        PROVIDE (__DTOR_LIST__, ABSOLUTE (.))
 *(.dtors)
 *(SORT(.dtors.*))
                [!provide]                        PROVIDE (__DTOR_END__, ABSOLUTE (.))
 *(.jcr)
                0x00000000000003d4                . = ALIGN (0x4)

.rodata         0x00000000000003d4       0x14
                0x00000000000003d4                PROVIDE (__ram_rodata_start, ABSOLUTE (.))
                0x00000000000003d4                . = ALIGN (0x4)
 *(.rodata .rodata.* .gnu.linkonce.r.*)
 .rodata.str1.4
                0x00000000000003d4       0x14 obj/default/hello_world_small.o
                                         0x12 (size before relaxing)
 *(.rodata1)
                0x00000000000003e8                . = ALIGN (0x4)
                0x00000000000003e8                PROVIDE (__ram_rodata_end, ABSOLUTE (.))
                0x00000000000003d4                PROVIDE (__flash_rodata_start, LOADADDR (.rodata))

.rwdata         0x00000000000003e8        0x4 load address 0x00000000000003ec
                0x00000000000003e8                PROVIDE (__ram_rwdata_start, ABSOLUTE (.))
                0x00000000000003e8                . = ALIGN (0x4)
 *(.got.plt)
 *(.got)
 *(.data1)
 *(.data .data.* .gnu.linkonce.d.*)
 .data          0x00000000000003e8        0x0 ../receiver_bsp//obj/HAL/src/crt0.o
 .data          0x00000000000003e8        0x0 obj/default/hello_world_small.o
 .data          0x00000000000003e8        0x0 ../receiver_bsp/\libhal_bsp.a(alt_load.o)
 .data          0x00000000000003e8        0x0 ../receiver_bsp/\libhal_bsp.a(alt_main.o)
 .data          0x00000000000003e8        0x0 ../receiver_bsp/\libhal_bsp.a(alt_printf.o)
 .data          0x00000000000003e8        0x0 ../receiver_bsp/\libhal_bsp.a(alt_putchar.o)
 .data          0x00000000000003e8        0x0 ../receiver_bsp/\libhal_bsp.a(alt_sys_init.o)
 .data          0x00000000000003e8        0x0 ../receiver_bsp/\libhal_bsp.a(altera_avalon_jtag_uart_write.o)
 .data          0x00000000000003e8        0x0 ../receiver_bsp/\libhal_bsp.a(alt_dcache_flush_all.o)
 .data          0x00000000000003e8        0x0 ../receiver_bsp/\libhal_bsp.a(alt_icache_flush_all.o)
 .data          0x00000000000003e8        0x0 ../receiver_bsp/\libhal_bsp.a(altera_nios2_qsys_irq.o)
                0x00000000000083e8                _gp = ABSOLUTE ((. + 0x8000))
                [!provide]                        PROVIDE (gp, _gp)
 *(.rwdata .rwdata.*)
 *(.sdata .sdata.* .gnu.linkonce.s.*)
 .sdata         0x00000000000003e8        0x4 ../receiver_bsp/\libhal_bsp.a(alt_sys_init.o)
                0x00000000000003e8                jtag_uart
 *(.sdata2 .sdata2.* .gnu.linkonce.s2.*)
                0x00000000000003ec                . = ALIGN (0x4)
                0x00000000000003ec                _edata = ABSOLUTE (.)
                [!provide]                        PROVIDE (edata, ABSOLUTE (.))
                0x00000000000003ec                PROVIDE (__ram_rwdata_end, ABSOLUTE (.))
                0x00000000000003ec                PROVIDE (__flash_rwdata_start, LOADADDR (.rwdata))

.bss            0x00000000000003f0        0xc
                0x00000000000003f0                __bss_start = ABSOLUTE (.)
                [!provide]                        PROVIDE (__sbss_start, ABSOLUTE (.))
                [!provide]                        PROVIDE (___sbss_start, ABSOLUTE (.))
 *(.dynsbss)
 *(.sbss .sbss.* .gnu.linkonce.sb.*)
 .sbss          0x00000000000003f0        0xc ../receiver_bsp/\libhal_bsp.a(alt_main.o)
                0x00000000000003f0                alt_envp
                0x00000000000003f4                alt_argv
                0x00000000000003f8                alt_argc
 *(.sbss2 .sbss2.* .gnu.linkonce.sb2.*)
 *(.scommon)
                [!provide]                        PROVIDE (__sbss_end, ABSOLUTE (.))
                [!provide]                        PROVIDE (___sbss_end, ABSOLUTE (.))
 *(.dynbss)
 *(.bss .bss.* .gnu.linkonce.b.*)
 .bss           0x00000000000003fc        0x0 ../receiver_bsp//obj/HAL/src/crt0.o
 .bss           0x00000000000003fc        0x0 obj/default/hello_world_small.o
 .bss           0x00000000000003fc        0x0 ../receiver_bsp/\libhal_bsp.a(alt_load.o)
 .bss           0x00000000000003fc        0x0 ../receiver_bsp/\libhal_bsp.a(alt_main.o)
 .bss           0x00000000000003fc        0x0 ../receiver_bsp/\libhal_bsp.a(alt_printf.o)
 .bss           0x00000000000003fc        0x0 ../receiver_bsp/\libhal_bsp.a(alt_putchar.o)
 .bss           0x00000000000003fc        0x0 ../receiver_bsp/\libhal_bsp.a(alt_sys_init.o)
 .bss           0x00000000000003fc        0x0 ../receiver_bsp/\libhal_bsp.a(altera_avalon_jtag_uart_write.o)
 .bss           0x00000000000003fc        0x0 ../receiver_bsp/\libhal_bsp.a(alt_dcache_flush_all.o)
 .bss           0x00000000000003fc        0x0 ../receiver_bsp/\libhal_bsp.a(alt_icache_flush_all.o)
 .bss           0x00000000000003fc        0x0 ../receiver_bsp/\libhal_bsp.a(altera_nios2_qsys_irq.o)
 *(COMMON)
                0x00000000000003fc                . = ALIGN (0x4)
                0x00000000000003fc                __bss_end = ABSOLUTE (.)

.onchip_memory  0x00000000000003fc        0x0
                [!provide]                        PROVIDE (_alt_partition_onchip_memory_start, ABSOLUTE (.))
 *(.onchip_memory .onchip_memory. onchip_memory.*)
                0x00000000000003fc                . = ALIGN (0x4)
                [!provide]                        PROVIDE (_alt_partition_onchip_memory_end, ABSOLUTE (.))
                0x00000000000003fc                _end = ABSOLUTE (.)
                0x00000000000003fc                end = ABSOLUTE (.)
                0x00000000000003fc                __alt_stack_base = ABSOLUTE (.)
                [!provide]                        PROVIDE (_alt_partition_onchip_memory_load_addr, LOADADDR (.onchip_memory))

.stab
 *(.stab)

.stabstr
 *(.stabstr)

.stab.excl
 *(.stab.excl)

.stab.exclstr
 *(.stab.exclstr)

.stab.index
 *(.stab.index)

.stab.indexstr
 *(.stab.indexstr)

.comment        0x0000000000000000       0x23
 *(.comment)
 .comment       0x0000000000000000       0x23 obj/default/hello_world_small.o
                                         0x24 (size before relaxing)
 .comment       0x0000000000000023       0x24 ../receiver_bsp/\libhal_bsp.a(alt_load.o)
 .comment       0x0000000000000023       0x24 ../receiver_bsp/\libhal_bsp.a(alt_main.o)
 .comment       0x0000000000000023       0x24 ../receiver_bsp/\libhal_bsp.a(alt_printf.o)
 .comment       0x0000000000000023       0x24 ../receiver_bsp/\libhal_bsp.a(alt_putchar.o)
 .comment       0x0000000000000023       0x24 ../receiver_bsp/\libhal_bsp.a(alt_sys_init.o)
 .comment       0x0000000000000023       0x24 ../receiver_bsp/\libhal_bsp.a(altera_avalon_jtag_uart_write.o)
 .comment       0x0000000000000023       0x24 ../receiver_bsp/\libhal_bsp.a(alt_dcache_flush_all.o)
 .comment       0x0000000000000023       0x24 ../receiver_bsp/\libhal_bsp.a(alt_icache_flush_all.o)
 .comment       0x0000000000000023       0x24 ../receiver_bsp/\libhal_bsp.a(altera_nios2_qsys_irq.o)

.debug
 *(.debug)

.line
 *(.line)

.debug_srcinfo
 *(.debug_srcinfo)

.debug_sfnames
 *(.debug_sfnames)

.debug_aranges  0x0000000000000000      0x168
 *(.debug_aranges)
 .debug_aranges
                0x0000000000000000       0x28 ../receiver_bsp//obj/HAL/src/crt0.o
 .debug_aranges
                0x0000000000000028       0x20 obj/default/hello_world_small.o
 .debug_aranges
                0x0000000000000048       0x20 ../receiver_bsp/\libhal_bsp.a(alt_load.o)
 .debug_aranges
                0x0000000000000068       0x20 ../receiver_bsp/\libhal_bsp.a(alt_main.o)
 .debug_aranges
                0x0000000000000088       0x20 ../receiver_bsp/\libhal_bsp.a(alt_printf.o)
 .debug_aranges
                0x00000000000000a8       0x20 ../receiver_bsp/\libhal_bsp.a(alt_putchar.o)
 .debug_aranges
                0x00000000000000c8       0x20 ../receiver_bsp/\libhal_bsp.a(alt_sys_init.o)
 .debug_aranges
                0x00000000000000e8       0x20 ../receiver_bsp/\libhal_bsp.a(altera_avalon_jtag_uart_write.o)
 .debug_aranges
                0x0000000000000108       0x20 ../receiver_bsp/\libhal_bsp.a(alt_dcache_flush_all.o)
 .debug_aranges
                0x0000000000000128       0x20 ../receiver_bsp/\libhal_bsp.a(alt_icache_flush_all.o)
 .debug_aranges
                0x0000000000000148       0x20 ../receiver_bsp/\libhal_bsp.a(altera_nios2_qsys_irq.o)

.debug_pubnames
 *(.debug_pubnames)

.debug_info     0x0000000000000000      0xb8b
 *(.debug_info .gnu.linkonce.wi.*)
 .debug_info    0x0000000000000000       0x73 ../receiver_bsp//obj/HAL/src/crt0.o
 .debug_info    0x0000000000000073       0x9d obj/default/hello_world_small.o
 .debug_info    0x0000000000000110      0x1c9 ../receiver_bsp/\libhal_bsp.a(alt_load.o)
 .debug_info    0x00000000000002d9      0x169 ../receiver_bsp/\libhal_bsp.a(alt_main.o)
 .debug_info    0x0000000000000442      0x14d ../receiver_bsp/\libhal_bsp.a(alt_printf.o)
 .debug_info    0x000000000000058f      0x12a ../receiver_bsp/\libhal_bsp.a(alt_putchar.o)
 .debug_info    0x00000000000006b9      0x185 ../receiver_bsp/\libhal_bsp.a(alt_sys_init.o)
 .debug_info    0x000000000000083e      0x197 ../receiver_bsp/\libhal_bsp.a(altera_avalon_jtag_uart_write.o)
 .debug_info    0x00000000000009d5       0x92 ../receiver_bsp/\libhal_bsp.a(alt_dcache_flush_all.o)
 .debug_info    0x0000000000000a67       0x92 ../receiver_bsp/\libhal_bsp.a(alt_icache_flush_all.o)
 .debug_info    0x0000000000000af9       0x92 ../receiver_bsp/\libhal_bsp.a(altera_nios2_qsys_irq.o)

.debug_abbrev   0x0000000000000000      0x690
 *(.debug_abbrev)
 .debug_abbrev  0x0000000000000000       0x12 ../receiver_bsp//obj/HAL/src/crt0.o
 .debug_abbrev  0x0000000000000012       0x6f obj/default/hello_world_small.o
 .debug_abbrev  0x0000000000000081       0xd8 ../receiver_bsp/\libhal_bsp.a(alt_load.o)
 .debug_abbrev  0x0000000000000159       0xee ../receiver_bsp/\libhal_bsp.a(alt_main.o)
 .debug_abbrev  0x0000000000000247       0xd5 ../receiver_bsp/\libhal_bsp.a(alt_printf.o)
 .debug_abbrev  0x000000000000031c       0xd2 ../receiver_bsp/\libhal_bsp.a(alt_putchar.o)
 .debug_abbrev  0x00000000000003ee      0x107 ../receiver_bsp/\libhal_bsp.a(alt_sys_init.o)
 .debug_abbrev  0x00000000000004f5       0xd5 ../receiver_bsp/\libhal_bsp.a(altera_avalon_jtag_uart_write.o)
 .debug_abbrev  0x00000000000005ca       0x42 ../receiver_bsp/\libhal_bsp.a(alt_dcache_flush_all.o)
 .debug_abbrev  0x000000000000060c       0x42 ../receiver_bsp/\libhal_bsp.a(alt_icache_flush_all.o)
 .debug_abbrev  0x000000000000064e       0x42 ../receiver_bsp/\libhal_bsp.a(altera_nios2_qsys_irq.o)

.debug_line     0x0000000000000000      0x679
 *(.debug_line)
 .debug_line    0x0000000000000000       0x66 ../receiver_bsp//obj/HAL/src/crt0.o
 .debug_line    0x0000000000000066       0x75 obj/default/hello_world_small.o
 .debug_line    0x00000000000000db       0xa5 ../receiver_bsp/\libhal_bsp.a(alt_load.o)
 .debug_line    0x0000000000000180       0xbd ../receiver_bsp/\libhal_bsp.a(alt_main.o)
 .debug_line    0x000000000000023d      0x10a ../receiver_bsp/\libhal_bsp.a(alt_printf.o)
 .debug_line    0x0000000000000347       0x55 ../receiver_bsp/\libhal_bsp.a(alt_putchar.o)
 .debug_line    0x000000000000039c      0x101 ../receiver_bsp/\libhal_bsp.a(alt_sys_init.o)
 .debug_line    0x000000000000049d       0xf0 ../receiver_bsp/\libhal_bsp.a(altera_avalon_jtag_uart_write.o)
 .debug_line    0x000000000000058d       0x4e ../receiver_bsp/\libhal_bsp.a(alt_dcache_flush_all.o)
 .debug_line    0x00000000000005db       0x4e ../receiver_bsp/\libhal_bsp.a(alt_icache_flush_all.o)
 .debug_line    0x0000000000000629       0x50 ../receiver_bsp/\libhal_bsp.a(altera_nios2_qsys_irq.o)

.debug_frame    0x0000000000000000      0x1c8
 *(.debug_frame)
 .debug_frame   0x0000000000000000       0x2c obj/default/hello_world_small.o
 .debug_frame   0x000000000000002c       0x30 ../receiver_bsp/\libhal_bsp.a(alt_load.o)
 .debug_frame   0x000000000000005c       0x2c ../receiver_bsp/\libhal_bsp.a(alt_main.o)
 .debug_frame   0x0000000000000088       0x54 ../receiver_bsp/\libhal_bsp.a(alt_printf.o)
 .debug_frame   0x00000000000000dc       0x30 ../receiver_bsp/\libhal_bsp.a(alt_putchar.o)
 .debug_frame   0x000000000000010c       0x3c ../receiver_bsp/\libhal_bsp.a(alt_sys_init.o)
 .debug_frame   0x0000000000000148       0x20 ../receiver_bsp/\libhal_bsp.a(altera_avalon_jtag_uart_write.o)
 .debug_frame   0x0000000000000168       0x20 ../receiver_bsp/\libhal_bsp.a(alt_dcache_flush_all.o)
 .debug_frame   0x0000000000000188       0x20 ../receiver_bsp/\libhal_bsp.a(alt_icache_flush_all.o)
 .debug_frame   0x00000000000001a8       0x20 ../receiver_bsp/\libhal_bsp.a(altera_nios2_qsys_irq.o)

.debug_str      0x0000000000000000      0x504
 *(.debug_str)
 .debug_str     0x0000000000000000       0xe4 obj/default/hello_world_small.o
                                        0x110 (size before relaxing)
 .debug_str     0x00000000000000e4      0x1b7 ../receiver_bsp/\libhal_bsp.a(alt_load.o)
                                        0x240 (size before relaxing)
 .debug_str     0x000000000000029b       0x8f ../receiver_bsp/\libhal_bsp.a(alt_main.o)
                                        0x1b9 (size before relaxing)
 .debug_str     0x000000000000032a       0x59 ../receiver_bsp/\libhal_bsp.a(alt_printf.o)
                                        0x10a (size before relaxing)
 .debug_str     0x0000000000000383       0x5e ../receiver_bsp/\libhal_bsp.a(alt_putchar.o)
                                        0x18f (size before relaxing)
 .debug_str     0x00000000000003e1       0x86 ../receiver_bsp/\libhal_bsp.a(alt_sys_init.o)
                                        0x228 (size before relaxing)
 .debug_str     0x0000000000000467       0x3f ../receiver_bsp/\libhal_bsp.a(altera_avalon_jtag_uart_write.o)
                                        0x219 (size before relaxing)
 .debug_str     0x00000000000004a6       0x1f ../receiver_bsp/\libhal_bsp.a(alt_dcache_flush_all.o)
                                        0x159 (size before relaxing)
 .debug_str     0x00000000000004c5       0x1f ../receiver_bsp/\libhal_bsp.a(alt_icache_flush_all.o)
                                        0x159 (size before relaxing)
 .debug_str     0x00000000000004e4       0x20 ../receiver_bsp/\libhal_bsp.a(altera_nios2_qsys_irq.o)
                                        0x160 (size before relaxing)

.debug_loc      0x0000000000000000      0x2b6
 *(.debug_loc)
 .debug_loc     0x0000000000000000      0x1de ../receiver_bsp/\libhal_bsp.a(alt_printf.o)
 .debug_loc     0x00000000000001de       0x2c ../receiver_bsp/\libhal_bsp.a(alt_putchar.o)
 .debug_loc     0x000000000000020a       0x21 ../receiver_bsp/\libhal_bsp.a(alt_sys_init.o)
 .debug_loc     0x000000000000022b       0x8b ../receiver_bsp/\libhal_bsp.a(altera_avalon_jtag_uart_write.o)

.debug_macinfo
 *(.debug_macinfo)

.debug_weaknames
 *(.debug_weaknames)

.debug_funcnames
 *(.debug_funcnames)

.debug_typenames
 *(.debug_typenames)

.debug_varnames
 *(.debug_varnames)

.debug_alt_sim_info
                0x0000000000000000       0x10
 *(.debug_alt_sim_info)
 .debug_alt_sim_info
                0x0000000000000000       0x10 ../receiver_bsp//obj/HAL/src/crt0.o
                0x0000000000008000                __alt_data_end = 0x8000
                0x0000000000008000                PROVIDE (__alt_stack_pointer, __alt_data_end)
                [!provide]                        PROVIDE (__alt_stack_limit, __alt_stack_base)
                [!provide]                        PROVIDE (__alt_heap_start, end)
                [!provide]                        PROVIDE (__alt_heap_limit, 0x8000)
OUTPUT(receiver.elf elf32-littlenios2)

.debug_ranges   0x0000000000000000       0x90
 .debug_ranges  0x0000000000000000       0x20 ../receiver_bsp//obj/HAL/src/crt0.o
 .debug_ranges  0x0000000000000020       0x10 obj/default/hello_world_small.o
 .debug_ranges  0x0000000000000030       0x48 ../receiver_bsp/\libhal_bsp.a(alt_load.o)
 .debug_ranges  0x0000000000000078       0x18 ../receiver_bsp/\libhal_bsp.a(alt_printf.o)
