Archive member included to satisfy reference by file (symbol)

../hangman_bsp/\libhal_bsp.a(alt_load.o)
                              ../hangman_bsp//obj/HAL/src/crt0.o (alt_load)
../hangman_bsp/\libhal_bsp.a(alt_main.o)
                              ../hangman_bsp//obj/HAL/src/crt0.o (alt_main)
../hangman_bsp/\libhal_bsp.a(alt_printf.o)
                              obj/default/hello_world_small.o (alt_printf)
../hangman_bsp/\libhal_bsp.a(alt_putchar.o)
                              ../hangman_bsp/\libhal_bsp.a(alt_printf.o) (alt_putchar)
../hangman_bsp/\libhal_bsp.a(alt_sys_init.o)
                              ../hangman_bsp/\libhal_bsp.a(alt_main.o) (alt_irq_init)
../hangman_bsp/\libhal_bsp.a(altera_avalon_jtag_uart_write.o)
                              ../hangman_bsp/\libhal_bsp.a(alt_putchar.o) (altera_avalon_jtag_uart_write)
../hangman_bsp/\libhal_bsp.a(alt_dcache_flush_all.o)
                              ../hangman_bsp/\libhal_bsp.a(alt_load.o) (alt_dcache_flush_all)
../hangman_bsp/\libhal_bsp.a(alt_icache_flush_all.o)
                              ../hangman_bsp/\libhal_bsp.a(alt_load.o) (alt_icache_flush_all)
../hangman_bsp/\libhal_bsp.a(altera_nios2_qsys_irq.o)
                              ../hangman_bsp/\libhal_bsp.a(alt_sys_init.o) (altera_nios2_qsys_irq_init)

Memory Configuration

Name             Origin             Length             Attributes
reset            0x0000000000000000 0x0000000000000020
onchip_memory    0x0000000000000020 0x0000000000007fe0
*default*        0x0000000000000000 0xffffffffffffffff

Linker script and memory map

LOAD ../hangman_bsp//obj/HAL/src/crt0.o
LOAD obj/default/hello_world_small.o
LOAD c:/altera/16.0/nios2eds/bin/gnu/h-x86_64-mingw32/bin/../lib/gcc/nios2-elf/5.2.0/../../../../../H-x86_64-mingw32/nios2-elf/lib/mno-hw-mul\libstdc++.a
LOAD c:/altera/16.0/nios2eds/bin/gnu/h-x86_64-mingw32/bin/../lib/gcc/nios2-elf/5.2.0/../../../../../H-x86_64-mingw32/nios2-elf/lib/mno-hw-mul\libm.a
LOAD c:/altera/16.0/nios2eds/bin/gnu/h-x86_64-mingw32/bin/../lib/gcc/nios2-elf/5.2.0/mno-hw-mul\libgcc.a
START GROUP
LOAD c:/altera/16.0/nios2eds/bin/gnu/h-x86_64-mingw32/bin/../lib/gcc/nios2-elf/5.2.0/../../../../../H-x86_64-mingw32/nios2-elf/lib/mno-hw-mul\libsmallc.a
LOAD c:/altera/16.0/nios2eds/bin/gnu/h-x86_64-mingw32/bin/../lib/gcc/nios2-elf/5.2.0/mno-hw-mul\libgcc.a
LOAD ../hangman_bsp/\libhal_bsp.a
LOAD c:/altera/16.0/nios2eds/bin/gnu/h-x86_64-mingw32/bin/../lib/gcc/nios2-elf/5.2.0/../../../../../H-x86_64-mingw32/nios2-elf/lib/mno-hw-mul\libm.a
END GROUP
LOAD c:/altera/16.0/nios2eds/bin/gnu/h-x86_64-mingw32/bin/../lib/gcc/nios2-elf/5.2.0/mno-hw-mul\libgcc.a
                0x0000000000000000                __alt_mem_onchip_memory = 0x0

.entry          0x0000000000000000       0x20
 *(.entry)
 .entry         0x0000000000000000       0x20 ../hangman_bsp//obj/HAL/src/crt0.o
                0x0000000000000000                __reset
                0x000000000000000c                _exit

.exceptions     0x0000000000000020        0x0
                0x0000000000000020                PROVIDE (__ram_exceptions_start, ABSOLUTE (.))
                0x0000000000000020                . = ALIGN (0x20)
 *(.irq)
 *(.exceptions.entry.label)
 *(.exceptions.entry.user)
 *(.exceptions.entry.ecc_fatal)
 *(.exceptions.entry)
 *(.exceptions.irqtest.user)
 *(.exceptions.irqtest)
 *(.exceptions.irqhandler.user)
 *(.exceptions.irqhandler)
 *(.exceptions.irqreturn.user)
 *(.exceptions.irqreturn)
 *(.exceptions.notirq.label)
 *(.exceptions.notirq.user)
 *(.exceptions.notirq)
 *(.exceptions.soft.user)
 *(.exceptions.soft)
 *(.exceptions.unknown.user)
 *(.exceptions.unknown)
 *(.exceptions.exit.label)
 *(.exceptions.exit.user)
 *(.exceptions.exit)
 *(.exceptions)
                0x0000000000000020                PROVIDE (__ram_exceptions_end, ABSOLUTE (.))
                0x0000000000000020                PROVIDE (__flash_exceptions_start, LOADADDR (.exceptions))

.text           0x0000000000000020      0x3a0
                [!provide]                        PROVIDE (stext, ABSOLUTE (.))
 *(.interp)
 *(.hash)
 *(.dynsym)
 *(.dynstr)
 *(.gnu.version)
 *(.gnu.version_d)
 *(.gnu.version_r)
 *(.rel.init)
 *(.rela.init)
 *(.rel.text .rel.text.* .rel.gnu.linkonce.t.*)
 *(.rela.text .rela.text.* .rela.gnu.linkonce.t.*)
 *(.rel.fini)
 *(.rela.fini)
 *(.rel.rodata .rel.rodata.* .rel.gnu.linkonce.r.*)
 *(.rela.rodata .rela.rodata.* .rela.gnu.linkonce.r.*)
 *(.rel.data .rel.data.* .rel.gnu.linkonce.d.*)
 *(.rela.data .rela.data.* .rela.gnu.linkonce.d.*)
 *(.rel.tdata .rel.tdata.* .rel.gnu.linkonce.td.*)
 *(.rela.tdata .rela.tdata.* .rela.gnu.linkonce.td.*)
 *(.rel.tbss .rel.tbss.* .rel.gnu.linkonce.tb.*)
 *(.rela.tbss .rela.tbss.* .rela.gnu.linkonce.tb.*)
 *(.rel.ctors)
 *(.rela.ctors)
 *(.rel.dtors)
 *(.rela.dtors)
 *(.rel.got)
 *(.rela.got)
 *(.rel.sdata .rel.sdata.* .rel.gnu.linkonce.s.*)
 *(.rela.sdata .rela.sdata.* .rela.gnu.linkonce.s.*)
 *(.rel.sbss .rel.sbss.* .rel.gnu.linkonce.sb.*)
 *(.rela.sbss .rela.sbss.* .rela.gnu.linkonce.sb.*)
 *(.rel.sdata2 .rel.sdata2.* .rel.gnu.linkonce.s2.*)
 *(.rela.sdata2 .rela.sdata2.* .rela.gnu.linkonce.s2.*)
 *(.rel.sbss2 .rel.sbss2.* .rel.gnu.linkonce.sb2.*)
 *(.rela.sbss2 .rela.sbss2.* .rela.gnu.linkonce.sb2.*)
 *(.rel.bss .rel.bss.* .rel.gnu.linkonce.b.*)
 *(.rela.bss .rela.bss.* .rela.gnu.linkonce.b.*)
 *(.rel.plt)
 *(.rela.plt)
 *(.rel.dyn)
 *(.init)
 *(.plt)
 *(.text .stub .text.* .gnu.linkonce.t.*)
 .text          0x0000000000000020       0x3c ../hangman_bsp//obj/HAL/src/crt0.o
                0x0000000000000020                _start
 .text          0x000000000000005c        0x0 obj/default/hello_world_small.o
 .text.startup  0x000000000000005c       0x38 obj/default/hello_world_small.o
                0x000000000000005c                main
 .text          0x0000000000000094       0xe0 ../hangman_bsp/\libhal_bsp.a(alt_load.o)
                0x0000000000000094                alt_load
 .text          0x0000000000000174       0x2c ../hangman_bsp/\libhal_bsp.a(alt_main.o)
                0x0000000000000174                alt_main
 .text          0x00000000000001a0      0x170 ../hangman_bsp/\libhal_bsp.a(alt_printf.o)
                0x00000000000001a0                alt_printf
 .text          0x0000000000000310       0x48 ../hangman_bsp/\libhal_bsp.a(alt_putchar.o)
                0x0000000000000310                alt_putchar
 .text          0x0000000000000358       0x24 ../hangman_bsp/\libhal_bsp.a(alt_sys_init.o)
                0x0000000000000358                alt_irq_init
                0x0000000000000378                alt_sys_init
 .text          0x000000000000037c       0x34 ../hangman_bsp/\libhal_bsp.a(altera_avalon_jtag_uart_write.o)
                0x000000000000037c                altera_avalon_jtag_uart_write
 .text          0x00000000000003b0        0x4 ../hangman_bsp/\libhal_bsp.a(alt_dcache_flush_all.o)
                0x00000000000003b0                alt_dcache_flush_all
 .text          0x00000000000003b4        0x4 ../hangman_bsp/\libhal_bsp.a(alt_icache_flush_all.o)
                0x00000000000003b4                alt_icache_flush_all
 .text          0x00000000000003b8        0x8 ../hangman_bsp/\libhal_bsp.a(altera_nios2_qsys_irq.o)
                0x00000000000003b8                altera_nios2_qsys_irq_init
 *(.gnu.warning.*)
 *(.fini)
                [!provide]                        PROVIDE (__etext, ABSOLUTE (.))
                [!provide]                        PROVIDE (_etext, ABSOLUTE (.))
                [!provide]                        PROVIDE (etext, ABSOLUTE (.))
 *(.eh_frame_hdr)
                0x00000000000003c0                . = ALIGN (0x4)
                [!provide]                        PROVIDE (__preinit_array_start, ABSOLUTE (.))
 *(.preinit_array)
                [!provide]                        PROVIDE (__preinit_array_end, ABSOLUTE (.))
                [!provide]                        PROVIDE (__init_array_start, ABSOLUTE (.))
 *(.init_array)
                [!provide]                        PROVIDE (__init_array_end, ABSOLUTE (.))
                [!provide]                        PROVIDE (__fini_array_start, ABSOLUTE (.))
 *(.fini_array)
                [!provide]                        PROVIDE (__fini_array_end, ABSOLUTE (.))
 *(.eh_frame)
 *(.gcc_except_table .gcc_except_table.*)
 *(.dynamic)
                [!provide]                        PROVIDE (__CTOR_LIST__, ABSOLUTE (.))
 *(.ctors)
 *(SORT(.ctors.*))
                [!provide]                        PROVIDE (__CTOR_END__, ABSOLUTE (.))
                [!provide]                        PROVIDE (__DTOR_LIST__, ABSOLUTE (.))
 *(.dtors)
 *(SORT(.dtors.*))
                [!provide]                        PROVIDE (__DTOR_END__, ABSOLUTE (.))
 *(.jcr)
                0x00000000000003c0                . = ALIGN (0x4)

.rodata         0x00000000000003c0       0x10
                0x00000000000003c0                PROVIDE (__ram_rodata_start, ABSOLUTE (.))
                0x00000000000003c0                . = ALIGN (0x4)
 *(.rodata .rodata.* .gnu.linkonce.r.*)
 .rodata.str1.4
                0x00000000000003c0       0x10 obj/default/hello_world_small.o
                                          0xf (size before relaxing)
 *(.rodata1)
                0x00000000000003d0                . = ALIGN (0x4)
                0x00000000000003d0                PROVIDE (__ram_rodata_end, ABSOLUTE (.))
                0x00000000000003c0                PROVIDE (__flash_rodata_start, LOADADDR (.rodata))

.rwdata         0x00000000000003d0        0x4 load address 0x00000000000003d4
                0x00000000000003d0                PROVIDE (__ram_rwdata_start, ABSOLUTE (.))
                0x00000000000003d0                . = ALIGN (0x4)
 *(.got.plt)
 *(.got)
 *(.data1)
 *(.data .data.* .gnu.linkonce.d.*)
 .data          0x00000000000003d0        0x0 ../hangman_bsp//obj/HAL/src/crt0.o
 .data          0x00000000000003d0        0x0 obj/default/hello_world_small.o
 .data          0x00000000000003d0        0x0 ../hangman_bsp/\libhal_bsp.a(alt_load.o)
 .data          0x00000000000003d0        0x0 ../hangman_bsp/\libhal_bsp.a(alt_main.o)
 .data          0x00000000000003d0        0x0 ../hangman_bsp/\libhal_bsp.a(alt_printf.o)
 .data          0x00000000000003d0        0x0 ../hangman_bsp/\libhal_bsp.a(alt_putchar.o)
 .data          0x00000000000003d0        0x0 ../hangman_bsp/\libhal_bsp.a(alt_sys_init.o)
 .data          0x00000000000003d0        0x0 ../hangman_bsp/\libhal_bsp.a(altera_avalon_jtag_uart_write.o)
 .data          0x00000000000003d0        0x0 ../hangman_bsp/\libhal_bsp.a(alt_dcache_flush_all.o)
 .data          0x00000000000003d0        0x0 ../hangman_bsp/\libhal_bsp.a(alt_icache_flush_all.o)
 .data          0x00000000000003d0        0x0 ../hangman_bsp/\libhal_bsp.a(altera_nios2_qsys_irq.o)
                0x00000000000083d0                _gp = ABSOLUTE ((. + 0x8000))
                [!provide]                        PROVIDE (gp, _gp)
 *(.rwdata .rwdata.*)
 *(.sdata .sdata.* .gnu.linkonce.s.*)
 .sdata         0x00000000000003d0        0x4 ../hangman_bsp/\libhal_bsp.a(alt_sys_init.o)
                0x00000000000003d0                jtag_uart
 *(.sdata2 .sdata2.* .gnu.linkonce.s2.*)
                0x00000000000003d4                . = ALIGN (0x4)
                0x00000000000003d4                _edata = ABSOLUTE (.)
                [!provide]                        PROVIDE (edata, ABSOLUTE (.))
                0x00000000000003d4                PROVIDE (__ram_rwdata_end, ABSOLUTE (.))
                0x00000000000003d4                PROVIDE (__flash_rwdata_start, LOADADDR (.rwdata))

.bss            0x00000000000003d8        0xc
                0x00000000000003d8                __bss_start = ABSOLUTE (.)
                [!provide]                        PROVIDE (__sbss_start, ABSOLUTE (.))
                [!provide]                        PROVIDE (___sbss_start, ABSOLUTE (.))
 *(.dynsbss)
 *(.sbss .sbss.* .gnu.linkonce.sb.*)
 .sbss          0x00000000000003d8        0xc ../hangman_bsp/\libhal_bsp.a(alt_main.o)
                0x00000000000003d8                alt_envp
                0x00000000000003dc                alt_argv
                0x00000000000003e0                alt_argc
 *(.sbss2 .sbss2.* .gnu.linkonce.sb2.*)
 *(.scommon)
                [!provide]                        PROVIDE (__sbss_end, ABSOLUTE (.))
                [!provide]                        PROVIDE (___sbss_end, ABSOLUTE (.))
 *(.dynbss)
 *(.bss .bss.* .gnu.linkonce.b.*)
 .bss           0x00000000000003e4        0x0 ../hangman_bsp//obj/HAL/src/crt0.o
 .bss           0x00000000000003e4        0x0 obj/default/hello_world_small.o
 .bss           0x00000000000003e4        0x0 ../hangman_bsp/\libhal_bsp.a(alt_load.o)
 .bss           0x00000000000003e4        0x0 ../hangman_bsp/\libhal_bsp.a(alt_main.o)
 .bss           0x00000000000003e4        0x0 ../hangman_bsp/\libhal_bsp.a(alt_printf.o)
 .bss           0x00000000000003e4        0x0 ../hangman_bsp/\libhal_bsp.a(alt_putchar.o)
 .bss           0x00000000000003e4        0x0 ../hangman_bsp/\libhal_bsp.a(alt_sys_init.o)
 .bss           0x00000000000003e4        0x0 ../hangman_bsp/\libhal_bsp.a(altera_avalon_jtag_uart_write.o)
 .bss           0x00000000000003e4        0x0 ../hangman_bsp/\libhal_bsp.a(alt_dcache_flush_all.o)
 .bss           0x00000000000003e4        0x0 ../hangman_bsp/\libhal_bsp.a(alt_icache_flush_all.o)
 .bss           0x00000000000003e4        0x0 ../hangman_bsp/\libhal_bsp.a(altera_nios2_qsys_irq.o)
 *(COMMON)
                0x00000000000003e4                . = ALIGN (0x4)
                0x00000000000003e4                __bss_end = ABSOLUTE (.)

.onchip_memory  0x00000000000003e4        0x0
                [!provide]                        PROVIDE (_alt_partition_onchip_memory_start, ABSOLUTE (.))
 *(.onchip_memory .onchip_memory. onchip_memory.*)
                0x00000000000003e4                . = ALIGN (0x4)
                [!provide]                        PROVIDE (_alt_partition_onchip_memory_end, ABSOLUTE (.))
                0x00000000000003e4                _end = ABSOLUTE (.)
                0x00000000000003e4                end = ABSOLUTE (.)
                0x00000000000003e4                __alt_stack_base = ABSOLUTE (.)
                [!provide]                        PROVIDE (_alt_partition_onchip_memory_load_addr, LOADADDR (.onchip_memory))

.stab
 *(.stab)

.stabstr
 *(.stabstr)

.stab.excl
 *(.stab.excl)

.stab.exclstr
 *(.stab.exclstr)

.stab.index
 *(.stab.index)

.stab.indexstr
 *(.stab.indexstr)

.comment        0x0000000000000000       0x23
 *(.comment)
 .comment       0x0000000000000000       0x23 obj/default/hello_world_small.o
                                         0x24 (size before relaxing)
 .comment       0x0000000000000023       0x24 ../hangman_bsp/\libhal_bsp.a(alt_load.o)
 .comment       0x0000000000000023       0x24 ../hangman_bsp/\libhal_bsp.a(alt_main.o)
 .comment       0x0000000000000023       0x24 ../hangman_bsp/\libhal_bsp.a(alt_printf.o)
 .comment       0x0000000000000023       0x24 ../hangman_bsp/\libhal_bsp.a(alt_putchar.o)
 .comment       0x0000000000000023       0x24 ../hangman_bsp/\libhal_bsp.a(alt_sys_init.o)
 .comment       0x0000000000000023       0x24 ../hangman_bsp/\libhal_bsp.a(altera_avalon_jtag_uart_write.o)
 .comment       0x0000000000000023       0x24 ../hangman_bsp/\libhal_bsp.a(alt_dcache_flush_all.o)
 .comment       0x0000000000000023       0x24 ../hangman_bsp/\libhal_bsp.a(alt_icache_flush_all.o)
 .comment       0x0000000000000023       0x24 ../hangman_bsp/\libhal_bsp.a(altera_nios2_qsys_irq.o)

.debug
 *(.debug)

.line
 *(.line)

.debug_srcinfo
 *(.debug_srcinfo)

.debug_sfnames
 *(.debug_sfnames)

.debug_aranges  0x0000000000000000      0x168
 *(.debug_aranges)
 .debug_aranges
                0x0000000000000000       0x28 ../hangman_bsp//obj/HAL/src/crt0.o
 .debug_aranges
                0x0000000000000028       0x20 obj/default/hello_world_small.o
 .debug_aranges
                0x0000000000000048       0x20 ../hangman_bsp/\libhal_bsp.a(alt_load.o)
 .debug_aranges
                0x0000000000000068       0x20 ../hangman_bsp/\libhal_bsp.a(alt_main.o)
 .debug_aranges
                0x0000000000000088       0x20 ../hangman_bsp/\libhal_bsp.a(alt_printf.o)
 .debug_aranges
                0x00000000000000a8       0x20 ../hangman_bsp/\libhal_bsp.a(alt_putchar.o)
 .debug_aranges
                0x00000000000000c8       0x20 ../hangman_bsp/\libhal_bsp.a(alt_sys_init.o)
 .debug_aranges
                0x00000000000000e8       0x20 ../hangman_bsp/\libhal_bsp.a(altera_avalon_jtag_uart_write.o)
 .debug_aranges
                0x0000000000000108       0x20 ../hangman_bsp/\libhal_bsp.a(alt_dcache_flush_all.o)
 .debug_aranges
                0x0000000000000128       0x20 ../hangman_bsp/\libhal_bsp.a(alt_icache_flush_all.o)
 .debug_aranges
                0x0000000000000148       0x20 ../hangman_bsp/\libhal_bsp.a(altera_nios2_qsys_irq.o)

.debug_pubnames
 *(.debug_pubnames)

.debug_info     0x0000000000000000      0xb52
 *(.debug_info .gnu.linkonce.wi.*)
 .debug_info    0x0000000000000000       0x72 ../hangman_bsp//obj/HAL/src/crt0.o
 .debug_info    0x0000000000000072       0x65 obj/default/hello_world_small.o
 .debug_info    0x00000000000000d7      0x1c9 ../hangman_bsp/\libhal_bsp.a(alt_load.o)
 .debug_info    0x00000000000002a0      0x169 ../hangman_bsp/\libhal_bsp.a(alt_main.o)
 .debug_info    0x0000000000000409      0x14d ../hangman_bsp/\libhal_bsp.a(alt_printf.o)
 .debug_info    0x0000000000000556      0x12a ../hangman_bsp/\libhal_bsp.a(alt_putchar.o)
 .debug_info    0x0000000000000680      0x185 ../hangman_bsp/\libhal_bsp.a(alt_sys_init.o)
 .debug_info    0x0000000000000805      0x197 ../hangman_bsp/\libhal_bsp.a(altera_avalon_jtag_uart_write.o)
 .debug_info    0x000000000000099c       0x92 ../hangman_bsp/\libhal_bsp.a(alt_dcache_flush_all.o)
 .debug_info    0x0000000000000a2e       0x92 ../hangman_bsp/\libhal_bsp.a(alt_icache_flush_all.o)
 .debug_info    0x0000000000000ac0       0x92 ../hangman_bsp/\libhal_bsp.a(altera_nios2_qsys_irq.o)

.debug_abbrev   0x0000000000000000      0x682
 *(.debug_abbrev)
 .debug_abbrev  0x0000000000000000       0x12 ../hangman_bsp//obj/HAL/src/crt0.o
 .debug_abbrev  0x0000000000000012       0x61 obj/default/hello_world_small.o
 .debug_abbrev  0x0000000000000073       0xd8 ../hangman_bsp/\libhal_bsp.a(alt_load.o)
 .debug_abbrev  0x000000000000014b       0xee ../hangman_bsp/\libhal_bsp.a(alt_main.o)
 .debug_abbrev  0x0000000000000239       0xd5 ../hangman_bsp/\libhal_bsp.a(alt_printf.o)
 .debug_abbrev  0x000000000000030e       0xd2 ../hangman_bsp/\libhal_bsp.a(alt_putchar.o)
 .debug_abbrev  0x00000000000003e0      0x107 ../hangman_bsp/\libhal_bsp.a(alt_sys_init.o)
 .debug_abbrev  0x00000000000004e7       0xd5 ../hangman_bsp/\libhal_bsp.a(altera_avalon_jtag_uart_write.o)
 .debug_abbrev  0x00000000000005bc       0x42 ../hangman_bsp/\libhal_bsp.a(alt_dcache_flush_all.o)
 .debug_abbrev  0x00000000000005fe       0x42 ../hangman_bsp/\libhal_bsp.a(alt_icache_flush_all.o)
 .debug_abbrev  0x0000000000000640       0x42 ../hangman_bsp/\libhal_bsp.a(altera_nios2_qsys_irq.o)

.debug_line     0x0000000000000000      0x67b
 *(.debug_line)
 .debug_line    0x0000000000000000       0x66 ../hangman_bsp//obj/HAL/src/crt0.o
 .debug_line    0x0000000000000066       0x77 obj/default/hello_world_small.o
 .debug_line    0x00000000000000dd       0xa5 ../hangman_bsp/\libhal_bsp.a(alt_load.o)
 .debug_line    0x0000000000000182       0xbd ../hangman_bsp/\libhal_bsp.a(alt_main.o)
 .debug_line    0x000000000000023f      0x10a ../hangman_bsp/\libhal_bsp.a(alt_printf.o)
 .debug_line    0x0000000000000349       0x55 ../hangman_bsp/\libhal_bsp.a(alt_putchar.o)
 .debug_line    0x000000000000039e      0x101 ../hangman_bsp/\libhal_bsp.a(alt_sys_init.o)
 .debug_line    0x000000000000049f       0xf0 ../hangman_bsp/\libhal_bsp.a(altera_avalon_jtag_uart_write.o)
 .debug_line    0x000000000000058f       0x4e ../hangman_bsp/\libhal_bsp.a(alt_dcache_flush_all.o)
 .debug_line    0x00000000000005dd       0x4e ../hangman_bsp/\libhal_bsp.a(alt_icache_flush_all.o)
 .debug_line    0x000000000000062b       0x50 ../hangman_bsp/\libhal_bsp.a(altera_nios2_qsys_irq.o)

.debug_frame    0x0000000000000000      0x1c8
 *(.debug_frame)
 .debug_frame   0x0000000000000000       0x2c obj/default/hello_world_small.o
 .debug_frame   0x000000000000002c       0x30 ../hangman_bsp/\libhal_bsp.a(alt_load.o)
 .debug_frame   0x000000000000005c       0x2c ../hangman_bsp/\libhal_bsp.a(alt_main.o)
 .debug_frame   0x0000000000000088       0x54 ../hangman_bsp/\libhal_bsp.a(alt_printf.o)
 .debug_frame   0x00000000000000dc       0x30 ../hangman_bsp/\libhal_bsp.a(alt_putchar.o)
 .debug_frame   0x000000000000010c       0x3c ../hangman_bsp/\libhal_bsp.a(alt_sys_init.o)
 .debug_frame   0x0000000000000148       0x20 ../hangman_bsp/\libhal_bsp.a(altera_avalon_jtag_uart_write.o)
 .debug_frame   0x0000000000000168       0x20 ../hangman_bsp/\libhal_bsp.a(alt_dcache_flush_all.o)
 .debug_frame   0x0000000000000188       0x20 ../hangman_bsp/\libhal_bsp.a(alt_icache_flush_all.o)
 .debug_frame   0x00000000000001a8       0x20 ../hangman_bsp/\libhal_bsp.a(altera_nios2_qsys_irq.o)

.debug_str      0x0000000000000000      0x502
 *(.debug_str)
 .debug_str     0x0000000000000000       0x93 obj/default/hello_world_small.o
                                         0x98 (size before relaxing)
 .debug_str     0x0000000000000093      0x206 ../hangman_bsp/\libhal_bsp.a(alt_load.o)
                                        0x23f (size before relaxing)
 .debug_str     0x0000000000000299       0x8f ../hangman_bsp/\libhal_bsp.a(alt_main.o)
                                        0x1b8 (size before relaxing)
 .debug_str     0x0000000000000328       0x59 ../hangman_bsp/\libhal_bsp.a(alt_printf.o)
                                        0x109 (size before relaxing)
 .debug_str     0x0000000000000381       0x5e ../hangman_bsp/\libhal_bsp.a(alt_putchar.o)
                                        0x18e (size before relaxing)
 .debug_str     0x00000000000003df       0x86 ../hangman_bsp/\libhal_bsp.a(alt_sys_init.o)
                                        0x227 (size before relaxing)
 .debug_str     0x0000000000000465       0x3f ../hangman_bsp/\libhal_bsp.a(altera_avalon_jtag_uart_write.o)
                                        0x218 (size before relaxing)
 .debug_str     0x00000000000004a4       0x1f ../hangman_bsp/\libhal_bsp.a(alt_dcache_flush_all.o)
                                        0x158 (size before relaxing)
 .debug_str     0x00000000000004c3       0x1f ../hangman_bsp/\libhal_bsp.a(alt_icache_flush_all.o)
                                        0x158 (size before relaxing)
 .debug_str     0x00000000000004e2       0x20 ../hangman_bsp/\libhal_bsp.a(altera_nios2_qsys_irq.o)
                                        0x15f (size before relaxing)

.debug_loc      0x0000000000000000      0x2b6
 *(.debug_loc)
 .debug_loc     0x0000000000000000      0x1de ../hangman_bsp/\libhal_bsp.a(alt_printf.o)
 .debug_loc     0x00000000000001de       0x2c ../hangman_bsp/\libhal_bsp.a(alt_putchar.o)
 .debug_loc     0x000000000000020a       0x21 ../hangman_bsp/\libhal_bsp.a(alt_sys_init.o)
 .debug_loc     0x000000000000022b       0x8b ../hangman_bsp/\libhal_bsp.a(altera_avalon_jtag_uart_write.o)

.debug_macinfo
 *(.debug_macinfo)

.debug_weaknames
 *(.debug_weaknames)

.debug_funcnames
 *(.debug_funcnames)

.debug_typenames
 *(.debug_typenames)

.debug_varnames
 *(.debug_varnames)

.debug_alt_sim_info
                0x0000000000000000       0x10
 *(.debug_alt_sim_info)
 .debug_alt_sim_info
                0x0000000000000000       0x10 ../hangman_bsp//obj/HAL/src/crt0.o
                0x0000000000008000                __alt_data_end = 0x8000
                0x0000000000008000                PROVIDE (__alt_stack_pointer, __alt_data_end)
                [!provide]                        PROVIDE (__alt_stack_limit, __alt_stack_base)
                [!provide]                        PROVIDE (__alt_heap_start, end)
                [!provide]                        PROVIDE (__alt_heap_limit, 0x8000)
OUTPUT(hangman.elf elf32-littlenios2)

.debug_ranges   0x0000000000000000       0x90
 .debug_ranges  0x0000000000000000       0x20 ../hangman_bsp//obj/HAL/src/crt0.o
 .debug_ranges  0x0000000000000020       0x10 obj/default/hello_world_small.o
 .debug_ranges  0x0000000000000030       0x48 ../hangman_bsp/\libhal_bsp.a(alt_load.o)
 .debug_ranges  0x0000000000000078       0x18 ../hangman_bsp/\libhal_bsp.a(alt_printf.o)
